Archive member included to satisfy reference by file (symbol)

c:/users/giova/picosd~1.0/gcc-ar~1/bin/../lib/gcc/arm-none-eabi/10.3.1/thumb/v6-m/nofp\libgcc.a(_dvmd_tls.o)
                              CMakeFiles/mma8451_i2c.dir/C_/Users/giova/Pico_SDK_v1.5.0/pico-sdk/src/rp2_common/pico_divider/divider.S.obj (__aeabi_idiv0)
c:/users/giova/picosd~1.0/gcc-ar~1/bin/../lib/gcc/arm-none-eabi/10.3.1/../../../../arm-none-eabi/lib/thumb/v6-m/nofp\libg.a(lib_a-calloc.o)
                              CMakeFiles/mma8451_i2c.dir/C_/Users/giova/Pico_SDK_v1.5.0/pico-sdk/src/rp2_common/pico_malloc/pico_malloc.c.obj (calloc)
c:/users/giova/picosd~1.0/gcc-ar~1/bin/../lib/gcc/arm-none-eabi/10.3.1/../../../../arm-none-eabi/lib/thumb/v6-m/nofp\libg.a(lib_a-callocr.o)
                              c:/users/giova/picosd~1.0/gcc-ar~1/bin/../lib/gcc/arm-none-eabi/10.3.1/../../../../arm-none-eabi/lib/thumb/v6-m/nofp\libg.a(lib_a-calloc.o) (_calloc_r)
c:/users/giova/picosd~1.0/gcc-ar~1/bin/../lib/gcc/arm-none-eabi/10.3.1/../../../../arm-none-eabi/lib/thumb/v6-m/nofp\libg.a(lib_a-errno.o)
                              c:/users/giova/picosd~1.0/gcc-ar~1/bin/../lib/gcc/arm-none-eabi/10.3.1/../../../../arm-none-eabi/lib/thumb/v6-m/nofp\libg.a(lib_a-callocr.o) (__errno)
c:/users/giova/picosd~1.0/gcc-ar~1/bin/../lib/gcc/arm-none-eabi/10.3.1/../../../../arm-none-eabi/lib/thumb/v6-m/nofp\libg.a(lib_a-impure.o)
                              c:/users/giova/picosd~1.0/gcc-ar~1/bin/../lib/gcc/arm-none-eabi/10.3.1/../../../../arm-none-eabi/lib/thumb/v6-m/nofp\libg.a(lib_a-calloc.o) (_impure_ptr)
c:/users/giova/picosd~1.0/gcc-ar~1/bin/../lib/gcc/arm-none-eabi/10.3.1/../../../../arm-none-eabi/lib/thumb/v6-m/nofp\libg.a(lib_a-init.o)
                              c:/users/giova/picosd~1.0/gcc-ar~1/bin/../lib/gcc/arm-none-eabi/10.3.1/../../../../arm-none-eabi/lib/thumb/v6-m/nofp/crt0.o (__libc_init_array)
c:/users/giova/picosd~1.0/gcc-ar~1/bin/../lib/gcc/arm-none-eabi/10.3.1/../../../../arm-none-eabi/lib/thumb/v6-m/nofp\libg.a(lib_a-malloc.o)
                              CMakeFiles/mma8451_i2c.dir/C_/Users/giova/Pico_SDK_v1.5.0/pico-sdk/src/rp2_common/pico_malloc/pico_malloc.c.obj (malloc)
c:/users/giova/picosd~1.0/gcc-ar~1/bin/../lib/gcc/arm-none-eabi/10.3.1/../../../../arm-none-eabi/lib/thumb/v6-m/nofp\libg.a(lib_a-mallocr.o)
                              c:/users/giova/picosd~1.0/gcc-ar~1/bin/../lib/gcc/arm-none-eabi/10.3.1/../../../../arm-none-eabi/lib/thumb/v6-m/nofp\libg.a(lib_a-callocr.o) (_malloc_r)
c:/users/giova/picosd~1.0/gcc-ar~1/bin/../lib/gcc/arm-none-eabi/10.3.1/../../../../arm-none-eabi/lib/thumb/v6-m/nofp\libg.a(lib_a-mlock.o)
                              c:/users/giova/picosd~1.0/gcc-ar~1/bin/../lib/gcc/arm-none-eabi/10.3.1/../../../../arm-none-eabi/lib/thumb/v6-m/nofp\libg.a(lib_a-mallocr.o) (__malloc_lock)
c:/users/giova/picosd~1.0/gcc-ar~1/bin/../lib/gcc/arm-none-eabi/10.3.1/../../../../arm-none-eabi/lib/thumb/v6-m/nofp\libg.a(lib_a-realloc.o)
                              CMakeFiles/mma8451_i2c.dir/C_/Users/giova/Pico_SDK_v1.5.0/pico-sdk/src/rp2_common/pico_malloc/pico_malloc.c.obj (realloc)
c:/users/giova/picosd~1.0/gcc-ar~1/bin/../lib/gcc/arm-none-eabi/10.3.1/../../../../arm-none-eabi/lib/thumb/v6-m/nofp\libg.a(lib_a-reallocr.o)
                              c:/users/giova/picosd~1.0/gcc-ar~1/bin/../lib/gcc/arm-none-eabi/10.3.1/../../../../arm-none-eabi/lib/thumb/v6-m/nofp\libg.a(lib_a-realloc.o) (_realloc_r)
c:/users/giova/picosd~1.0/gcc-ar~1/bin/../lib/gcc/arm-none-eabi/10.3.1/../../../../arm-none-eabi/lib/thumb/v6-m/nofp\libg.a(lib_a-sbrkr.o)
                              c:/users/giova/picosd~1.0/gcc-ar~1/bin/../lib/gcc/arm-none-eabi/10.3.1/../../../../arm-none-eabi/lib/thumb/v6-m/nofp\libg.a(lib_a-mallocr.o) (_sbrk_r)
c:/users/giova/picosd~1.0/gcc-ar~1/bin/../lib/gcc/arm-none-eabi/10.3.1/../../../../arm-none-eabi/lib/thumb/v6-m/nofp\libg.a(lib_a-strlen-stub.o)
                              CMakeFiles/mma8451_i2c.dir/C_/Users/giova/Pico_SDK_v1.5.0/pico-sdk/src/rp2_common/pico_stdio/stdio.c.obj (strlen)
c:/users/giova/picosd~1.0/gcc-ar~1/bin/../lib/gcc/arm-none-eabi/10.3.1/../../../../arm-none-eabi/lib/thumb/v6-m/nofp\libg.a(lib_a-freer.o)
                              c:/users/giova/picosd~1.0/gcc-ar~1/bin/../lib/gcc/arm-none-eabi/10.3.1/../../../../arm-none-eabi/lib/thumb/v6-m/nofp\libg.a(lib_a-malloc.o) (_free_r)
c:/users/giova/picosd~1.0/gcc-ar~1/bin/../lib/gcc/arm-none-eabi/10.3.1/../../../../arm-none-eabi/lib/thumb/v6-m/nofp\libg.a(lib_a-lock.o)
                              c:/users/giova/picosd~1.0/gcc-ar~1/bin/../lib/gcc/arm-none-eabi/10.3.1/../../../../arm-none-eabi/lib/thumb/v6-m/nofp\libg.a(lib_a-mlock.o) (__retarget_lock_acquire_recursive)
c:/users/giova/picosd~1.0/gcc-ar~1/bin/../lib/gcc/arm-none-eabi/10.3.1/../../../../arm-none-eabi/lib/thumb/v6-m/nofp\libg.a(lib_a-memmove.o)
[...]
Memory Configuration

Name             Origin             Length             Attributes
FLASH            0x10000000         0x00200000         xr
RAM              0x20000000         0x00040000         xrw
SCRATCH_X        0x20040000         0x00001000         xrw
SCRATCH_Y        0x20041000         0x00001000         xrw
*default*        0x00000000         0xffffffff

Linker script and memory map

LOAD c:/users/giova/picosd~1.0/gcc-ar~1/bin/../lib/gcc/arm-none-eabi/10.3.1/thumb/v6-m/nofp/crti.o
LOAD c:/users/giova/picosd~1.0/gcc-ar~1/bin/../lib/gcc/arm-none-eabi/10.3.1/thumb/v6-m/nofp/crtbegin.o
LOAD c:/users/giova/picosd~1.0/gcc-ar~1/bin/../lib/gcc/arm-none-eabi/10.3.1/../../../../arm-none-eabi/lib/thumb/v6-m/nofp/crt0.o

.flash_begin    0x10000000        0x0
                0x10000000                __flash_binary_start = .

.boot2          0x10000000      0x100
                0x10000000                __boot2_start__ = .
 *(.boot2)
 .boot2         0x10000000      0x100 C:\Users\giova\AppData\Local\Temp\ccWY08TP.o
                0x10000100                __boot2_end__ = .
                0x00000001                ASSERT (((__boot2_end__ - __boot2_start__) == 0x100), ERROR: Pico second stage bootloader must be 256 bytes in size)

.text           0x10000100     0x7298
                0x10000100                __logical_binary_start = .
 *(.vectors)
 .vectors       0x10000100       0xd4 CMakeFiles/mma8451_i2c.dir/C_/Users/giova/Pico_SDK_v1.5.0/pico-sdk/src/rp2_common/pico_standard_link/crt0.S.obj
                0x10000100                __VECTOR_TABLE
                0x10000100                __vectors
                0x100001c0                isr_invalid
                0x100001c0                __default_isrs_start
                0x100001c2                isr_nmi
                0x100001c4                isr_hardfault
                0x100001c6                isr_svcall
                0x100001c8                isr_pendsv
                0x100001ca                isr_systick
                0x100001cc                isr_irq23
                0x100001cc                isr_irq18
                0x100001cc                isr_irq11
                0x100001cc                isr_irq28
                0x100001cc                isr_irq19
                0x100001cc                isr_irq0
                0x100001cc                isr_irq6
                0x100001cc                isr_irq5
                0x100001cc                isr_irq12
                0x100001cc                isr_irq22
                0x100001cc                isr_irq31
                0x100001cc                isr_irq17
                0x100001cc                isr_irq27
                0x100001cc                isr_irq30
                0x100001cc                isr_irq2
                0x100001cc                isr_irq10
                0x100001cc                isr_irq8
                0x100001cc                isr_irq24
                0x100001cc                isr_irq1
                0x100001cc                isr_irq7
                0x100001cc                isr_irq21
                0x100001cc                isr_irq20
                0x100001cc                isr_irq15
                0x100001cc                isr_irq25
                0x100001cc                isr_irq13
                0x100001cc                __unhandled_user_irq
                0x100001cc                isr_irq4
                0x100001cc                isr_irq16
                0x100001cc                isr_irq29
                0x100001cc                isr_irq26
                0x100001cc                __default_isrs_end
                0x100001cc                isr_irq3
                0x100001cc                isr_irq14
                0x100001cc                isr_irq9
                0x100001d2                unhandled_user_irq_num_in_r0
 *(.binary_info_header)
 .binary_info_header
                0x100001d4       0x14 CMakeFiles/mma8451_i2c.dir/C_/Users/giova/Pico_SDK_v1.5.0/pico-sdk/src/rp2_common/pico_standard_link/crt0.S.obj
                0x100001e8                __binary_info_header_end = .
 *(.reset)
 .reset         0x100001e8       0xa0 CMakeFiles/mma8451_i2c.dir/C_/Users/giova/Pico_SDK_v1.5.0/pico-sdk/src/rp2_common/pico_standard_link/crt0.S.obj
                0x100001e8                _entry_point
 .reset         0x10000288       0x30 CMakeFiles/mma8451_i2c.dir/C_/Users/giova/Pico_SDK_v1.5.0/pico-sdk/src/rp2_common/pico_standard_link/binary_info.c.obj
 *(.init)
 .init          0x100002b8        0x4 c:/users/giova/picosd~1.0/gcc-ar~1/bin/../lib/gcc/arm-none-eabi/10.3.1/thumb/v6-m/nofp/crti.o
                0x100002b8                _init
 *(EXCLUDE_FILE(*libm.a: *libc.a:*lib_a-mem*.o *libgcc.a:) .text*)
 .text          0x100002bc       0x48 c:/users/giova/picosd~1.0/gcc-ar~1/bin/../lib/gcc/arm-none-eabi/10.3.1/thumb/v6-m/nofp/crtbegin.o
 .text.mma8451_convert_accel
                0x10000304       0x38 CMakeFiles/mma8451_i2c.dir/mma8451_i2c.c.obj
                0x10000304                mma8451_convert_accel
 .text.mma8451_set_state
                0x1000033c       0x28 CMakeFiles/mma8451_i2c.dir/mma8451_i2c.c.obj
                0x1000033c                mma8451_set_state
 .text.main     0x10000364      0x154 CMakeFiles/mma8451_i2c.dir/mma8451_i2c.c.obj
                0x10000364                main
 .text.gpio_set_function
                0x100004b8       0x30 CMakeFiles/mma8451_i2c.dir/C_/Users/giova/Pico_SDK_v1.5.0/pico-sdk/src/rp2_common/hardware_gpio/gpio.c.obj
                0x100004b8                gpio_set_function
 .text.running_on_fpga
                0x100004e8       0x14 CMakeFiles/mma8451_i2c.dir/C_/Users/giova/Pico_SDK_v1.5.0/pico-sdk/src/rp2_common/pico_platform/platform.c.obj
                0x100004e8                running_on_fpga
 .text.hw_claim_lock
                0x100004fc       0x18 CMakeFiles/mma8451_i2c.dir/C_/Users/giova/Pico_SDK_v1.5.0/pico-sdk/src/rp2_common/hardware_claim/claim.c.obj
                0x100004fc                hw_claim_lock
 .text.hw_claim_unlock
                0x10000514       0x14 CMakeFiles/mma8451_i2c.dir/C_/Users/giova/Pico_SDK_v1.5.0/pico-sdk/src/rp2_common/hardware_claim/claim.c.obj
                0x10000514                hw_claim_unlock
 .text.hw_claim_or_assert
                0x10000528       0x32 CMakeFiles/mma8451_i2c.dir/C_/Users/giova/Pico_SDK_v1.5.0/pico-sdk/src/rp2_common/hardware_claim/claim.c.obj
                0x10000528                hw_claim_or_assert
 .text.hw_claim_unused_from_range
                0x1000055a       0x50 CMakeFiles/mma8451_i2c.dir/C_/Users/giova/Pico_SDK_v1.5.0/pico-sdk/src/rp2_common/hardware_claim/claim.c.obj
                0x1000055a                hw_claim_unused_from_range
 *fill*         0x100005aa        0x2 
 .text.spin_locks_reset
                0x100005ac       0x20 CMakeFiles/mma8451_i2c.dir/C_/Users/giova/Pico_SDK_v1.5.0/pico-sdk/src/rp2_common/hardware_sync/sync.c.obj
                0x100005ac                spin_locks_reset
 .text.next_striped_spin_lock_num
                0x100005cc       0x1c CMakeFiles/mma8451_i2c.dir/C_/Users/giova/Pico_SDK_v1.5.0/pico-sdk/src/rp2_common/hardware_sync/sync.c.obj
                0x100005cc                next_striped_spin_lock_num
 .text.spin_lock_claim_unused
                0x100005e8       0x20 CMakeFiles/mma8451_i2c.dir/C_/Users/giova/Pico_SDK_v1.5.0/pico-sdk/src/rp2_common/hardware_sync/sync.c.obj
                0x100005e8                spin_lock_claim_unused
 .text.set_raw_irq_handler_and_unlock
                0x10000608       0x28 CMakeFiles/mma8451_i2c.dir/C_/Users/giova/Pico_SDK_v1.5.0/pico-sdk/src/rp2_common/hardware_irq/irq.c.obj
 .text.make_branch
                0x10000630       0x48 CMakeFiles/mma8451_i2c.dir/C_/Users/giova/Pico_SDK_v1.5.0/pico-sdk/src/rp2_common/hardware_irq/irq.c.obj
 .text.insert_branch_and_link
                0x10000678       0x40 CMakeFiles/mma8451_i2c.dir/C_/Users/giova/Pico_SDK_v1.5.0/pico-sdk/src/rp2_common/hardware_irq/irq.c.obj
 .text.irq_is_enabled
                0x100006b8       0x18 CMakeFiles/mma8451_i2c.dir/C_/Users/giova/Pico_SDK_v1.5.0/pico-sdk/src/rp2_common/hardware_irq/irq.c.obj
                0x100006b8                irq_is_enabled
 .text.irq_set_mask_enabled
                0x100006d0       0x20 CMakeFiles/mma8451_i2c.dir/C_/Users/giova/Pico_SDK_v1.5.0/pico-sdk/src/rp2_common/hardware_irq/irq.c.obj
                0x100006d0                irq_set_mask_enabled
 .text.irq_set_enabled
                0x100006f0        0xe CMakeFiles/mma8451_i2c.dir/C_/Users/giova/Pico_SDK_v1.5.0/pico-sdk/src/rp2_common/hardware_irq/irq.c.obj
                0x100006f0                irq_set_enabled
 *fill*         0x100006fe        0x2 
 .text.irq_set_pending
                0x10000700       0x10 CMakeFiles/mma8451_i2c.dir/C_/Users/giova/Pico_SDK_v1.5.0/pico-sdk/src/rp2_common/hardware_irq/irq.c.obj
                0x10000700                irq_set_pending
 .text.irq_get_vtable_handler
                0x10000710       0x10 CMakeFiles/mma8451_i2c.dir/C_/Users/giova/Pico_SDK_v1.5.0/pico-sdk/src/rp2_common/hardware_irq/irq.c.obj
                0x10000710                irq_get_vtable_handler
 .text.irq_has_shared_handler
                0x10000720       0x24 CMakeFiles/mma8451_i2c.dir/C_/Users/giova/Pico_SDK_v1.5.0/pico-sdk/src/rp2_common/hardware_irq/irq.c.obj
                0x10000720                irq_has_shared_handler
 .text.irq_set_exclusive_handler
                0x10000744       0x54 CMakeFiles/mma8451_i2c.dir/C_/Users/giova/Pico_SDK_v1.5.0/pico-sdk/src/rp2_common/hardware_irq/irq.c.obj
                0x10000744                irq_set_exclusive_handler
 .text.irq_add_shared_handler
                0x10000798      0x234 CMakeFiles/mma8451_i2c.dir/C_/Users/giova/Pico_SDK_v1.5.0/pico-sdk/src/rp2_common/hardware_irq/irq.c.obj
                0x10000798                irq_add_shared_handler
 .text.irq_remove_handler
                0x100009cc      0x1ac CMakeFiles/mma8451_i2c.dir/C_/Users/giova/Pico_SDK_v1.5.0/pico-sdk/src/rp2_common/hardware_irq/irq.c.obj
                0x100009cc                irq_remove_handler
 .text.irq_add_tail_to_free_list
                0x10000b78       0xf0 CMakeFiles/mma8451_i2c.dir/C_/Users/giova/Pico_SDK_v1.5.0/pico-sdk/src/rp2_common/hardware_irq/irq.c.obj
                0x10000b78                irq_add_tail_to_free_list
 .text.irq_init_priorities
                0x10000c68       0x1c CMakeFiles/mma8451_i2c.dir/C_/Users/giova/Pico_SDK_v1.5.0/pico-sdk/src/rp2_common/hardware_irq/irq.c.obj
                0x10000c68                irq_init_priorities
 .text.user_irq_claim_unused
                0x10000c84       0x28 CMakeFiles/mma8451_i2c.dir/C_/Users/giova/Pico_SDK_v1.5.0/pico-sdk/src/rp2_common/hardware_irq/irq.c.obj
                0x10000c84                user_irq_claim_unused
 .text.lock_init
                0x10000cac       0x10 CMakeFiles/mma8451_i2c.dir/C_/Users/giova/Pico_SDK_v1.5.0/pico-sdk/src/common/pico_sync/lock_core.c.obj
                0x10000cac                lock_init
 .text.mutex_init
                0x10000cbc       0x1a CMakeFiles/mma8451_i2c.dir/C_/Users/giova/Pico_SDK_v1.5.0/pico-sdk/src/common/pico_sync/mutex.c.obj
                0x10000cbc                mutex_init
 .text.recursive_mutex_init
                0x10000cd6       0x1e CMakeFiles/mma8451_i2c.dir/C_/Users/giova/Pico_SDK_v1.5.0/pico-sdk/src/common/pico_sync/mutex.c.obj
                0x10000cd6                recursive_mutex_init
 .text.critical_section_init_with_lock_num
                0x10000cf4       0x14 CMakeFiles/mma8451_i2c.dir/C_/Users/giova/Pico_SDK_v1.5.0/pico-sdk/src/common/pico_sync/critical_section.c.obj
                0x10000cf4                critical_section_init_with_lock_num
 .text.critical_section_init
                0x10000d08       0x14 CMakeFiles/mma8451_i2c.dir/C_/Users/giova/Pico_SDK_v1.5.0/pico-sdk/src/common/pico_sync/critical_section.c.obj
                0x10000d08                critical_section_init
 .text.alarm_pool_post_alloc_init
                0x10000d1c       0x40 CMakeFiles/mma8451_i2c.dir/C_/Users/giova/Pico_SDK_v1.5.0/pico-sdk/src/common/pico_time/time.c.obj
 .text.sleep_until_callback
                0x10000d5c       0x30 CMakeFiles/mma8451_i2c.dir/C_/Users/giova/Pico_SDK_v1.5.0/pico-sdk/src/common/pico_time/time.c.obj
 .text.timer_pool_entry_comparator
                0x10000d8c       0x7c CMakeFiles/mma8451_i2c.dir/C_/Users/giova/Pico_SDK_v1.5.0/pico-sdk/src/common/pico_time/time.c.obj
                0x10000d8c                timer_pool_entry_comparator
 .text.ph_add_child_node
                0x10000e08       0xa4 CMakeFiles/mma8451_i2c.dir/C_/Users/giova/Pico_SDK_v1.5.0/pico-sdk/src/common/pico_time/time.c.obj
 .text.ph_merge_nodes
                0x10000eac       0x3e CMakeFiles/mma8451_i2c.dir/C_/Users/giova/Pico_SDK_v1.5.0/pico-sdk/src/common/pico_time/time.c.obj
 *fill*         0x10000eea        0x2 
 .text.add_alarm_under_lock
                0x10000eec      0x174 CMakeFiles/mma8451_i2c.dir/C_/Users/giova/Pico_SDK_v1.5.0/pico-sdk/src/common/pico_time/time.c.obj
 .text.alarm_pool_alarm_callback
                0x10001060      0x33c CMakeFiles/mma8451_i2c.dir/C_/Users/giova/Pico_SDK_v1.5.0/pico-sdk/src/common/pico_time/time.c.obj
 .text.alarm_pool_init_default
                0x1000139c       0x40 CMakeFiles/mma8451_i2c.dir/C_/Users/giova/Pico_SDK_v1.5.0/pico-sdk/src/common/pico_time/time.c.obj
                0x1000139c                alarm_pool_init_default
 .text.alarm_pool_get_default
                0x100013dc       0x2c CMakeFiles/mma8451_i2c.dir/C_/Users/giova/Pico_SDK_v1.5.0/pico-sdk/src/common/pico_time/time.c.obj
                0x100013dc                alarm_pool_get_default
 .text.alarm_pool_add_alarm_at
                0x10001408      0x168 CMakeFiles/mma8451_i2c.dir/C_/Users/giova/Pico_SDK_v1.5.0/pico-sdk/src/common/pico_time/time.c.obj
                0x10001408                alarm_pool_add_alarm_at
 .text.alarm_pool_cancel_alarm
                0x10001570       0xf0 CMakeFiles/mma8451_i2c.dir/C_/Users/giova/Pico_SDK_v1.5.0/pico-sdk/src/common/pico_time/time.c.obj
                0x10001570                alarm_pool_cancel_alarm
 .text.alarm_pool_core_num
                0x10001660        0x4 CMakeFiles/mma8451_i2c.dir/C_/Users/giova/Pico_SDK_v1.5.0/pico-sdk/src/common/pico_time/time.c.obj
                0x10001660                alarm_pool_core_num
 .text.sleep_until
                0x10001664       0xfc CMakeFiles/mma8451_i2c.dir/C_/Users/giova/Pico_SDK_v1.5.0/pico-sdk/src/common/pico_time/time.c.obj
                0x10001664                sleep_until
 .text.sleep_us
                0x10001760       0x58 CMakeFiles/mma8451_i2c.dir/C_/Users/giova/Pico_SDK_v1.5.0/pico-sdk/src/common/pico_time/time.c.obj
                0x10001760                sleep_us
 .text.sleep_ms
                0x100017b8       0x14 CMakeFiles/mma8451_i2c.dir/C_/Users/giova/Pico_SDK_v1.5.0/pico-sdk/src/common/pico_time/time.c.obj
                0x100017b8                sleep_ms
 .text.best_effort_wfe_or_timeout
                0x100017cc       0xac CMakeFiles/mma8451_i2c.dir/C_/Users/giova/Pico_SDK_v1.5.0/pico-sdk/src/common/pico_time/time.c.obj
                0x100017cc                best_effort_wfe_or_timeout
 .text.hardware_alarm_irq_handler
                0x10001878       0x90 CMakeFiles/mma8451_i2c.dir/C_/Users/giova/Pico_SDK_v1.5.0/pico-sdk/src/rp2_common/hardware_timer/timer.c.obj
 .text.hardware_alarm_claim
                0x10001908       0x18 CMakeFiles/mma8451_i2c.dir/C_/Users/giova/Pico_SDK_v1.5.0/pico-sdk/src/rp2_common/hardware_timer/timer.c.obj
                0x10001908                hardware_alarm_claim
 .text.time_us_64
                0x10001920       0x18 CMakeFiles/mma8451_i2c.dir/C_/Users/giova/Pico_SDK_v1.5.0/pico-sdk/src/rp2_common/hardware_timer/timer.c.obj
                0x10001920                time_us_64
 .text.busy_wait_until
                0x10001938       0x28 CMakeFiles/mma8451_i2c.dir/C_/Users/giova/Pico_SDK_v1.5.0/pico-sdk/src/rp2_common/hardware_timer/timer.c.obj
                0x10001938                busy_wait_until
 .text.hardware_alarm_set_callback
                0x10001960       0x90 CMakeFiles/mma8451_i2c.dir/C_/Users/giova/Pico_SDK_v1.5.0/pico-sdk/src/rp2_common/hardware_timer/timer.c.obj
                0x10001960                hardware_alarm_set_callback
 .text.hardware_alarm_set_target
                0x100019f0       0xe8 CMakeFiles/mma8451_i2c.dir/C_/Users/giova/Pico_SDK_v1.5.0/pico-sdk/src/rp2_common/hardware_timer/timer.c.obj
                0x100019f0                hardware_alarm_set_target
 .text.hardware_alarm_cancel
                0x10001ad8       0x40 CMakeFiles/mma8451_i2c.dir/C_/Users/giova/Pico_SDK_v1.5.0/pico-sdk/src/rp2_common/hardware_timer/timer.c.obj
                0x10001ad8                hardware_alarm_cancel
 .text.ph_add_child_node
                0x10001b18       0xa4 CMakeFiles/mma8451_i2c.dir/C_/Users/giova/Pico_SDK_v1.5.0/pico-sdk/src/common/pico_util/pheap.c.obj
 .text.ph_merge_nodes
                0x10001bbc       0x3e CMakeFiles/mma8451_i2c.dir/C_/Users/giova/Pico_SDK_v1.5.0/pico-sdk/src/common/pico_util/pheap.c.obj
 *fill*         0x10001bfa        0x2 
 .text.ph_clear
                0x10001bfc       0x70 CMakeFiles/mma8451_i2c.dir/C_/Users/giova/Pico_SDK_v1.5.0/pico-sdk/src/common/pico_util/pheap.c.obj
                0x10001bfc                ph_clear
 .text.ph_post_alloc_init
                0x10001c6c        0xe CMakeFiles/mma8451_i2c.dir/C_/Users/giova/Pico_SDK_v1.5.0/pico-sdk/src/common/pico_util/pheap.c.obj
                0x10001c6c                ph_post_alloc_init
 *fill*         0x10001c7a        0x2 
 .text.ph_merge_two_pass
                0x10001c7c       0xa8 CMakeFiles/mma8451_i2c.dir/C_/Users/giova/Pico_SDK_v1.5.0/pico-sdk/src/common/pico_util/pheap.c.obj
                0x10001c7c                ph_merge_two_pass
 .text.ph_remove_any_head
                0x10001d24      0x128 CMakeFiles/mma8451_i2c.dir/C_/Users/giova/Pico_SDK_v1.5.0/pico-sdk/src/common/pico_util/pheap.c.obj
 .text.ph_remove_head
                0x10001e4c       0x14 CMakeFiles/mma8451_i2c.dir/C_/Users/giova/Pico_SDK_v1.5.0/pico-sdk/src/common/pico_util/pheap.c.obj
                0x10001e4c                ph_remove_head
 .text.ph_remove_and_free_node
                0x10001e60       0xf8 CMakeFiles/mma8451_i2c.dir/C_/Users/giova/Pico_SDK_v1.5.0/pico-sdk/src/common/pico_util/pheap.c.obj
                0x10001e60                ph_remove_and_free_node
 .text.clock_configure
                0x10001f58      0x104 CMakeFiles/mma8451_i2c.dir/C_/Users/giova/Pico_SDK_v1.5.0/pico-sdk/src/rp2_common/hardware_clocks/clocks.c.obj
                0x10001f58                clock_configure
 .text.clocks_init
                0x1000205c      0x100 CMakeFiles/mma8451_i2c.dir/C_/Users/giova/Pico_SDK_v1.5.0/pico-sdk/src/rp2_common/hardware_clocks/clocks.c.obj
                0x1000205c                clocks_init
 .text.clock_get_hz
                0x1000215c        0xc CMakeFiles/mma8451_i2c.dir/C_/Users/giova/Pico_SDK_v1.5.0/pico-sdk/src/rp2_common/hardware_clocks/clocks.c.obj
                0x1000215c                clock_get_hz
 .text.pll_init
                0x10002168      0x12c CMakeFiles/mma8451_i2c.dir/C_/Users/giova/Pico_SDK_v1.5.0/pico-sdk/src/rp2_common/hardware_pll/pll.c.obj
                0x10002168                pll_init
 .text.watchdog_start_tick
                0x10002294       0x10 CMakeFiles/mma8451_i2c.dir/C_/Users/giova/Pico_SDK_v1.5.0/pico-sdk/src/rp2_common/hardware_watchdog/watchdog.c.obj
                0x10002294                watchdog_start_tick
 .text.watchdog_update
                0x100022a4       0x14 CMakeFiles/mma8451_i2c.dir/C_/Users/giova/Pico_SDK_v1.5.0/pico-sdk/src/rp2_common/hardware_watchdog/watchdog.c.obj
                0x100022a4                watchdog_update
 .text._watchdog_enable
                0x100022b8       0x78 CMakeFiles/mma8451_i2c.dir/C_/Users/giova/Pico_SDK_v1.5.0/pico-sdk/src/rp2_common/hardware_watchdog/watchdog.c.obj
                0x100022b8                _watchdog_enable
 .text.watchdog_reboot
                0x10002330       0x48 CMakeFiles/mma8451_i2c.dir/C_/Users/giova/Pico_SDK_v1.5.0/pico-sdk/src/rp2_common/hardware_watchdog/watchdog.c.obj
                0x10002330                watchdog_reboot
 .text.xosc_init
                0x10002378       0x28 CMakeFiles/mma8451_i2c.dir/C_/Users/giova/Pico_SDK_v1.5.0/pico-sdk/src/rp2_common/hardware_xosc/xosc.c.obj
                0x10002378                xosc_init
 .text._exit    0x100023a0        0x4 CMakeFiles/mma8451_i2c.dir/C_/Users/giova/Pico_SDK_v1.5.0/pico-sdk/src/rp2_common/pico_runtime/runtime.c.obj
                0x100023a0                _exit
 .text.exit     0x100023a4        0x6 CMakeFiles/mma8451_i2c.dir/C_/Users/giova/Pico_SDK_v1.5.0/pico-sdk/src/rp2_common/pico_runtime/runtime.c.obj
                0x100023a4                exit
 *fill*         0x100023aa        0x2 
 .text.__assert_func
                0x100023ac       0x3c CMakeFiles/mma8451_i2c.dir/C_/Users/giova/Pico_SDK_v1.5.0/pico-sdk/src/rp2_common/pico_runtime/runtime.c.obj
                0x100023ac                __assert_func
 .text.runtime_init
                0x100023e8       0xf8 CMakeFiles/mma8451_i2c.dir/C_/Users/giova/Pico_SDK_v1.5.0/pico-sdk/src/rp2_common/pico_runtime/runtime.c.obj
                0x100023e8                runtime_init
 .text.panic    0x100024e0       0x30 CMakeFiles/mma8451_i2c.dir/C_/Users/giova/Pico_SDK_v1.5.0/pico-sdk/src/rp2_common/pico_runtime/runtime.c.obj
                0x100024e0                panic
 .text._out_null
                0x10002510        0x2 CMakeFiles/mma8451_i2c.dir/C_/Users/giova/Pico_SDK_v1.5.0/pico-sdk/src/rp2_common/pico_printf/printf.c.obj
 .text._out_fct
                0x10002512        0xe CMakeFiles/mma8451_i2c.dir/C_/Users/giova/Pico_SDK_v1.5.0/pico-sdk/src/rp2_common/pico_printf/printf.c.obj
 .text._atoi    0x10002520       0x24 CMakeFiles/mma8451_i2c.dir/C_/Users/giova/Pico_SDK_v1.5.0/pico-sdk/src/rp2_common/pico_printf/printf.c.obj
 .text._out_rev
                0x10002544       0xae CMakeFiles/mma8451_i2c.dir/C_/Users/giova/Pico_SDK_v1.5.0/pico-sdk/src/rp2_common/pico_printf/printf.c.obj
 .text._ntoa_format
                0x100025f2      0x112 CMakeFiles/mma8451_i2c.dir/C_/Users/giova/Pico_SDK_v1.5.0/pico-sdk/src/rp2_common/pico_printf/printf.c.obj
 .text._ntoa_long
                0x10002704       0xbc CMakeFiles/mma8451_i2c.dir/C_/Users/giova/Pico_SDK_v1.5.0/pico-sdk/src/rp2_common/pico_printf/printf.c.obj
 .text._ntoa_long_long
                0x100027c0       0xe2 CMakeFiles/mma8451_i2c.dir/C_/Users/giova/Pico_SDK_v1.5.0/pico-sdk/src/rp2_common/pico_printf/printf.c.obj
 *fill*         0x100028a2        0x2 
 .text._etoa    0x100028a4      0x414 CMakeFiles/mma8451_i2c.dir/C_/Users/giova/Pico_SDK_v1.5.0/pico-sdk/src/rp2_common/pico_printf/printf.c.obj
 .text._ftoa    0x10002cb8      0x354 CMakeFiles/mma8451_i2c.dir/C_/Users/giova/Pico_SDK_v1.5.0/pico-sdk/src/rp2_common/pico_printf/printf.c.obj
 .text._vsnprintf
                0x1000300c      0x624 CMakeFiles/mma8451_i2c.dir/C_/Users/giova/Pico_SDK_v1.5.0/pico-sdk/src/rp2_common/pico_printf/printf.c.obj
 .text.vfctprintf
                0x10003630       0x20 CMakeFiles/mma8451_i2c.dir/C_/Users/giova/Pico_SDK_v1.5.0/pico-sdk/src/rp2_common/pico_printf/printf.c.obj
                0x10003630                vfctprintf
 .text          0x10003650       0x10 CMakeFiles/mma8451_i2c.dir/C_/Users/giova/Pico_SDK_v1.5.0/pico-sdk/src/rp2_common/pico_bit_ops/bit_ops_aeabi.S.obj
 .text.rom_func_lookup
                0x10003660       0x10 CMakeFiles/mma8451_i2c.dir/C_/Users/giova/Pico_SDK_v1.5.0/pico-sdk/src/rp2_common/pico_bootrom/bootrom.c.obj
                0x10003660                rom_func_lookup
 .text.rom_data_lookup
                0x10003670       0x10 CMakeFiles/mma8451_i2c.dir/C_/Users/giova/Pico_SDK_v1.5.0/pico-sdk/src/rp2_common/pico_bootrom/bootrom.c.obj
                0x10003670                rom_data_lookup
 .text.rom_funcs_lookup
                0x10003680       0x36 CMakeFiles/mma8451_i2c.dir/C_/Users/giova/Pico_SDK_v1.5.0/pico-sdk/src/rp2_common/pico_bootrom/bootrom.c.obj
                0x10003680                rom_funcs_lookup
 *fill*         0x100036b6        0x2 
 .text.__wrap___aeabi_idiv
                0x100036b8       0x50 CMakeFiles/mma8451_i2c.dir/C_/Users/giova/Pico_SDK_v1.5.0/pico-sdk/src/rp2_common/pico_divider/divider.S.obj
                0x100036b8                __wrap___aeabi_idivmod
                0x100036b8                divmod_s32s32
                0x100036b8                div_s32s32
                0x100036b8                __wrap___aeabi_idiv
                0x100036c0                divmod_s32s32_unsafe
                0x100036ec                divmod_s32s32_savestate
 .text.__wrap___aeabi_uidiv
                0x10003708       0x4c CMakeFiles/mma8451_i2c.dir/C_/Users/giova/Pico_SDK_v1.5.0/pico-sdk/src/rp2_common/pico_divider/divider.S.obj
                0x10003708                __wrap___aeabi_uidiv
                0x10003708                __wrap___aeabi_uidivmod
                0x10003708                div_u32u32
                0x10003708                divmod_u32u32
                0x10003710                divmod_u32u32_unsafe
                0x10003738                divmod_u32u32_savestate
 .text.__wrap___aeabi_ldiv
                0x10003754      0x424 CMakeFiles/mma8451_i2c.dir/C_/Users/giova/Pico_SDK_v1.5.0/pico-sdk/src/rp2_common/pico_divider/divider.S.obj
                0x10003754                div_s64s64
                0x10003754                divmod_s64s64
                0x10003754                __wrap___aeabi_ldivmod
                0x10003784                divmod_u64u64
                0x10003784                div_u64u64
                0x10003784                __wrap___aeabi_uldivmod
                0x10003794                divmod_u64u64_savestate
                0x100037b4                divmod_s64s64_unsafe
                0x1000383c                divmod_u64u64_unsafe
 .text.__wrap___aeabi_darithmetic
                0x10003b78       0x80 CMakeFiles/mma8451_i2c.dir/C_/Users/giova/Pico_SDK_v1.5.0/pico-sdk/src/rp2_common/pico_double/double_aeabi.S.obj
                0x10003b78                __wrap___aeabi_drsub
                0x10003b7e                __wrap___aeabi_dsub
                0x10003b90                __wrap___aeabi_dadd
                0x10003ba2                __wrap___aeabi_ddiv
                0x10003bde                __wrap___aeabi_dmul
 .text.__wrap___aeabi_cdcmple
                0x10003bf8       0x6c CMakeFiles/mma8451_i2c.dir/C_/Users/giova/Pico_SDK_v1.5.0/pico-sdk/src/rp2_common/pico_double/double_aeabi.S.obj
                0x10003bf8                __wrap___aeabi_cdrcmple
                0x10003c08                __wrap___aeabi_cdcmpeq
                0x10003c08                __wrap___aeabi_cdcmple
 .text.__wrap___aeabi_dcmplt
                0x10003c64        0xc CMakeFiles/mma8451_i2c.dir/C_/Users/giova/Pico_SDK_v1.5.0/pico-sdk/src/rp2_common/pico_double/double_aeabi.S.obj
                0x10003c64                __wrap___aeabi_dcmplt
 .text.__wrap___aeabi_dcmple
                0x10003c70       0x10 CMakeFiles/mma8451_i2c.dir/C_/Users/giova/Pico_SDK_v1.5.0/pico-sdk/src/rp2_common/pico_double/double_aeabi.S.obj
                0x10003c70                __wrap___aeabi_dcmple
 .text.__wrap___aeabi_dcmpge
                0x10003c80       0x10 CMakeFiles/mma8451_i2c.dir/C_/Users/giova/Pico_SDK_v1.5.0/pico-sdk/src/rp2_common/pico_double/double_aeabi.S.obj
                0x10003c80                __wrap___aeabi_dcmpge
 .text.__wrap___aeabi_dcmpgt
                0x10003c90        0xa CMakeFiles/mma8451_i2c.dir/C_/Users/giova/Pico_SDK_v1.5.0/pico-sdk/src/rp2_common/pico_double/double_aeabi.S.obj
                0x10003c90                __wrap___aeabi_dcmpgt
 .text.__wrap___aeabi_dcmpun
                0x10003c9a       0x1c CMakeFiles/mma8451_i2c.dir/C_/Users/giova/Pico_SDK_v1.5.0/pico-sdk/src/rp2_common/pico_double/double_aeabi.S.obj
                0x10003c9a                __wrap___aeabi_dcmpun
 *fill*         0x10003cb6        0x2 
 .text.__wrap___aeabi_i2d
                0x10003cb8       0x38 CMakeFiles/mma8451_i2c.dir/C_/Users/giova/Pico_SDK_v1.5.0/pico-sdk/src/rp2_common/pico_double/double_aeabi.S.obj
                0x10003cb8                __wrap___aeabi_ui2d
                0x10003cc0                __wrap___aeabi_i2d
 .text.__wrap___aeabi_d2iz
                0x10003cf0       0x48 CMakeFiles/mma8451_i2c.dir/C_/Users/giova/Pico_SDK_v1.5.0/pico-sdk/src/rp2_common/pico_double/double_aeabi.S.obj
                0x10003cf0                double2int_z
                0x10003cf0                __wrap___aeabi_d2iz
 .text.__wrap___aeabi_d2uiz
                0x10003d38       0x18 CMakeFiles/mma8451_i2c.dir/C_/Users/giova/Pico_SDK_v1.5.0/pico-sdk/src/rp2_common/pico_double/double_aeabi.S.obj
                0x10003d38                __wrap___aeabi_d2uiz
                0x10003d38                double2uint
 .text.__aeabi_double_init
                0x10003d50       0xc8 CMakeFiles/mma8451_i2c.dir/C_/Users/giova/Pico_SDK_v1.5.0/pico-sdk/src/rp2_common/pico_double/double_init_rom.c.obj
                0x10003d50                __aeabi_double_init
 .text.double_table_shim_on_use_helper
                0x10003e18       0x34 CMakeFiles/mma8451_i2c.dir/C_/Users/giova/Pico_SDK_v1.5.0/pico-sdk/src/rp2_common/pico_double/double_v1_rom_shim.S.obj
                0x10003e18                double_table_shim_on_use_helper
 .text.__wrap___aeabi_dsub
                0x10003e4c       0x10 CMakeFiles/mma8451_i2c.dir/C_/Users/giova/Pico_SDK_v1.5.0/pico-sdk/src/rp2_common/pico_double/double_v1_rom_shim.S.obj
                0x10003e4c                drsub_shim
                0x10003e52                dsub_shim
 .text.dadd_shim
                0x10003e5c      0x15c CMakeFiles/mma8451_i2c.dir/C_/Users/giova/Pico_SDK_v1.5.0/pico-sdk/src/rp2_common/pico_double/double_v1_rom_shim.S.obj
                0x10003e5c                dadd_shim
 .text.dmul_shim
                0x10003fb8      0x15c CMakeFiles/mma8451_i2c.dir/C_/Users/giova/Pico_SDK_v1.5.0/pico-sdk/src/rp2_common/pico_double/double_v1_rom_shim.S.obj
                0x10003fb8                dmul_shim
 .text.ddiv_shim
                0x10004114      0x1b0 CMakeFiles/mma8451_i2c.dir/C_/Users/giova/Pico_SDK_v1.5.0/pico-sdk/src/rp2_common/pico_double/double_v1_rom_shim.S.obj
                0x10004114                ddiv_shim
 .text.double2uint_shim
                0x100042c4        0xe CMakeFiles/mma8451_i2c.dir/C_/Users/giova/Pico_SDK_v1.5.0/pico-sdk/src/rp2_common/pico_double/double_v1_rom_shim.S.obj
                0x100042c4                double2uint_shim
                0x100042c6                double2ufix_shim
 *fill*         0x100042d2        0x2 
 .text.double2uint64_shim
                0x100042d4       0x70 CMakeFiles/mma8451_i2c.dir/C_/Users/giova/Pico_SDK_v1.5.0/pico-sdk/src/rp2_common/pico_double/double_v1_rom_shim.S.obj
                0x100042d4                double2uint64_shim
                0x100042d6                double2ufix64_shim
                0x100042f6                d2fix_a
 .text.dunpacks
                0x10004344       0x3c CMakeFiles/mma8451_i2c.dir/C_/Users/giova/Pico_SDK_v1.5.0/pico-sdk/src/rp2_common/pico_double/double_v1_rom_shim.S.obj
                0x10004344                dunpacks
 .text.__aeabi_lmul
                0x10004380       0x32 CMakeFiles/mma8451_i2c.dir/C_/Users/giova/Pico_SDK_v1.5.0/pico-sdk/src/rp2_common/pico_int64_ops/pico_int64_ops_aeabi.S.obj
                0x10004380                __wrap___aeabi_lmul
 *fill*         0x100043b2        0x2 
 .text.__wrap___aeabi_farithmetic
                0x100043b4       0x58 CMakeFiles/mma8451_i2c.dir/C_/Users/giova/Pico_SDK_v1.5.0/pico-sdk/src/rp2_common/pico_float/float_aeabi.S.obj
                0x100043b4                __wrap___aeabi_frsub
                0x100043ba                __wrap___aeabi_fsub
                0x100043c4                __wrap___aeabi_fadd
                0x100043ce                __wrap___aeabi_fdiv
                0x100043fa                __wrap___aeabi_fmul
 .text.__wrap___aeabi_ui2f
                0x1000440c        0xa CMakeFiles/mma8451_i2c.dir/C_/Users/giova/Pico_SDK_v1.5.0/pico-sdk/src/rp2_common/pico_float/float_aeabi.S.obj
                0x1000440c                __wrap___aeabi_ui2f
 *fill*         0x10004416        0x2 
 .text.__wrap___aeabi_i2f
                0x10004418       0x44 CMakeFiles/mma8451_i2c.dir/C_/Users/giova/Pico_SDK_v1.5.0/pico-sdk/src/rp2_common/pico_float/float_aeabi.S.obj
                0x10004418                __wrap___aeabi_i2f
 .text.__wrap___aeabi_f2d
                0x1000445c       0x14 CMakeFiles/mma8451_i2c.dir/C_/Users/giova/Pico_SDK_v1.5.0/pico-sdk/src/rp2_common/pico_float/float_aeabi.S.obj
                0x1000445c                __wrap___aeabi_f2d
 .text.__aeabi_float_init
                0x10004470       0xfc CMakeFiles/mma8451_i2c.dir/C_/Users/giova/Pico_SDK_v1.5.0/pico-sdk/src/rp2_common/pico_float/float_init_rom.c.obj
                0x10004470                __aeabi_float_init
 .text.float_table_shim_on_use_helper
                0x1000456c       0x34 CMakeFiles/mma8451_i2c.dir/C_/Users/giova/Pico_SDK_v1.5.0/pico-sdk/src/rp2_common/pico_float/float_v1_rom_shim.S.obj
                0x1000456c                float_table_shim_on_use_helper
 .text.float2double_shim
                0x100045a0       0x30 CMakeFiles/mma8451_i2c.dir/C_/Users/giova/Pico_SDK_v1.5.0/pico-sdk/src/rp2_common/pico_float/float_v1_rom_shim.S.obj
                0x100045a0                float2double_shim
 .text          0x100045d0       0x10 CMakeFiles/mma8451_i2c.dir/C_/Users/giova/Pico_SDK_v1.5.0/pico-sdk/src/rp2_common/pico_mem_ops/mem_ops_aeabi.S.obj
                0x100045d0                __aeabi_mem_init
 .text.memset   0x100045e0        0xc CMakeFiles/mma8451_i2c.dir/C_/Users/giova/Pico_SDK_v1.5.0/pico-sdk/src/rp2_common/pico_mem_ops/mem_ops_aeabi.S.obj
                0x100045e0                __wrap_memset
 .text.memcpy   0x100045ec        0xc CMakeFiles/mma8451_i2c.dir/C_/Users/giova/Pico_SDK_v1.5.0/pico-sdk/src/rp2_common/pico_mem_ops/mem_ops_aeabi.S.obj
                0x100045ec                __wrap_memcpy
                0x100045ec                __wrap___aeabi_memcpy
 .text.stdio_out_chars_no_crlf
                0x100045f8        0xe CMakeFiles/mma8451_i2c.dir/C_/Users/giova/Pico_SDK_v1.5.0/pico-sdk/src/rp2_common/pico_stdio/stdio.c.obj
 *fill*         0x10004606        0x2 
 .text.stdio_out_chars_crlf
                0x10004608       0x80 CMakeFiles/mma8451_i2c.dir/C_/Users/giova/Pico_SDK_v1.5.0/pico-sdk/src/rp2_common/pico_stdio/stdio.c.obj
 .text.stdio_stack_buffer_flush
                0x10004688       0x44 CMakeFiles/mma8451_i2c.dir/C_/Users/giova/Pico_SDK_v1.5.0/pico-sdk/src/rp2_common/pico_stdio/stdio.c.obj
 .text.stdio_buffered_printer
                0x100046cc       0x20 CMakeFiles/mma8451_i2c.dir/C_/Users/giova/Pico_SDK_v1.5.0/pico-sdk/src/rp2_common/pico_stdio/stdio.c.obj
 .text.stdout_serialize_begin
                0x100046ec       0x5c CMakeFiles/mma8451_i2c.dir/C_/Users/giova/Pico_SDK_v1.5.0/pico-sdk/src/rp2_common/pico_stdio/stdio.c.obj
                0x100046ec                stdout_serialize_begin
 .text.stdout_serialize_end
                0x10004748       0x10 CMakeFiles/mma8451_i2c.dir/C_/Users/giova/Pico_SDK_v1.5.0/pico-sdk/src/rp2_common/pico_stdio/stdio.c.obj
                0x10004748                stdout_serialize_end
 .text.stdio_put_string
                0x10004758       0x98 CMakeFiles/mma8451_i2c.dir/C_/Users/giova/Pico_SDK_v1.5.0/pico-sdk/src/rp2_common/pico_stdio/stdio.c.obj
 .text.stdio_set_driver_enabled
                0x100047f0       0x2c CMakeFiles/mma8451_i2c.dir/C_/Users/giova/Pico_SDK_v1.5.0/pico-sdk/src/rp2_common/pico_stdio/stdio.c.obj
                0x100047f0                stdio_set_driver_enabled
 .text.stdio_flush
                0x1000481c       0x20 CMakeFiles/mma8451_i2c.dir/C_/Users/giova/Pico_SDK_v1.5.0/pico-sdk/src/rp2_common/pico_stdio/stdio.c.obj
                0x1000481c                stdio_flush
 .text.__wrap_puts
                0x1000483c       0x1e CMakeFiles/mma8451_i2c.dir/C_/Users/giova/Pico_SDK_v1.5.0/pico-sdk/src/rp2_common/pico_stdio/stdio.c.obj
                0x1000483c                __wrap_puts
 *fill*         0x1000485a        0x2 
 .text.__wrap_vprintf
                0x1000485c       0x40 CMakeFiles/mma8451_i2c.dir/C_/Users/giova/Pico_SDK_v1.5.0/pico-sdk/src/rp2_common/pico_stdio/stdio.c.obj
                0x1000485c                __wrap_vprintf
 .text.__wrap_printf
                0x1000489c       0x18 CMakeFiles/mma8451_i2c.dir/C_/Users/giova/Pico_SDK_v1.5.0/pico-sdk/src/rp2_common/pico_stdio/stdio.c.obj
                0x1000489c                __wrap_printf
 .text.stdio_init_all
                0x100048b4        0x8 CMakeFiles/mma8451_i2c.dir/C_/Users/giova/Pico_SDK_v1.5.0/pico-sdk/src/rp2_common/pico_stdio/stdio.c.obj
                0x100048b4                stdio_init_all
 .text.resetd_init
                0x100048bc        0x2 CMakeFiles/mma8451_i2c.dir/C_/Users/giova/Pico_SDK_v1.5.0/pico-sdk/src/rp2_common/pico_stdio_usb/reset_interface.c.obj
 *fill*         0x100048be        0x2 
 .text.resetd_reset
                0x100048c0        0xc CMakeFiles/mma8451_i2c.dir/C_/Users/giova/Pico_SDK_v1.5.0/pico-sdk/src/rp2_common/pico_stdio_usb/reset_interface.c.obj
 .text.resetd_open
                0x100048cc       0x34 CMakeFiles/mma8451_i2c.dir/C_/Users/giova/Pico_SDK_v1.5.0/pico-sdk/src/rp2_common/pico_stdio_usb/reset_interface.c.obj
 .text.resetd_xfer_cb
                0x10004900        0x4 CMakeFiles/mma8451_i2c.dir/C_/Users/giova/Pico_SDK_v1.5.0/pico-sdk/src/rp2_common/pico_stdio_usb/reset_interface.c.obj
 .text.reset_usb_boot
                0x10004904       0x18 CMakeFiles/mma8451_i2c.dir/C_/Users/giova/Pico_SDK_v1.5.0/pico-sdk/src/rp2_common/pico_stdio_usb/reset_interface.c.obj
 .text.resetd_control_xfer_cb
                0x1000491c       0x5c CMakeFiles/mma8451_i2c.dir/C_/Users/giova/Pico_SDK_v1.5.0/pico-sdk/src/rp2_common/pico_stdio_usb/reset_interface.c.obj
 .text.usbd_app_driver_get_cb
                0x10004978        0xc CMakeFiles/mma8451_i2c.dir/C_/Users/giova/Pico_SDK_v1.5.0/pico-sdk/src/rp2_common/pico_stdio_usb/reset_interface.c.obj
                0x10004978                usbd_app_driver_get_cb
 .text.tud_cdc_line_coding_cb
                0x10004984       0x28 CMakeFiles/mma8451_i2c.dir/C_/Users/giova/Pico_SDK_v1.5.0/pico-sdk/src/rp2_common/pico_stdio_usb/reset_interface.c.obj
                0x10004984                tud_cdc_line_coding_cb
 .text.stdio_usb_set_chars_available_callback
                0x100049ac       0x14 CMakeFiles/mma8451_i2c.dir/C_/Users/giova/Pico_SDK_v1.5.0/pico-sdk/src/rp2_common/pico_stdio_usb/stdio_usb.c.obj
                0x100049ac                stdio_usb_set_chars_available_callback
 .text.usb_irq  0x100049c0       0x10 CMakeFiles/mma8451_i2c.dir/C_/Users/giova/Pico_SDK_v1.5.0/pico-sdk/src/rp2_common/pico_stdio_usb/stdio_usb.c.obj
 .text.timer_task
                0x100049d0       0x58 CMakeFiles/mma8451_i2c.dir/C_/Users/giova/Pico_SDK_v1.5.0/pico-sdk/src/rp2_common/pico_stdio_usb/stdio_usb.c.obj
 .text.low_priority_worker_irq
                0x10004a28       0xd8 CMakeFiles/mma8451_i2c.dir/C_/Users/giova/Pico_SDK_v1.5.0/pico-sdk/src/rp2_common/pico_stdio_usb/stdio_usb.c.obj
 .text.tud_cdc_rx_cb
                0x10004b00       0x20 CMakeFiles/mma8451_i2c.dir/C_/Users/giova/Pico_SDK_v1.5.0/pico-sdk/src/rp2_common/pico_stdio_usb/stdio_usb.c.obj
                0x10004b00                tud_cdc_rx_cb
 .text.stdio_usb_init
                0x10004b20      0x12c CMakeFiles/mma8451_i2c.dir/C_/Users/giova/Pico_SDK_v1.5.0/pico-sdk/src/rp2_common/pico_stdio_usb/stdio_usb.c.obj
                0x10004b20                stdio_usb_init
 .text.stdio_usb_connected
                0x10004c4c        0xa CMakeFiles/mma8451_i2c.dir/C_/Users/giova/Pico_SDK_v1.5.0/pico-sdk/src/rp2_common/pico_stdio_usb/stdio_usb.c.obj
                0x10004c4c                stdio_usb_connected
 *fill*         0x10004c56        0x2 
 .text.stdio_usb_in_chars
                0x10004c58       0xc4 CMakeFiles/mma8451_i2c.dir/C_/Users/giova/Pico_SDK_v1.5.0/pico-sdk/src/rp2_common/pico_stdio_usb/stdio_usb.c.obj
                0x10004c58                stdio_usb_in_chars
 .text.stdio_usb_out_chars
                0x10004d1c      0x114 CMakeFiles/mma8451_i2c.dir/C_/Users/giova/Pico_SDK_v1.5.0/pico-sdk/src/rp2_common/pico_stdio_usb/stdio_usb.c.obj
 .text.tud_descriptor_device_cb
                0x10004e30        0x8 CMakeFiles/mma8451_i2c.dir/C_/Users/giova/Pico_SDK_v1.5.0/pico-sdk/src/rp2_common/pico_stdio_usb/stdio_usb_descriptors.c.obj
                0x10004e30                tud_descriptor_device_cb
 .text.tud_descriptor_configuration_cb
                0x10004e38        0x8 CMakeFiles/mma8451_i2c.dir/C_/Users/giova/Pico_SDK_v1.5.0/pico-sdk/src/rp2_common/pico_stdio_usb/stdio_usb_descriptors.c.obj
                0x10004e38                tud_descriptor_configuration_cb
 .text.tud_descriptor_string_cb
                0x10004e40       0x6c CMakeFiles/mma8451_i2c.dir/C_/Users/giova/Pico_SDK_v1.5.0/pico-sdk/src/rp2_common/pico_stdio_usb/stdio_usb_descriptors.c.obj
                0x10004e40                tud_descriptor_string_cb
 .text._retrieve_unique_id_on_boot
                0x10004eac       0x10 CMakeFiles/mma8451_i2c.dir/C_/Users/giova/Pico_SDK_v1.5.0/pico-sdk/src/rp2_common/pico_unique_id/unique_id.c.obj
 .text.pico_get_unique_board_id_string
                0x10004ebc       0x60 CMakeFiles/mma8451_i2c.dir/C_/Users/giova/Pico_SDK_v1.5.0/pico-sdk/src/rp2_common/pico_unique_id/unique_id.c.obj
                0x10004ebc                pico_get_unique_board_id_string
 .text.flash_get_unique_id
                0x10004f1c       0x46 CMakeFiles/mma8451_i2c.dir/C_/Users/giova/Pico_SDK_v1.5.0/pico-sdk/src/rp2_common/hardware_flash/flash.c.obj
                0x10004f1c                flash_get_unique_id
 *fill*         0x10004f62        0x2 
 .text.hw_endpoint_get_by_addr
                0x10004f64       0x18 CMakeFiles/mma8451_i2c.dir/C_/Users/giova/Pico_SDK_v1.5.0/pico-sdk/lib/tinyusb/src/portable/raspberrypi/rp2040/dcd_rp2040.c.obj
 .text._hw_endpoint_alloc
                0x10004f7c       0x70 CMakeFiles/mma8451_i2c.dir/C_/Users/giova/Pico_SDK_v1.5.0/pico-sdk/lib/tinyusb/src/portable/raspberrypi/rp2040/dcd_rp2040.c.obj
 .text.hw_endpoint_init
                0x10004fec       0x88 CMakeFiles/mma8451_i2c.dir/C_/Users/giova/Pico_SDK_v1.5.0/pico-sdk/lib/tinyusb/src/portable/raspberrypi/rp2040/dcd_rp2040.c.obj
 .text.hw_endpoint_xfer
                0x10005074       0x14 CMakeFiles/mma8451_i2c.dir/C_/Users/giova/Pico_SDK_v1.5.0/pico-sdk/lib/tinyusb/src/portable/raspberrypi/rp2040/dcd_rp2040.c.obj
 .text.dcd_int_enable
                0x10005088       0x2c CMakeFiles/mma8451_i2c.dir/C_/Users/giova/Pico_SDK_v1.5.0/pico-sdk/lib/tinyusb/src/portable/raspberrypi/rp2040/dcd_rp2040.c.obj
                0x10005088                dcd_int_enable
 .text.dcd_set_address
                0x100050b4       0x2c CMakeFiles/mma8451_i2c.dir/C_/Users/giova/Pico_SDK_v1.5.0/pico-sdk/lib/tinyusb/src/portable/raspberrypi/rp2040/dcd_rp2040.c.obj
                0x100050b4                dcd_set_address
 .text.dcd_connect
                0x100050e0       0x10 CMakeFiles/mma8451_i2c.dir/C_/Users/giova/Pico_SDK_v1.5.0/pico-sdk/lib/tinyusb/src/portable/raspberrypi/rp2040/dcd_rp2040.c.obj
                0x100050e0                dcd_connect
 .text.dcd_init
                0x100050f0       0x80 CMakeFiles/mma8451_i2c.dir/C_/Users/giova/Pico_SDK_v1.5.0/pico-sdk/lib/tinyusb/src/portable/raspberrypi/rp2040/dcd_rp2040.c.obj
                0x100050f0                dcd_init
 .text.dcd_edpt0_status_complete
                0x10005170       0x1c CMakeFiles/mma8451_i2c.dir/C_/Users/giova/Pico_SDK_v1.5.0/pico-sdk/lib/tinyusb/src/portable/raspberrypi/rp2040/dcd_rp2040.c.obj
                0x10005170                dcd_edpt0_status_complete
 .text.dcd_edpt_open
                0x1000518c       0x40 CMakeFiles/mma8451_i2c.dir/C_/Users/giova/Pico_SDK_v1.5.0/pico-sdk/lib/tinyusb/src/portable/raspberrypi/rp2040/dcd_rp2040.c.obj
                0x1000518c                dcd_edpt_open
 .text.dcd_edpt_close_all
                0x100051cc        0x8 CMakeFiles/mma8451_i2c.dir/C_/Users/giova/Pico_SDK_v1.5.0/pico-sdk/lib/tinyusb/src/portable/raspberrypi/rp2040/dcd_rp2040.c.obj
                0x100051cc                dcd_edpt_close_all
 .text.dcd_edpt_xfer
                0x100051d4       0x34 CMakeFiles/mma8451_i2c.dir/C_/Users/giova/Pico_SDK_v1.5.0/pico-sdk/lib/tinyusb/src/portable/raspberrypi/rp2040/dcd_rp2040.c.obj
                0x100051d4                dcd_edpt_xfer
 .text.dcd_edpt_stall
                0x10005208       0x2c CMakeFiles/mma8451_i2c.dir/C_/Users/giova/Pico_SDK_v1.5.0/pico-sdk/lib/tinyusb/src/portable/raspberrypi/rp2040/dcd_rp2040.c.obj
                0x10005208                dcd_edpt_stall
 .text.dcd_edpt_clear_stall
                0x10005234       0x20 CMakeFiles/mma8451_i2c.dir/C_/Users/giova/Pico_SDK_v1.5.0/pico-sdk/lib/tinyusb/src/portable/raspberrypi/rp2040/dcd_rp2040.c.obj
                0x10005234                dcd_edpt_clear_stall
 .text.rp2040_usb_init
                0x10005254       0x4c CMakeFiles/mma8451_i2c.dir/C_/Users/giova/Pico_SDK_v1.5.0/pico-sdk/lib/tinyusb/src/portable/raspberrypi/rp2040/rp2040_usb.c.obj
                0x10005254                rp2040_usb_init
 .text.hw_endpoint_xfer_start
                0x100052a0       0x50 CMakeFiles/mma8451_i2c.dir/C_/Users/giova/Pico_SDK_v1.5.0/pico-sdk/lib/tinyusb/src/portable/raspberrypi/rp2040/rp2040_usb.c.obj
                0x100052a0                hw_endpoint_xfer_start
 .text.configuration_reset
                0x100052f0       0x84 CMakeFiles/mma8451_i2c.dir/C_/Users/giova/Pico_SDK_v1.5.0/pico-sdk/lib/tinyusb/src/device/usbd.c.obj
 .text.usbd_reset
                0x10005374        0xc CMakeFiles/mma8451_i2c.dir/C_/Users/giova/Pico_SDK_v1.5.0/pico-sdk/lib/tinyusb/src/device/usbd.c.obj
 .text.invoke_class_control
                0x10005380       0x1a CMakeFiles/mma8451_i2c.dir/C_/Users/giova/Pico_SDK_v1.5.0/pico-sdk/lib/tinyusb/src/device/usbd.c.obj
 *fill*         0x1000539a        0x2 
 .text.process_set_config
                0x1000539c      0x178 CMakeFiles/mma8451_i2c.dir/C_/Users/giova/Pico_SDK_v1.5.0/pico-sdk/lib/tinyusb/src/device/usbd.c.obj
 .text.process_get_descriptor
                0x10005514       0xdc CMakeFiles/mma8451_i2c.dir/C_/Users/giova/Pico_SDK_v1.5.0/pico-sdk/lib/tinyusb/src/device/usbd.c.obj
 .text.tud_mounted
                0x100055f0       0x10 CMakeFiles/mma8451_i2c.dir/C_/Users/giova/Pico_SDK_v1.5.0/pico-sdk/lib/tinyusb/src/device/usbd.c.obj
                0x100055f0                tud_mounted
 .text.tud_suspended
                0x10005600       0x10 CMakeFiles/mma8451_i2c.dir/C_/Users/giova/Pico_SDK_v1.5.0/pico-sdk/lib/tinyusb/src/device/usbd.c.obj
                0x10005600                tud_suspended
 .text.tud_inited
                0x10005610       0x14 CMakeFiles/mma8451_i2c.dir/C_/Users/giova/Pico_SDK_v1.5.0/pico-sdk/lib/tinyusb/src/device/usbd.c.obj
                0x10005610                tud_inited
 .text.tud_init
                0x10005624       0xcc CMakeFiles/mma8451_i2c.dir/C_/Users/giova/Pico_SDK_v1.5.0/pico-sdk/lib/tinyusb/src/device/usbd.c.obj
                0x10005624                tud_init
 .text.usbd_defer_func
                0x100056f0       0x2a CMakeFiles/mma8451_i2c.dir/C_/Users/giova/Pico_SDK_v1.5.0/pico-sdk/lib/tinyusb/src/device/usbd.c.obj
                0x100056f0                usbd_defer_func
 *fill*         0x1000571a        0x2 
 .text.usbd_edpt_open
                0x1000571c       0x34 CMakeFiles/mma8451_i2c.dir/C_/Users/giova/Pico_SDK_v1.5.0/pico-sdk/lib/tinyusb/src/device/usbd.c.obj
                0x1000571c                usbd_edpt_open
 .text.usbd_open_edpt_pair
                0x10005750       0x62 CMakeFiles/mma8451_i2c.dir/C_/Users/giova/Pico_SDK_v1.5.0/pico-sdk/lib/tinyusb/src/device/usbd.c.obj
                0x10005750                usbd_open_edpt_pair
 *fill*         0x100057b2        0x2 
 .text.usbd_edpt_claim
                0x100057b4       0x28 CMakeFiles/mma8451_i2c.dir/C_/Users/giova/Pico_SDK_v1.5.0/pico-sdk/lib/tinyusb/src/device/usbd.c.obj
                0x100057b4                usbd_edpt_claim
 .text.usbd_edpt_release
                0x100057dc       0x28 CMakeFiles/mma8451_i2c.dir/C_/Users/giova/Pico_SDK_v1.5.0/pico-sdk/lib/tinyusb/src/device/usbd.c.obj
                0x100057dc                usbd_edpt_release
 .text.usbd_edpt_xfer
                0x10005804       0x78 CMakeFiles/mma8451_i2c.dir/C_/Users/giova/Pico_SDK_v1.5.0/pico-sdk/lib/tinyusb/src/device/usbd.c.obj
                0x10005804                usbd_edpt_xfer
 .text.usbd_edpt_stall
                0x1000587c       0x48 CMakeFiles/mma8451_i2c.dir/C_/Users/giova/Pico_SDK_v1.5.0/pico-sdk/lib/tinyusb/src/device/usbd.c.obj
                0x1000587c                usbd_edpt_stall
 .text.usbd_edpt_clear_stall
                0x100058c4       0x48 CMakeFiles/mma8451_i2c.dir/C_/Users/giova/Pico_SDK_v1.5.0/pico-sdk/lib/tinyusb/src/device/usbd.c.obj
                0x100058c4                usbd_edpt_clear_stall
 .text.usbd_edpt_stalled
                0x1000590c       0x1c CMakeFiles/mma8451_i2c.dir/C_/Users/giova/Pico_SDK_v1.5.0/pico-sdk/lib/tinyusb/src/device/usbd.c.obj
                0x1000590c                usbd_edpt_stalled
 .text.process_control_request
                0x10005928      0x37c CMakeFiles/mma8451_i2c.dir/C_/Users/giova/Pico_SDK_v1.5.0/pico-sdk/lib/tinyusb/src/device/usbd.c.obj
 .text.tud_task_ext
                0x10005ca4      0x1b4 CMakeFiles/mma8451_i2c.dir/C_/Users/giova/Pico_SDK_v1.5.0/pico-sdk/lib/tinyusb/src/device/usbd.c.obj
                0x10005ca4                tud_task_ext
 .text._data_stage_xact
                0x10005e58       0x58 CMakeFiles/mma8451_i2c.dir/C_/Users/giova/Pico_SDK_v1.5.0/pico-sdk/lib/tinyusb/src/device/usbd_control.c.obj
 .text.tud_control_status
                0x10005eb0       0x38 CMakeFiles/mma8451_i2c.dir/C_/Users/giova/Pico_SDK_v1.5.0/pico-sdk/lib/tinyusb/src/device/usbd_control.c.obj
                0x10005eb0                tud_control_status
 .text.tud_control_xfer
                0x10005ee8       0x74 CMakeFiles/mma8451_i2c.dir/C_/Users/giova/Pico_SDK_v1.5.0/pico-sdk/lib/tinyusb/src/device/usbd_control.c.obj
                0x10005ee8                tud_control_xfer
 .text.usbd_control_reset
                0x10005f5c       0x14 CMakeFiles/mma8451_i2c.dir/C_/Users/giova/Pico_SDK_v1.5.0/pico-sdk/lib/tinyusb/src/device/usbd_control.c.obj
                0x10005f5c                usbd_control_reset
 .text.usbd_control_set_complete_callback
                0x10005f70        0xc CMakeFiles/mma8451_i2c.dir/C_/Users/giova/Pico_SDK_v1.5.0/pico-sdk/lib/tinyusb/src/device/usbd_control.c.obj
                0x10005f70                usbd_control_set_complete_callback
 .text.usbd_control_set_request
                0x10005f7c       0x1c CMakeFiles/mma8451_i2c.dir/C_/Users/giova/Pico_SDK_v1.5.0/pico-sdk/lib/tinyusb/src/device/usbd_control.c.obj
                0x10005f7c                usbd_control_set_request
 .text.usbd_control_xfer_cb
                0x10005f98       0xcc CMakeFiles/mma8451_i2c.dir/C_/Users/giova/Pico_SDK_v1.5.0/pico-sdk/lib/tinyusb/src/device/usbd_control.c.obj
                0x10005f98                usbd_control_xfer_cb
 .text._prep_out_transaction
                0x10006064       0x4a CMakeFiles/mma8451_i2c.dir/C_/Users/giova/Pico_SDK_v1.5.0/pico-sdk/lib/tinyusb/src/class/cdc/cdc_device.c.obj
 *fill*         0x100060ae        0x2 
 .text.tud_cdc_n_connected
                0x100060b0       0x44 CMakeFiles/mma8451_i2c.dir/C_/Users/giova/Pico_SDK_v1.5.0/pico-sdk/lib/tinyusb/src/class/cdc/cdc_device.c.obj
                0x100060b0                tud_cdc_n_connected
 .text.tud_cdc_n_available
                0x100060f4       0x18 CMakeFiles/mma8451_i2c.dir/C_/Users/giova/Pico_SDK_v1.5.0/pico-sdk/lib/tinyusb/src/class/cdc/cdc_device.c.obj
                0x100060f4                tud_cdc_n_available
 .text.tud_cdc_n_read
                0x1000610c       0x28 CMakeFiles/mma8451_i2c.dir/C_/Users/giova/Pico_SDK_v1.5.0/pico-sdk/lib/tinyusb/src/class/cdc/cdc_device.c.obj
                0x1000610c                tud_cdc_n_read
 .text.tud_cdc_n_write_flush
                0x10006134       0xb8 CMakeFiles/mma8451_i2c.dir/C_/Users/giova/Pico_SDK_v1.5.0/pico-sdk/lib/tinyusb/src/class/cdc/cdc_device.c.obj
                0x10006134                tud_cdc_n_write_flush
 .text.tud_cdc_n_write
                0x100061ec       0x38 CMakeFiles/mma8451_i2c.dir/C_/Users/giova/Pico_SDK_v1.5.0/pico-sdk/lib/tinyusb/src/class/cdc/cdc_device.c.obj
                0x100061ec                tud_cdc_n_write
 .text.tud_cdc_n_write_available
                0x10006224       0x1c CMakeFiles/mma8451_i2c.dir/C_/Users/giova/Pico_SDK_v1.5.0/pico-sdk/lib/tinyusb/src/class/cdc/cdc_device.c.obj
                0x10006224                tud_cdc_n_write_available
 .text.cdcd_init
                0x10006240       0xbc CMakeFiles/mma8451_i2c.dir/C_/Users/giova/Pico_SDK_v1.5.0/pico-sdk/lib/tinyusb/src/class/cdc/cdc_device.c.obj
                0x10006240                cdcd_init
 .text.cdcd_reset
                0x100062fc       0x44 CMakeFiles/mma8451_i2c.dir/C_/Users/giova/Pico_SDK_v1.5.0/pico-sdk/lib/tinyusb/src/class/cdc/cdc_device.c.obj
                0x100062fc                cdcd_reset
 .text.cdcd_open
                0x10006340       0xcc CMakeFiles/mma8451_i2c.dir/C_/Users/giova/Pico_SDK_v1.5.0/pico-sdk/lib/tinyusb/src/class/cdc/cdc_device.c.obj
                0x10006340                cdcd_open
 .text.cdcd_control_xfer_cb
                0x1000640c      0x134 CMakeFiles/mma8451_i2c.dir/C_/Users/giova/Pico_SDK_v1.5.0/pico-sdk/lib/tinyusb/src/class/cdc/cdc_device.c.obj
                0x1000640c                cdcd_control_xfer_cb
 .text.cdcd_xfer_cb
                0x10006540      0x130 CMakeFiles/mma8451_i2c.dir/C_/Users/giova/Pico_SDK_v1.5.0/pico-sdk/lib/tinyusb/src/class/cdc/cdc_device.c.obj
                0x10006540                cdcd_xfer_cb
 .text.tusb_init
                0x10006670        0xa CMakeFiles/mma8451_i2c.dir/C_/Users/giova/Pico_SDK_v1.5.0/pico-sdk/lib/tinyusb/src/tusb.c.obj
                0x10006670                tusb_init
 .text.tusb_inited
                0x1000667a        0xe CMakeFiles/mma8451_i2c.dir/C_/Users/giova/Pico_SDK_v1.5.0/pico-sdk/lib/tinyusb/src/tusb.c.obj
                0x1000667a                tusb_inited
 .text.tu_edpt_claim
                0x10006688       0x50 CMakeFiles/mma8451_i2c.dir/C_/Users/giova/Pico_SDK_v1.5.0/pico-sdk/lib/tinyusb/src/tusb.c.obj
                0x10006688                tu_edpt_claim
 .text.tu_edpt_release
                0x100066d8       0x3c CMakeFiles/mma8451_i2c.dir/C_/Users/giova/Pico_SDK_v1.5.0/pico-sdk/lib/tinyusb/src/tusb.c.obj
                0x100066d8                tu_edpt_release
 .text.tu_edpt_validate
                0x10006714       0x78 CMakeFiles/mma8451_i2c.dir/C_/Users/giova/Pico_SDK_v1.5.0/pico-sdk/lib/tinyusb/src/tusb.c.obj
                0x10006714                tu_edpt_validate
 .text.tu_edpt_bind_driver
                0x1000678c       0x26 CMakeFiles/mma8451_i2c.dir/C_/Users/giova/Pico_SDK_v1.5.0/pico-sdk/lib/tinyusb/src/tusb.c.obj
                0x1000678c                tu_edpt_bind_driver
 .text.advance_index
                0x100067b2       0x1a CMakeFiles/mma8451_i2c.dir/C_/Users/giova/Pico_SDK_v1.5.0/pico-sdk/lib/tinyusb/src/common/tusb_fifo.c.obj
 .text._tu_fifo_peek
                0x100067cc       0x56 CMakeFiles/mma8451_i2c.dir/C_/Users/giova/Pico_SDK_v1.5.0/pico-sdk/lib/tinyusb/src/common/tusb_fifo.c.obj
 .text._ff_pull_const_addr
                0x10006822       0x4c CMakeFiles/mma8451_i2c.dir/C_/Users/giova/Pico_SDK_v1.5.0/pico-sdk/lib/tinyusb/src/common/tusb_fifo.c.obj
 .text._ff_pull_n
                0x1000686e      0x110 CMakeFiles/mma8451_i2c.dir/C_/Users/giova/Pico_SDK_v1.5.0/pico-sdk/lib/tinyusb/src/common/tusb_fifo.c.obj
 .text._tu_fifo_peek_n
                0x1000697e       0x6a CMakeFiles/mma8451_i2c.dir/C_/Users/giova/Pico_SDK_v1.5.0/pico-sdk/lib/tinyusb/src/common/tusb_fifo.c.obj
 .text._tu_fifo_read_n
                0x100069e8       0x4e CMakeFiles/mma8451_i2c.dir/C_/Users/giova/Pico_SDK_v1.5.0/pico-sdk/lib/tinyusb/src/common/tusb_fifo.c.obj
 .text._ff_push_const_addr
                0x10006a36       0x40 CMakeFiles/mma8451_i2c.dir/C_/Users/giova/Pico_SDK_v1.5.0/pico-sdk/lib/tinyusb/src/common/tusb_fifo.c.obj
 .text._ff_push_n
                0x10006a76      0x10c CMakeFiles/mma8451_i2c.dir/C_/Users/giova/Pico_SDK_v1.5.0/pico-sdk/lib/tinyusb/src/common/tusb_fifo.c.obj
 .text._tu_fifo_write_n
                0x10006b82       0xf0 CMakeFiles/mma8451_i2c.dir/C_/Users/giova/Pico_SDK_v1.5.0/pico-sdk/lib/tinyusb/src/common/tusb_fifo.c.obj
 .text.tu_fifo_config
                0x10006c72       0x7c CMakeFiles/mma8451_i2c.dir/C_/Users/giova/Pico_SDK_v1.5.0/pico-sdk/lib/tinyusb/src/common/tusb_fifo.c.obj
                0x10006c72                tu_fifo_config
 .text.tu_fifo_count
                0x10006cee       0x2a CMakeFiles/mma8451_i2c.dir/C_/Users/giova/Pico_SDK_v1.5.0/pico-sdk/lib/tinyusb/src/common/tusb_fifo.c.obj
                0x10006cee                tu_fifo_count
 .text.tu_fifo_empty
                0x10006d18       0x10 CMakeFiles/mma8451_i2c.dir/C_/Users/giova/Pico_SDK_v1.5.0/pico-sdk/lib/tinyusb/src/common/tusb_fifo.c.obj
                0x10006d18                tu_fifo_empty
 .text.tu_fifo_full
                0x10006d28       0x28 CMakeFiles/mma8451_i2c.dir/C_/Users/giova/Pico_SDK_v1.5.0/pico-sdk/lib/tinyusb/src/common/tusb_fifo.c.obj
                0x10006d28                tu_fifo_full
 .text.tu_fifo_remaining
                0x10006d50       0x2c CMakeFiles/mma8451_i2c.dir/C_/Users/giova/Pico_SDK_v1.5.0/pico-sdk/lib/tinyusb/src/common/tusb_fifo.c.obj
                0x10006d50                tu_fifo_remaining
 .text.tu_fifo_read
                0x10006d7c       0x42 CMakeFiles/mma8451_i2c.dir/C_/Users/giova/Pico_SDK_v1.5.0/pico-sdk/lib/tinyusb/src/common/tusb_fifo.c.obj
                0x10006d7c                tu_fifo_read
 .text.tu_fifo_read_n
                0x10006dbe        0xa CMakeFiles/mma8451_i2c.dir/C_/Users/giova/Pico_SDK_v1.5.0/pico-sdk/lib/tinyusb/src/common/tusb_fifo.c.obj
                0x10006dbe                tu_fifo_read_n
 .text.tu_fifo_write
                0x10006dc8       0x64 CMakeFiles/mma8451_i2c.dir/C_/Users/giova/Pico_SDK_v1.5.0/pico-sdk/lib/tinyusb/src/common/tusb_fifo.c.obj
                0x10006dc8                tu_fifo_write
 .text.tu_fifo_write_n
                0x10006e2c        0xa CMakeFiles/mma8451_i2c.dir/C_/Users/giova/Pico_SDK_v1.5.0/pico-sdk/lib/tinyusb/src/common/tusb_fifo.c.obj
                0x10006e2c                tu_fifo_write_n
 .text.tu_fifo_clear
                0x10006e36       0x3e CMakeFiles/mma8451_i2c.dir/C_/Users/giova/Pico_SDK_v1.5.0/pico-sdk/lib/tinyusb/src/common/tusb_fifo.c.obj
                0x10006e36                tu_fifo_clear
 .text.tu_fifo_set_overwritable
                0x10006e74       0x46 CMakeFiles/mma8451_i2c.dir/C_/Users/giova/Pico_SDK_v1.5.0/pico-sdk/lib/tinyusb/src/common/tusb_fifo.c.obj
                0x10006e74                tu_fifo_set_overwritable
 .text.i2c_write_blocking_internal
                0x10006eba      0x140 CMakeFiles/mma8451_i2c.dir/C_/Users/giova/Pico_SDK_v1.5.0/pico-sdk/src/rp2_common/hardware_i2c/i2c.c.obj
 .text.i2c_read_blocking_internal
                0x10006ffa       0xe6 CMakeFiles/mma8451_i2c.dir/C_/Users/giova/Pico_SDK_v1.5.0/pico-sdk/src/rp2_common/hardware_i2c/i2c.c.obj
 .text.i2c_set_baudrate
                0x100070e0       0xf0 CMakeFiles/mma8451_i2c.dir/C_/Users/giova/Pico_SDK_v1.5.0/pico-sdk/src/rp2_common/hardware_i2c/i2c.c.obj
                0x100070e0                i2c_set_baudrate
 .text.i2c_init
                0x100071d0       0x58 CMakeFiles/mma8451_i2c.dir/C_/Users/giova/Pico_SDK_v1.5.0/pico-sdk/src/rp2_common/hardware_i2c/i2c.c.obj
                0x100071d0                i2c_init
 .text.i2c_write_blocking
                0x10007228       0x18 CMakeFiles/mma8451_i2c.dir/C_/Users/giova/Pico_SDK_v1.5.0/pico-sdk/src/rp2_common/hardware_i2c/i2c.c.obj
                0x10007228                i2c_write_blocking
 .text.i2c_read_blocking
                0x10007240       0x18 CMakeFiles/mma8451_i2c.dir/C_/Users/giova/Pico_SDK_v1.5.0/pico-sdk/src/rp2_common/hardware_i2c/i2c.c.obj
                0x10007240                i2c_read_blocking
 .text.strlen   0x10007258       0x5c c:/users/giova/picosd~1.0/gcc-ar~1/bin/../lib/gcc/arm-none-eabi/10.3.1/../../../../arm-none-eabi/lib/thumb/v6-m/nofp\libg.a(lib_a-strlen-stub.o)
                0x10007258                strlen
 *(.fini)
 .fini          0x100072b4        0x4 c:/users/giova/picosd~1.0/gcc-ar~1/bin/../lib/gcc/arm-none-eabi/10.3.1/thumb/v6-m/nofp/crti.o
                0x100072b4                _fini
 .fini.__stub   0x100072b8       0xe0 linker stubs
 *crtbegin.o(.ctors)
 *crtbegin?.o(.ctors)
 *(EXCLUDE_FILE(*crtend.o *crtend?.o) .ctors)
 *(SORT_BY_NAME(.ctors.*))
 *(.ctors)
 *crtbegin.o(.dtors)
 *crtbegin?.o(.dtors)
 *(EXCLUDE_FILE(*crtend.o *crtend?.o) .dtors)
 *(SORT_BY_NAME(.dtors.*))
 *(.dtors)
 *(.eh_frame*)
 .eh_frame      0x10007398        0x0 c:/users/giova/picosd~1.0/gcc-ar~1/bin/../lib/gcc/arm-none-eabi/10.3.1/thumb/v6-m/nofp/crtbegin.o
                0x10007398                . = ALIGN (0x4)

.glue_7         0x10007398        0x0
 .glue_7        0x10007398        0x0 linker stubs

.glue_7t        0x10007398        0x0
 .glue_7t       0x10007398        0x0 linker stubs

.vfp11_veneer   0x10007398        0x0
 .vfp11_veneer  0x10007398        0x0 linker stubs

.v4_bx          0x10007398        0x0
 .v4_bx         0x10007398        0x0 linker stubs

.iplt           0x10007398        0x0
 .iplt          0x10007398        0x0 c:/users/giova/picosd~1.0/gcc-ar~1/bin/../lib/gcc/arm-none-eabi/10.3.1/thumb/v6-m/nofp/crtbegin.o

.rodata         0x10007398     0x1778
 *(EXCLUDE_FILE(*libm.a: *libc.a:*lib_a-mem*.o *libgcc.a:) .rodata*)
 .rodata.main.str1.4
                0x10007398       0xab CMakeFiles/mma8451_i2c.dir/mma8451_i2c.c.obj
 .rodata.REG_X_MSB
                0x10007443        0x1 CMakeFiles/mma8451_i2c.dir/mma8451_i2c.c.obj
                0x10007443                REG_X_MSB
 .rodata.REG_Y_MSB
                0x10007444        0x1 CMakeFiles/mma8451_i2c.dir/mma8451_i2c.c.obj
                0x10007444                REG_Y_MSB
 .rodata.REG_Z_MSB
                0x10007445        0x1 CMakeFiles/mma8451_i2c.dir/mma8451_i2c.c.obj
                0x10007445                REG_Z_MSB
 *fill*         0x10007446        0x2 
 .rodata.__bi_83.0
                0x10007448        0x8 CMakeFiles/mma8451_i2c.dir/mma8451_i2c.c.obj
 .rodata.spin_lock_claim_unused.str1.4
                0x10007450       0x1b CMakeFiles/mma8451_i2c.dir/C_/Users/giova/Pico_SDK_v1.5.0/pico-sdk/src/rp2_common/hardware_sync/sync.c.obj
 *fill*         0x1000746b        0x1 
 .rodata.make_branch.str1.4
                0x1000746c       0x7a CMakeFiles/mma8451_i2c.dir/C_/Users/giova/Pico_SDK_v1.5.0/pico-sdk/src/rp2_common/hardware_irq/irq.c.obj
 *fill*         0x100074e6        0x2 
 .rodata.insert_branch_and_link.str1.4
                0x100074e8       0x10 CMakeFiles/mma8451_i2c.dir/C_/Users/giova/Pico_SDK_v1.5.0/pico-sdk/src/rp2_common/hardware_irq/irq.c.obj
 .rodata.irq_set_exclusive_handler.str1.4
                0x100074f8       0x36 CMakeFiles/mma8451_i2c.dir/C_/Users/giova/Pico_SDK_v1.5.0/pico-sdk/src/rp2_common/hardware_irq/irq.c.obj
 *fill*         0x1000752e        0x2 
 .rodata.irq_add_shared_handler.str1.4
                0x10007530       0xd9 CMakeFiles/mma8451_i2c.dir/C_/Users/giova/Pico_SDK_v1.5.0/pico-sdk/src/rp2_common/hardware_irq/irq.c.obj
 *fill*         0x10007609        0x3 
 .rodata.irq_remove_handler.str1.4
                0x1000760c       0x3a CMakeFiles/mma8451_i2c.dir/C_/Users/giova/Pico_SDK_v1.5.0/pico-sdk/src/rp2_common/hardware_irq/irq.c.obj
 *fill*         0x10007646        0x2 
 .rodata.irq_add_tail_to_free_list.str1.4
                0x10007648       0x3a CMakeFiles/mma8451_i2c.dir/C_/Users/giova/Pico_SDK_v1.5.0/pico-sdk/src/rp2_common/hardware_irq/irq.c.obj
 *fill*         0x10007682        0x2 
 .rodata.user_irq_claim_unused.str1.4
                0x10007684       0x1b CMakeFiles/mma8451_i2c.dir/C_/Users/giova/Pico_SDK_v1.5.0/pico-sdk/src/rp2_common/hardware_irq/irq.c.obj
 *fill*         0x1000769f        0x1 
 .rodata.__func__.0
                0x100076a0       0x1a CMakeFiles/mma8451_i2c.dir/C_/Users/giova/Pico_SDK_v1.5.0/pico-sdk/src/rp2_common/hardware_irq/irq.c.obj
 *fill*         0x100076ba        0x2 
 .rodata.__func__.1
                0x100076bc       0x17 CMakeFiles/mma8451_i2c.dir/C_/Users/giova/Pico_SDK_v1.5.0/pico-sdk/src/rp2_common/hardware_irq/irq.c.obj
 *fill*         0x100076d3        0x1 
 .rodata.__func__.2
                0x100076d4       0x13 CMakeFiles/mma8451_i2c.dir/C_/Users/giova/Pico_SDK_v1.5.0/pico-sdk/src/rp2_common/hardware_irq/irq.c.obj
 *fill*         0x100076e7        0x1 
 .rodata.__func__.3
                0x100076e8        0xc CMakeFiles/mma8451_i2c.dir/C_/Users/giova/Pico_SDK_v1.5.0/pico-sdk/src/rp2_common/hardware_irq/irq.c.obj
 .rodata.__func__.4
                0x100076f4        0xf CMakeFiles/mma8451_i2c.dir/C_/Users/giova/Pico_SDK_v1.5.0/pico-sdk/src/rp2_common/hardware_irq/irq.c.obj
 *fill*         0x10007703        0x1 
 .rodata.__func__.5
                0x10007704       0x17 CMakeFiles/mma8451_i2c.dir/C_/Users/giova/Pico_SDK_v1.5.0/pico-sdk/src/rp2_common/hardware_irq/irq.c.obj
 *fill*         0x1000771b        0x1 
 .rodata.__func__.6
                0x1000771c       0x1a CMakeFiles/mma8451_i2c.dir/C_/Users/giova/Pico_SDK_v1.5.0/pico-sdk/src/rp2_common/hardware_irq/irq.c.obj
 *fill*         0x10007736        0x2 
 .rodata.str1.4
                0x10007738      0x109 CMakeFiles/mma8451_i2c.dir/C_/Users/giova/Pico_SDK_v1.5.0/pico-sdk/src/common/pico_sync/mutex.c.obj
 *fill*         0x10007841        0x3 
 .rodata.__func__.1
                0x10007844        0xb CMakeFiles/mma8451_i2c.dir/C_/Users/giova/Pico_SDK_v1.5.0/pico-sdk/src/common/pico_sync/mutex.c.obj
 *fill*         0x1000784f        0x1 
 .rodata.__func__.3
                0x10007850       0x18 CMakeFiles/mma8451_i2c.dir/C_/Users/giova/Pico_SDK_v1.5.0/pico-sdk/src/common/pico_sync/mutex.c.obj
 .rodata.__func__.4
                0x10007868       0x15 CMakeFiles/mma8451_i2c.dir/C_/Users/giova/Pico_SDK_v1.5.0/pico-sdk/src/common/pico_sync/mutex.c.obj
 *fill*         0x1000787d        0x3 
 .rodata.repeating_timer_callback.str1.4
                0x10007880       0x58 CMakeFiles/mma8451_i2c.dir/C_/Users/giova/Pico_SDK_v1.5.0/pico-sdk/src/common/pico_time/time.c.obj
 .rodata.timer_pool_entry_comparator.str1.4
                0x100078d8       0x22 CMakeFiles/mma8451_i2c.dir/C_/Users/giova/Pico_SDK_v1.5.0/pico-sdk/src/common/pico_time/time.c.obj
 *fill*         0x100078fa        0x2 
 .rodata.ph_add_child_node.str1.4
                0x100078fc       0xa2 CMakeFiles/mma8451_i2c.dir/C_/Users/giova/Pico_SDK_v1.5.0/pico-sdk/src/common/pico_time/time.c.obj
 *fill*         0x1000799e        0x2 
 .rodata.add_alarm_under_lock.str1.4
                0x100079a0       0x28 CMakeFiles/mma8451_i2c.dir/C_/Users/giova/Pico_SDK_v1.5.0/pico-sdk/src/common/pico_time/time.c.obj
                                 0x2b (size before relaxing)
 .rodata.alarm_pool_alarm_callback.str1.4
                0x100079c8       0x98 CMakeFiles/mma8451_i2c.dir/C_/Users/giova/Pico_SDK_v1.5.0/pico-sdk/src/common/pico_time/time.c.obj
                                0x108 (size before relaxing)
 .rodata.alarm_pool_get_default.str1.4
                0x10007a60       0x21 CMakeFiles/mma8451_i2c.dir/C_/Users/giova/Pico_SDK_v1.5.0/pico-sdk/src/common/pico_time/time.c.obj
 *fill*         0x10007a81        0x3 
 .rodata.alarm_pool_cancel_alarm.str1.4
                0x10007a84       0x27 CMakeFiles/mma8451_i2c.dir/C_/Users/giova/Pico_SDK_v1.5.0/pico-sdk/src/common/pico_time/time.c.obj
 *fill*         0x10007aab        0x1 
 .rodata.sleep_until.str1.4
                0x10007aac       0x4d CMakeFiles/mma8451_i2c.dir/C_/Users/giova/Pico_SDK_v1.5.0/pico-sdk/src/common/pico_time/time.c.obj
 *fill*         0x10007af9        0x3 
 .rodata.__func__.1
                0x10007afc       0x18 CMakeFiles/mma8451_i2c.dir/C_/Users/giova/Pico_SDK_v1.5.0/pico-sdk/src/common/pico_time/time.c.obj
 .rodata.__func__.10
                0x10007b14       0x15 CMakeFiles/mma8451_i2c.dir/C_/Users/giova/Pico_SDK_v1.5.0/pico-sdk/src/common/pico_time/time.c.obj
 *fill*         0x10007b29        0x3 
 .rodata.__func__.11
                0x10007b2c       0x1a CMakeFiles/mma8451_i2c.dir/C_/Users/giova/Pico_SDK_v1.5.0/pico-sdk/src/common/pico_time/time.c.obj
 *fill*         0x10007b46        0x2 
 .rodata.__func__.12
                0x10007b48        0xa CMakeFiles/mma8451_i2c.dir/C_/Users/giova/Pico_SDK_v1.5.0/pico-sdk/src/common/pico_time/time.c.obj
 *fill*         0x10007b52        0x2 
 .rodata.__func__.3
                0x10007b54       0x17 CMakeFiles/mma8451_i2c.dir/C_/Users/giova/Pico_SDK_v1.5.0/pico-sdk/src/common/pico_time/time.c.obj
 *fill*         0x10007b6b        0x1 
 .rodata.__func__.4
                0x10007b6c       0x12 CMakeFiles/mma8451_i2c.dir/C_/Users/giova/Pico_SDK_v1.5.0/pico-sdk/src/common/pico_time/time.c.obj
 *fill*         0x10007b7e        0x2 
 .rodata.__func__.5
                0x10007b80        0xd CMakeFiles/mma8451_i2c.dir/C_/Users/giova/Pico_SDK_v1.5.0/pico-sdk/src/common/pico_time/time.c.obj
 *fill*         0x10007b8d        0x3 
 .rodata.__func__.6
                0x10007b90       0x12 CMakeFiles/mma8451_i2c.dir/C_/Users/giova/Pico_SDK_v1.5.0/pico-sdk/src/common/pico_time/time.c.obj
 *fill*         0x10007ba2        0x2 
 .rodata.__func__.7
                0x10007ba4        0xf CMakeFiles/mma8451_i2c.dir/C_/Users/giova/Pico_SDK_v1.5.0/pico-sdk/src/common/pico_time/time.c.obj
 *fill*         0x10007bb3        0x1 
 .rodata.__func__.8
                0x10007bb4        0xc CMakeFiles/mma8451_i2c.dir/C_/Users/giova/Pico_SDK_v1.5.0/pico-sdk/src/common/pico_time/time.c.obj
 .rodata.__func__.9
                0x10007bc0       0x15 CMakeFiles/mma8451_i2c.dir/C_/Users/giova/Pico_SDK_v1.5.0/pico-sdk/src/common/pico_time/time.c.obj
 *fill*         0x10007bd5        0x3 
 .rodata.hardware_alarm_claim.str1.4
                0x10007bd8       0x22 CMakeFiles/mma8451_i2c.dir/C_/Users/giova/Pico_SDK_v1.5.0/pico-sdk/src/rp2_common/hardware_timer/timer.c.obj
 *fill*         0x10007bfa        0x2 
 .rodata.hardware_alarm_set_target.str1.4
                0x10007bfc       0x72 CMakeFiles/mma8451_i2c.dir/C_/Users/giova/Pico_SDK_v1.5.0/pico-sdk/src/rp2_common/hardware_timer/timer.c.obj
 *fill*         0x10007c6e        0x2 
 .rodata.__func__.0
                0x10007c70       0x1a CMakeFiles/mma8451_i2c.dir/C_/Users/giova/Pico_SDK_v1.5.0/pico-sdk/src/rp2_common/hardware_timer/timer.c.obj
 .rodata.ph_add_child_node.str1.4
                0x10007c8a       0xa2 CMakeFiles/mma8451_i2c.dir/C_/Users/giova/Pico_SDK_v1.5.0/pico-sdk/src/common/pico_util/pheap.c.obj
 *fill*         0x10007c8a        0x2 
 .rodata.ph_remove_any_head.str1.4
                0x10007c8c       0x9c CMakeFiles/mma8451_i2c.dir/C_/Users/giova/Pico_SDK_v1.5.0/pico-sdk/src/common/pico_util/pheap.c.obj
                                 0xb0 (size before relaxing)
 .rodata.ph_remove_and_free_node.str1.4
                0x10007d28       0x1e CMakeFiles/mma8451_i2c.dir/C_/Users/giova/Pico_SDK_v1.5.0/pico-sdk/src/common/pico_util/pheap.c.obj
                                 0x26 (size before relaxing)
 *fill*         0x10007d46        0x2 
 .rodata.__func__.0
                0x10007d48       0x18 CMakeFiles/mma8451_i2c.dir/C_/Users/giova/Pico_SDK_v1.5.0/pico-sdk/src/common/pico_util/pheap.c.obj
 .rodata.__func__.1
                0x10007d60       0x13 CMakeFiles/mma8451_i2c.dir/C_/Users/giova/Pico_SDK_v1.5.0/pico-sdk/src/common/pico_util/pheap.c.obj
 *fill*         0x10007d73        0x1 
 .rodata.__func__.2
                0x10007d74       0x12 CMakeFiles/mma8451_i2c.dir/C_/Users/giova/Pico_SDK_v1.5.0/pico-sdk/src/common/pico_util/pheap.c.obj
 *fill*         0x10007d86        0x2 
 .rodata.__func__.3
                0x10007d88        0xc CMakeFiles/mma8451_i2c.dir/C_/Users/giova/Pico_SDK_v1.5.0/pico-sdk/src/common/pico_util/pheap.c.obj
 .rodata.clock_configure.str1.4
                0x10007d94       0x64 CMakeFiles/mma8451_i2c.dir/C_/Users/giova/Pico_SDK_v1.5.0/pico-sdk/src/rp2_common/hardware_clocks/clocks.c.obj
 .rodata.__func__.1
                0x10007df8       0x10 CMakeFiles/mma8451_i2c.dir/C_/Users/giova/Pico_SDK_v1.5.0/pico-sdk/src/rp2_common/hardware_clocks/clocks.c.obj
 .rodata.pll_init.str1.4
                0x10007e08      0x12f CMakeFiles/mma8451_i2c.dir/C_/Users/giova/Pico_SDK_v1.5.0/pico-sdk/src/rp2_common/hardware_pll/pll.c.obj
 *fill*         0x10007f37        0x1 
 .rodata.__func__.0
                0x10007f38        0x9 CMakeFiles/mma8451_i2c.dir/C_/Users/giova/Pico_SDK_v1.5.0/pico-sdk/src/rp2_common/hardware_pll/pll.c.obj
 *fill*         0x10007f41        0x3 
 .rodata.__assert_func.str1.4
                0x10007f44       0x3f CMakeFiles/mma8451_i2c.dir/C_/Users/giova/Pico_SDK_v1.5.0/pico-sdk/src/rp2_common/pico_runtime/runtime.c.obj
                                 0x43 (size before relaxing)
 *fill*         0x10007f83        0x1 
 .rodata.runtime_init.str1.4
                0x10007f84       0x6e CMakeFiles/mma8451_i2c.dir/C_/Users/giova/Pico_SDK_v1.5.0/pico-sdk/src/rp2_common/pico_runtime/runtime.c.obj
 *fill*         0x10007ff2        0x2 
 .rodata.panic.str1.4
                0x10007ff4       0x12 CMakeFiles/mma8451_i2c.dir/C_/Users/giova/Pico_SDK_v1.5.0/pico-sdk/src/rp2_common/pico_runtime/runtime.c.obj
 *fill*         0x10008006        0x2 
 .rodata.__func__.2
                0x10008008        0xd CMakeFiles/mma8451_i2c.dir/C_/Users/giova/Pico_SDK_v1.5.0/pico-sdk/src/rp2_common/pico_runtime/runtime.c.obj
 *fill*         0x10008015        0x3 
 .rodata._ftoa.str1.4
                0x10008018       0x15 CMakeFiles/mma8451_i2c.dir/C_/Users/giova/Pico_SDK_v1.5.0/pico-sdk/src/rp2_common/pico_printf/printf.c.obj
 *fill*         0x1000802d        0x3 
 .rodata._vsnprintf
                0x10008030      0x1e0 CMakeFiles/mma8451_i2c.dir/C_/Users/giova/Pico_SDK_v1.5.0/pico-sdk/src/rp2_common/pico_printf/printf.c.obj
 .rodata.pow10.0
                0x10008210       0x50 CMakeFiles/mma8451_i2c.dir/C_/Users/giova/Pico_SDK_v1.5.0/pico-sdk/src/rp2_common/pico_printf/printf.c.obj
 .rodata.__aeabi_double_init.str1.4
                0x10008260       0xb5 CMakeFiles/mma8451_i2c.dir/C_/Users/giova/Pico_SDK_v1.5.0/pico-sdk/src/rp2_common/pico_double/double_init_rom.c.obj
 *fill*         0x10008315        0x3 
 .rodata.__func__.0
                0x10008318       0x14 CMakeFiles/mma8451_i2c.dir/C_/Users/giova/Pico_SDK_v1.5.0/pico-sdk/src/rp2_common/pico_double/double_init_rom.c.obj
 .rodata.__aeabi_float_init.str1.4
                0x1000832c       0x87 CMakeFiles/mma8451_i2c.dir/C_/Users/giova/Pico_SDK_v1.5.0/pico-sdk/src/rp2_common/pico_float/float_init_rom.c.obj
                                 0x8b (size before relaxing)
 *fill*         0x100083b3        0x1 
 .rodata.__func__.0
                0x100083b4       0x13 CMakeFiles/mma8451_i2c.dir/C_/Users/giova/Pico_SDK_v1.5.0/pico-sdk/src/rp2_common/pico_float/float_init_rom.c.obj
 *fill*         0x100083c7        0x1 
 .rodata.str1.4
                0x100083c8       0x40 CMakeFiles/mma8451_i2c.dir/C_/Users/giova/Pico_SDK_v1.5.0/pico-sdk/src/rp2_common/pico_standard_link/binary_info.c.obj
 .rodata.__bi_44
                0x10008408        0xc CMakeFiles/mma8451_i2c.dir/C_/Users/giova/Pico_SDK_v1.5.0/pico-sdk/src/rp2_common/pico_standard_link/binary_info.c.obj
 .rodata.__bi_75
                0x10008414        0xc CMakeFiles/mma8451_i2c.dir/C_/Users/giova/Pico_SDK_v1.5.0/pico-sdk/src/rp2_common/pico_standard_link/binary_info.c.obj
 .rodata.__bi_81
                0x10008420        0xc CMakeFiles/mma8451_i2c.dir/C_/Users/giova/Pico_SDK_v1.5.0/pico-sdk/src/rp2_common/pico_standard_link/binary_info.c.obj
 .rodata.stdout_serialize_begin.str1.4
                0x1000842c       0x6e CMakeFiles/mma8451_i2c.dir/C_/Users/giova/Pico_SDK_v1.5.0/pico-sdk/src/rp2_common/pico_stdio/stdio.c.obj
 .rodata.__func__.3
                0x1000842c       0x15 CMakeFiles/mma8451_i2c.dir/C_/Users/giova/Pico_SDK_v1.5.0/pico-sdk/src/rp2_common/pico_stdio/stdio.c.obj
 *fill*         0x10008441        0x3 
 .rodata.crlf_str.2
                0x10008444        0x2 CMakeFiles/mma8451_i2c.dir/C_/Users/giova/Pico_SDK_v1.5.0/pico-sdk/src/rp2_common/pico_stdio/stdio.c.obj
 *fill*         0x10008446        0x2 
 .rodata._resetd_driver
                0x10008448       0x18 CMakeFiles/mma8451_i2c.dir/C_/Users/giova/Pico_SDK_v1.5.0/pico-sdk/src/rp2_common/pico_stdio_usb/reset_interface.c.obj
 .rodata.low_priority_worker_irq.str1.4
                0x10008460       0x6e CMakeFiles/mma8451_i2c.dir/C_/Users/giova/Pico_SDK_v1.5.0/pico-sdk/src/rp2_common/pico_stdio_usb/stdio_usb.c.obj
 .rodata.stdio_usb_init.str1.4
                0x10008460       0x52 CMakeFiles/mma8451_i2c.dir/C_/Users/giova/Pico_SDK_v1.5.0/pico-sdk/src/rp2_common/pico_stdio_usb/stdio_usb.c.obj
                                 0x5a (size before relaxing)
 *fill*         0x100084b2        0x2 
 .rodata.str1.4
                0x100084b4       0x13 CMakeFiles/mma8451_i2c.dir/C_/Users/giova/Pico_SDK_v1.5.0/pico-sdk/src/rp2_common/pico_stdio_usb/stdio_usb.c.obj
 *fill*         0x100084c7        0x1 
 .rodata.__bi_188.0
                0x100084c8        0xc CMakeFiles/mma8451_i2c.dir/C_/Users/giova/Pico_SDK_v1.5.0/pico-sdk/src/rp2_common/pico_stdio_usb/stdio_usb.c.obj
 .rodata.__func__.1
                0x100084d4        0xf CMakeFiles/mma8451_i2c.dir/C_/Users/giova/Pico_SDK_v1.5.0/pico-sdk/src/rp2_common/pico_stdio_usb/stdio_usb.c.obj
 *fill*         0x100084e3        0x1 
 .rodata.__func__.3
                0x100084e4       0x15 CMakeFiles/mma8451_i2c.dir/C_/Users/giova/Pico_SDK_v1.5.0/pico-sdk/src/rp2_common/pico_stdio_usb/stdio_usb.c.obj
 *fill*         0x100084f9        0x3 
 .rodata.str1.4
                0x100084fc       0x2a CMakeFiles/mma8451_i2c.dir/C_/Users/giova/Pico_SDK_v1.5.0/pico-sdk/src/rp2_common/pico_stdio_usb/stdio_usb_descriptors.c.obj
 *fill*         0x10008526        0x2 
 .rodata.usbd_desc_cfg
                0x10008528       0x54 CMakeFiles/mma8451_i2c.dir/C_/Users/giova/Pico_SDK_v1.5.0/pico-sdk/src/rp2_common/pico_stdio_usb/stdio_usb_descriptors.c.obj
 .rodata.usbd_desc_device
                0x1000857c       0x12 CMakeFiles/mma8451_i2c.dir/C_/Users/giova/Pico_SDK_v1.5.0/pico-sdk/src/rp2_common/pico_stdio_usb/stdio_usb_descriptors.c.obj
 *fill*         0x1000858e        0x2 
 .rodata.usbd_desc_str
                0x10008590       0x18 CMakeFiles/mma8451_i2c.dir/C_/Users/giova/Pico_SDK_v1.5.0/pico-sdk/src/rp2_common/pico_stdio_usb/stdio_usb_descriptors.c.obj
 .rodata.pico_get_unique_board_id_string.str1.4
                0x100085a8       0x5a CMakeFiles/mma8451_i2c.dir/C_/Users/giova/Pico_SDK_v1.5.0/pico-sdk/src/rp2_common/pico_unique_id/unique_id.c.obj
 *fill*         0x10008602        0x2 
 .rodata.__func__.0
                0x10008604       0x20 CMakeFiles/mma8451_i2c.dir/C_/Users/giova/Pico_SDK_v1.5.0/pico-sdk/src/rp2_common/pico_unique_id/unique_id.c.obj
 .rodata.str1.4
                0x10008624      0x166 CMakeFiles/mma8451_i2c.dir/C_/Users/giova/Pico_SDK_v1.5.0/pico-sdk/src/rp2_common/hardware_flash/flash.c.obj
 *fill*         0x1000878a        0x2 
 .rodata.__func__.0
                0x1000878c        0xd CMakeFiles/mma8451_i2c.dir/C_/Users/giova/Pico_SDK_v1.5.0/pico-sdk/src/rp2_common/hardware_flash/flash.c.obj
 *fill*         0x10008799        0x3 
 .rodata._hw_endpoint_alloc.str1.4
                0x1000879c       0xc5 CMakeFiles/mma8451_i2c.dir/C_/Users/giova/Pico_SDK_v1.5.0/pico-sdk/lib/tinyusb/src/portable/raspberrypi/rp2040/dcd_rp2040.c.obj
 *fill*         0x10008861        0x3 
 .rodata.str1.4
                0x10008864       0x14 CMakeFiles/mma8451_i2c.dir/C_/Users/giova/Pico_SDK_v1.5.0/pico-sdk/lib/tinyusb/src/portable/raspberrypi/rp2040/dcd_rp2040.c.obj
 .rodata.dcd_int_enable.str1.4
                0x10008878        0xc CMakeFiles/mma8451_i2c.dir/C_/Users/giova/Pico_SDK_v1.5.0/pico-sdk/lib/tinyusb/src/portable/raspberrypi/rp2040/dcd_rp2040.c.obj
 .rodata.__func__.0
                0x10008884        0xe CMakeFiles/mma8451_i2c.dir/C_/Users/giova/Pico_SDK_v1.5.0/pico-sdk/lib/tinyusb/src/portable/raspberrypi/rp2040/dcd_rp2040.c.obj
 *fill*         0x10008892        0x2 
 .rodata.__func__.1
                0x10008894        0xe CMakeFiles/mma8451_i2c.dir/C_/Users/giova/Pico_SDK_v1.5.0/pico-sdk/lib/tinyusb/src/portable/raspberrypi/rp2040/dcd_rp2040.c.obj
 *fill*         0x100088a2        0x2 
 .rodata.__func__.3
                0x100088a4       0x10 CMakeFiles/mma8451_i2c.dir/C_/Users/giova/Pico_SDK_v1.5.0/pico-sdk/lib/tinyusb/src/portable/raspberrypi/rp2040/dcd_rp2040.c.obj
 .rodata.__func__.5
                0x100088b4        0xf CMakeFiles/mma8451_i2c.dir/C_/Users/giova/Pico_SDK_v1.5.0/pico-sdk/lib/tinyusb/src/portable/raspberrypi/rp2040/dcd_rp2040.c.obj
 *fill*         0x100088c3        0x1 
 .rodata.__func__.6
                0x100088c4       0x13 CMakeFiles/mma8451_i2c.dir/C_/Users/giova/Pico_SDK_v1.5.0/pico-sdk/lib/tinyusb/src/portable/raspberrypi/rp2040/dcd_rp2040.c.obj
 *fill*         0x100088d7        0x1 
 .rodata.__func__.7
                0x100088d8        0x9 CMakeFiles/mma8451_i2c.dir/C_/Users/giova/Pico_SDK_v1.5.0/pico-sdk/lib/tinyusb/src/portable/raspberrypi/rp2040/dcd_rp2040.c.obj
 *fill*         0x100088e1        0x3 
 .rodata.str1.4
                0x100088e4       0xf7 CMakeFiles/mma8451_i2c.dir/C_/Users/giova/Pico_SDK_v1.5.0/pico-sdk/lib/tinyusb/src/portable/raspberrypi/rp2040/rp2040_usb.c.obj
 *fill*         0x100089db        0x1 
 .rodata.__func__.0
                0x100089dc        0xf CMakeFiles/mma8451_i2c.dir/C_/Users/giova/Pico_SDK_v1.5.0/pico-sdk/lib/tinyusb/src/portable/raspberrypi/rp2040/rp2040_usb.c.obj
 *fill*         0x100089eb        0x1 
 .rodata.process_get_descriptor
                0x100089ec       0x40 CMakeFiles/mma8451_i2c.dir/C_/Users/giova/Pico_SDK_v1.5.0/pico-sdk/lib/tinyusb/src/device/usbd.c.obj
 .rodata.process_control_request
                0x10008a2c       0x28 CMakeFiles/mma8451_i2c.dir/C_/Users/giova/Pico_SDK_v1.5.0/pico-sdk/lib/tinyusb/src/device/usbd.c.obj
 .rodata.tud_task_ext
                0x10008a54       0x24 CMakeFiles/mma8451_i2c.dir/C_/Users/giova/Pico_SDK_v1.5.0/pico-sdk/lib/tinyusb/src/device/usbd.c.obj
 .rodata._usbd_driver
                0x10008a78       0x18 CMakeFiles/mma8451_i2c.dir/C_/Users/giova/Pico_SDK_v1.5.0/pico-sdk/lib/tinyusb/src/device/usbd.c.obj
 .rodata.i2c_set_baudrate.str1.4
                0x10008a90       0x6a CMakeFiles/mma8451_i2c.dir/C_/Users/giova/Pico_SDK_v1.5.0/pico-sdk/src/rp2_common/hardware_i2c/i2c.c.obj
 *fill*         0x10008afa        0x2 
 .rodata.__func__.0
                0x10008afc       0x11 CMakeFiles/mma8451_i2c.dir/C_/Users/giova/Pico_SDK_v1.5.0/pico-sdk/src/rp2_common/hardware_i2c/i2c.c.obj
                0x10008b10                . = ALIGN (0x4)
 *fill*         0x10008b0d        0x3 
 *(SORT_BY_ALIGNMENT(SORT_BY_NAME(.flashdata*)))
                0x10008b10                . = ALIGN (0x4)

.rel.dyn        0x10008b10        0x0
 .rel.iplt      0x10008b10        0x0 c:/users/giova/picosd~1.0/gcc-ar~1/bin/../lib/gcc/arm-none-eabi/10.3.1/thumb/v6-m/nofp/crtbegin.o

.ARM.extab
 *(.ARM.extab* .gnu.linkonce.armextab.*)
                0x10008b10                __exidx_start = .

.ARM.exidx
 *(.ARM.exidx* .gnu.linkonce.armexidx.*)
                0x10008b10                __exidx_end = .
                0x10008b10                . = ALIGN (0x4)
                0x10008b10                __binary_info_start = .

.binary_info    0x10008b10       0x24
 *(.binary_info.keep.*)
 .binary_info.keep.__bi_ptr83
                0x10008b10        0x4 CMakeFiles/mma8451_i2c.dir/mma8451_i2c.c.obj
 .binary_info.keep.__bi_ptr22
                0x10008b14        0x4 CMakeFiles/mma8451_i2c.dir/C_/Users/giova/Pico_SDK_v1.5.0/pico-sdk/src/rp2_common/pico_standard_link/binary_info.c.obj
 .binary_info.keep.__bi_ptr30
                0x10008b18        0x4 CMakeFiles/mma8451_i2c.dir/C_/Users/giova/Pico_SDK_v1.5.0/pico-sdk/src/rp2_common/pico_standard_link/binary_info.c.obj
 .binary_info.keep.__bi_ptr38
                0x10008b1c        0x4 CMakeFiles/mma8451_i2c.dir/C_/Users/giova/Pico_SDK_v1.5.0/pico-sdk/src/rp2_common/pico_standard_link/binary_info.c.obj
 .binary_info.keep.__bi_ptr44
                0x10008b20        0x4 CMakeFiles/mma8451_i2c.dir/C_/Users/giova/Pico_SDK_v1.5.0/pico-sdk/src/rp2_common/pico_standard_link/binary_info.c.obj
 .binary_info.keep.__bi_ptr50
                0x10008b24        0x4 CMakeFiles/mma8451_i2c.dir/C_/Users/giova/Pico_SDK_v1.5.0/pico-sdk/src/rp2_common/pico_standard_link/binary_info.c.obj
 .binary_info.keep.__bi_ptr75
                0x10008b28        0x4 CMakeFiles/mma8451_i2c.dir/C_/Users/giova/Pico_SDK_v1.5.0/pico-sdk/src/rp2_common/pico_standard_link/binary_info.c.obj
 .binary_info.keep.__bi_ptr81
                0x10008b2c        0x4 CMakeFiles/mma8451_i2c.dir/C_/Users/giova/Pico_SDK_v1.5.0/pico-sdk/src/rp2_common/pico_standard_link/binary_info.c.obj
 *(.binary_info.*)
 .binary_info.__bi_ptr188
                0x10008b30        0x4 CMakeFiles/mma8451_i2c.dir/C_/Users/giova/Pico_SDK_v1.5.0/pico-sdk/src/rp2_common/pico_stdio_usb/stdio_usb.c.obj
                0x10008b34                __binary_info_end = .
                0x10008b34                . = ALIGN (0x4)
                0x10008b34                __etext = .

.ram_vector_table
                0x20000000       0xc0
 *(.ram_vector_table)
 .ram_vector_table
                0x20000000       0xc0 CMakeFiles/mma8451_i2c.dir/C_/Users/giova/Pico_SDK_v1.5.0/pico-sdk/src/rp2_common/pico_runtime/runtime.c.obj
                0x20000000                ram_vector_table

.data           0x200000c0      0xbe8 load address 0x10008b34
                0x200000c0                __data_start__ = .
 *(vtable)
 *(.time_critical*)
 .time_critical.mutex_try_enter
                0x200000c0       0x46 CMakeFiles/mma8451_i2c.dir/C_/Users/giova/Pico_SDK_v1.5.0/pico-sdk/src/common/pico_sync/mutex.c.obj
                0x200000c0                mutex_try_enter
 *fill*         0x20000106        0x2 
 .time_critical.mutex_enter_block_until
                0x20000108       0x8c CMakeFiles/mma8451_i2c.dir/C_/Users/giova/Pico_SDK_v1.5.0/pico-sdk/src/common/pico_sync/mutex.c.obj
                0x20000108                mutex_enter_block_until
 .time_critical.mutex_try_enter_block_until
                0x20000194       0x34 CMakeFiles/mma8451_i2c.dir/C_/Users/giova/Pico_SDK_v1.5.0/pico-sdk/src/common/pico_sync/mutex.c.obj
                0x20000194                mutex_try_enter_block_until
 .time_critical.mutex_enter_timeout_ms
                0x200001c8       0x68 CMakeFiles/mma8451_i2c.dir/C_/Users/giova/Pico_SDK_v1.5.0/pico-sdk/src/common/pico_sync/mutex.c.obj
                0x200001c8                mutex_enter_timeout_ms
 .time_critical.mutex_exit
                0x20000230       0x4c CMakeFiles/mma8451_i2c.dir/C_/Users/giova/Pico_SDK_v1.5.0/pico-sdk/src/common/pico_sync/mutex.c.obj
                0x20000230                mutex_exit
 .time_critical.flash_init_boot2_copyout
                0x2000027c       0x30 CMakeFiles/mma8451_i2c.dir/C_/Users/giova/Pico_SDK_v1.5.0/pico-sdk/src/rp2_common/hardware_flash/flash.c.obj
 .time_critical.flash_enable_xip_via_boot2
                0x200002ac       0x10 CMakeFiles/mma8451_i2c.dir/C_/Users/giova/Pico_SDK_v1.5.0/pico-sdk/src/rp2_common/hardware_flash/flash.c.obj
 .time_critical.flash_cs_force
                0x200002bc       0x28 CMakeFiles/mma8451_i2c.dir/C_/Users/giova/Pico_SDK_v1.5.0/pico-sdk/src/rp2_common/hardware_flash/flash.c.obj
 .time_critical.flash_do_cmd
                0x200002e4       0xd8 CMakeFiles/mma8451_i2c.dir/C_/Users/giova/Pico_SDK_v1.5.0/pico-sdk/src/rp2_common/hardware_flash/flash.c.obj
                0x200002e4                flash_do_cmd
 .time_critical.reset_non_control_endpoints
                0x200003bc       0x40 CMakeFiles/mma8451_i2c.dir/C_/Users/giova/Pico_SDK_v1.5.0/pico-sdk/lib/tinyusb/src/portable/raspberrypi/rp2040/dcd_rp2040.c.obj
 .time_critical.hw_handle_buff_status
                0x200003fc       0xa4 CMakeFiles/mma8451_i2c.dir/C_/Users/giova/Pico_SDK_v1.5.0/pico-sdk/lib/tinyusb/src/portable/raspberrypi/rp2040/dcd_rp2040.c.obj
 .time_critical.dcd_rp2040_irq
                0x200004a0      0x1cc CMakeFiles/mma8451_i2c.dir/C_/Users/giova/Pico_SDK_v1.5.0/pico-sdk/lib/tinyusb/src/portable/raspberrypi/rp2040/dcd_rp2040.c.obj
 .time_critical.e15_is_bulkin_ep
                0x2000066c       0x2c CMakeFiles/mma8451_i2c.dir/C_/Users/giova/Pico_SDK_v1.5.0/pico-sdk/lib/tinyusb/src/portable/raspberrypi/rp2040/rp2040_usb.c.obj
 .time_critical.e15_is_critical_frame_period
                0x20000698       0x30 CMakeFiles/mma8451_i2c.dir/C_/Users/giova/Pico_SDK_v1.5.0/pico-sdk/lib/tinyusb/src/portable/raspberrypi/rp2040/rp2040_usb.c.obj
 .time_critical.prepare_ep_buffer
                0x200006c8       0x70 CMakeFiles/mma8451_i2c.dir/C_/Users/giova/Pico_SDK_v1.5.0/pico-sdk/lib/tinyusb/src/portable/raspberrypi/rp2040/rp2040_usb.c.obj
 .time_critical.sync_ep_buffer
                0x20000738       0x80 CMakeFiles/mma8451_i2c.dir/C_/Users/giova/Pico_SDK_v1.5.0/pico-sdk/lib/tinyusb/src/portable/raspberrypi/rp2040/rp2040_usb.c.obj
 .time_critical._hw_endpoint_xfer_sync
                0x200007b8       0x28 CMakeFiles/mma8451_i2c.dir/C_/Users/giova/Pico_SDK_v1.5.0/pico-sdk/lib/tinyusb/src/portable/raspberrypi/rp2040/rp2040_usb.c.obj
 .time_critical.hw_endpoint_reset_transfer
                0x200007e0        0xc CMakeFiles/mma8451_i2c.dir/C_/Users/giova/Pico_SDK_v1.5.0/pico-sdk/lib/tinyusb/src/portable/raspberrypi/rp2040/rp2040_usb.c.obj
                0x200007e0                hw_endpoint_reset_transfer
 .time_critical._hw_endpoint_buffer_control_update32
                0x200007ec       0x58 CMakeFiles/mma8451_i2c.dir/C_/Users/giova/Pico_SDK_v1.5.0/pico-sdk/lib/tinyusb/src/portable/raspberrypi/rp2040/rp2040_usb.c.obj
                0x200007ec                _hw_endpoint_buffer_control_update32
 .time_critical.hw_endpoint_start_next_buffer
                0x20000844       0x88 CMakeFiles/mma8451_i2c.dir/C_/Users/giova/Pico_SDK_v1.5.0/pico-sdk/lib/tinyusb/src/portable/raspberrypi/rp2040/rp2040_usb.c.obj
                0x20000844                hw_endpoint_start_next_buffer
 .time_critical.hw_endpoint_xfer_continue
                0x200008cc       0x50 CMakeFiles/mma8451_i2c.dir/C_/Users/giova/Pico_SDK_v1.5.0/pico-sdk/lib/tinyusb/src/portable/raspberrypi/rp2040/rp2040_usb.c.obj
                0x200008cc                hw_endpoint_xfer_continue
 .time_critical.tinyusb
                0x2000091c      0x1ec CMakeFiles/mma8451_i2c.dir/C_/Users/giova/Pico_SDK_v1.5.0/pico-sdk/lib/tinyusb/src/device/usbd.c.obj
                0x2000091c                dcd_event_handler
 *(.text*)
 .text          0x20000b08        0x4 c:/users/giova/picosd~1.0/gcc-ar~1/bin/../lib/gcc/arm-none-eabi/10.3.1/thumb/v6-m/nofp\libgcc.a(_dvmd_tls.o)
                0x20000b08                __aeabi_idiv0
                0x20000b08                __aeabi_ldiv0
 *fill*         0x20000b0c        0x4 
 .text.__stub   0x20000b10       0x90 linker stubs
                0x20000ba0                . = ALIGN (0x4)
 *(.rodata*)
                0x20000ba0                . = ALIGN (0x4)
 *(.data*)
 .data.striped_spin_lock_num
                0x20000ba0        0x1 CMakeFiles/mma8451_i2c.dir/C_/Users/giova/Pico_SDK_v1.5.0/pico-sdk/src/rp2_common/hardware_sync/sync.c.obj
 *fill*         0x20000ba1        0x3 
 .data          0x20000ba4       0x48 CMakeFiles/mma8451_i2c.dir/C_/Users/giova/Pico_SDK_v1.5.0/pico-sdk/src/rp2_common/hardware_irq/irq_handler_chain.S.obj
                0x20000ba4                irq_handler_chain_slots
                0x20000bd4                irq_handler_chain_first_slot
                0x20000bde                irq_handler_chain_remove_tail
 .data.default_alarm_pool
                0x20000bec       0x18 CMakeFiles/mma8451_i2c.dir/C_/Users/giova/Pico_SDK_v1.5.0/pico-sdk/src/common/pico_time/time.c.obj
 .data.default_alarm_pool_heap
                0x20000c04       0x10 CMakeFiles/mma8451_i2c.dir/C_/Users/giova/Pico_SDK_v1.5.0/pico-sdk/src/common/pico_time/time.c.obj
 *fill*         0x20000c14        0xc 
 .data.aeabi_bits_funcs
                0x20000c20       0x10 CMakeFiles/mma8451_i2c.dir/C_/Users/giova/Pico_SDK_v1.5.0/pico-sdk/src/rp2_common/pico_bit_ops/bit_ops_aeabi.S.obj
                0x20000c20                aeabi_bits_funcs
                0x20000c30                aeabi_bits_funcs_end
 .data.aeabi_mem_funcs
                0x20000c30       0x10 CMakeFiles/mma8451_i2c.dir/C_/Users/giova/Pico_SDK_v1.5.0/pico-sdk/src/rp2_common/pico_mem_ops/mem_ops_aeabi.S.obj
                0x20000c30                aeabi_mem_funcs
                0x20000c40                aeabi_mem_funcs_end
 .data.stdio_usb
                0x20000c40       0x18 CMakeFiles/mma8451_i2c.dir/C_/Users/giova/Pico_SDK_v1.5.0/pico-sdk/src/rp2_common/pico_stdio_usb/stdio_usb.c.obj
                0x20000c40                stdio_usb
 .data.ep_dir_string
                0x20000c58        0x8 CMakeFiles/mma8451_i2c.dir/C_/Users/giova/Pico_SDK_v1.5.0/pico-sdk/lib/tinyusb/src/portable/raspberrypi/rp2040/rp2040_usb.c.obj
                0x20000c58                ep_dir_string
 .data._usbd_qdef
                0x20000c60       0x1c CMakeFiles/mma8451_i2c.dir/C_/Users/giova/Pico_SDK_v1.5.0/pico-sdk/lib/tinyusb/src/device/usbd.c.obj
                0x20000c60                _usbd_qdef
 .data._usbd_rhport
                0x20000c7c        0x1 CMakeFiles/mma8451_i2c.dir/C_/Users/giova/Pico_SDK_v1.5.0/pico-sdk/lib/tinyusb/src/device/usbd.c.obj