Archive member included to satisfy reference by file (symbol)

c:/users/giova/picosd~1.0/gcc-ar~1/bin/../lib/gcc/arm-none-eabi/10.3.1/thumb/v6-m/nofp\libgcc.a(_dvmd_tls.o)
                              CMakeFiles/dev_lowlevel.dir/C_/Users/giova/Pico_SDK_v1.5.0/pico-sdk/src/rp2_common/pico_divider/divider.S.obj (__aeabi_idiv0)
c:/users/giova/picosd~1.0/gcc-ar~1/bin/../lib/gcc/arm-none-eabi/10.3.1/../../../../arm-none-eabi/lib/thumb/v6-m/nofp\libg.a(lib_a-calloc.o)
                              CMakeFiles/dev_lowlevel.dir/C_/Users/giova/Pico_SDK_v1.5.0/pico-sdk/src/rp2_common/pico_malloc/pico_malloc.c.obj (calloc)
c:/users/giova/picosd~1.0/gcc-ar~1/bin/../lib/gcc/arm-none-eabi/10.3.1/../../../../arm-none-eabi/lib/thumb/v6-m/nofp\libg.a(lib_a-callocr.o)
                              c:/users/giova/picosd~1.0/gcc-ar~1/bin/../lib/gcc/arm-none-eabi/10.3.1/../../../../arm-none-eabi/lib/thumb/v6-m/nofp\libg.a(lib_a-calloc.o) (_calloc_r)
c:/users/giova/picosd~1.0/gcc-ar~1/bin/../lib/gcc/arm-none-eabi/10.3.1/../../../../arm-none-eabi/lib/thumb/v6-m/nofp\libg.a(lib_a-errno.o)
                              c:/users/giova/picosd~1.0/gcc-ar~1/bin/../lib/gcc/arm-none-eabi/10.3.1/../../../../arm-none-eabi/lib/thumb/v6-m/nofp\libg.a(lib_a-callocr.o) (__errno)
c:/users/giova/picosd~1.0/gcc-ar~1/bin/../lib/gcc/arm-none-eabi/10.3.1/../../../../arm-none-eabi/lib/thumb/v6-m/nofp\libg.a(lib_a-impure.o)
                              c:/users/giova/picosd~1.0/gcc-ar~1/bin/../lib/gcc/arm-none-eabi/10.3.1/../../../../arm-none-eabi/lib/thumb/v6-m/nofp\libg.a(lib_a-calloc.o) (_impure_ptr)
c:/users/giova/picosd~1.0/gcc-ar~1/bin/../lib/gcc/arm-none-eabi/10.3.1/../../../../arm-none-eabi/lib/thumb/v6-m/nofp\libg.a(lib_a-init.o)
                              c:/users/giova/picosd~1.0/gcc-ar~1/bin/../lib/gcc/arm-none-eabi/10.3.1/../../../../arm-none-eabi/lib/thumb/v6-m/nofp/crt0.o (__libc_init_array)
c:/users/giova/picosd~1.0/gcc-ar~1/bin/../lib/gcc/arm-none-eabi/10.3.1/../../../../arm-none-eabi/lib/thumb/v6-m/nofp\libg.a(lib_a-malloc.o)
                              CMakeFiles/dev_lowlevel.dir/C_/Users/giova/Pico_SDK_v1.5.0/pico-sdk/src/rp2_common/pico_malloc/pico_malloc.c.obj (malloc)
c:/users/giova/picosd~1.0/gcc-ar~1/bin/../lib/gcc/arm-none-eabi/10.3.1/../../../../arm-none-eabi/lib/thumb/v6-m/nofp\libg.a(lib_a-mallocr.o)
                              c:/users/giova/picosd~1.0/gcc-ar~1/bin/../lib/gcc/arm-none-eabi/10.3.1/../../../../arm-none-eabi/lib/thumb/v6-m/nofp\libg.a(lib_a-callocr.o) (_malloc_r)
c:/users/giova/picosd~1.0/gcc-ar~1/bin/../lib/gcc/arm-none-eabi/10.3.1/../../../../arm-none-eabi/lib/thumb/v6-m/nofp\libg.a(lib_a-mlock.o)
                              c:/users/giova/picosd~1.0/gcc-ar~1/bin/../lib/gcc/arm-none-eabi/10.3.1/../../../../arm-none-eabi/lib/thumb/v6-m/nofp\libg.a(lib_a-mallocr.o) (__malloc_lock)
c:/users/giova/picosd~1.0/gcc-ar~1/bin/../lib/gcc/arm-none-eabi/10.3.1/../../../../arm-none-eabi/lib/thumb/v6-m/nofp\libg.a(lib_a-realloc.o)
                              CMakeFiles/dev_lowlevel.dir/C_/Users/giova/Pico_SDK_v1.5.0/pico-sdk/src/rp2_common/pico_malloc/pico_malloc.c.obj (realloc)
c:/users/giova/picosd~1.0/gcc-ar~1/bin/../lib/gcc/arm-none-eabi/10.3.1/../../../../arm-none-eabi/lib/thumb/v6-m/nofp\libg.a(lib_a-reallocr.o)
                              c:/users/giova/picosd~1.0/gcc-ar~1/bin/../lib/gcc/arm-none-eabi/10.3.1/../../../../arm-none-eabi/lib/thumb/v6-m/nofp\libg.a(lib_a-realloc.o) (_realloc_r)
c:/users/giova/picosd~1.0/gcc-ar~1/bin/../lib/gcc/arm-none-eabi/10.3.1/../../../../arm-none-eabi/lib/thumb/v6-m/nofp\libg.a(lib_a-sbrkr.o)
                              c:/users/giova/picosd~1.0/gcc-ar~1/bin/../lib/gcc/arm-none-eabi/10.3.1/../../../../arm-none-eabi/lib/thumb/v6-m/nofp\libg.a(lib_a-mallocr.o) (_sbrk_r)
c:/users/giova/picosd~1.0/gcc-ar~1/bin/../lib/gcc/arm-none-eabi/10.3.1/../../../../arm-none-eabi/lib/thumb/v6-m/nofp\libg.a(lib_a-strlen-stub.o)
                              CMakeFiles/dev_lowlevel.dir/dev_lowlevel.c.obj (strlen)
c:/users/giova/picosd~1.0/gcc-ar~1/bin/../lib/gcc/arm-none-eabi/10.3.1/../../../../arm-none-eabi/lib/thumb/v6-m/nofp\libg.a(lib_a-freer.o)
                              c:/users/giova/picosd~1.0/gcc-ar~1/bin/../lib/gcc/arm-none-eabi/10.3.1/../../../../arm-none-eabi/lib/thumb/v6-m/nofp\libg.a(lib_a-malloc.o) (_free_r)
c:/users/giova/picosd~1.0/gcc-ar~1/bin/../lib/gcc/arm-none-eabi/10.3.1/../../../../arm-none-eabi/lib/thumb/v6-m/nofp\libg.a(lib_a-lock.o)
                              c:/users/giova/picosd~1.0/gcc-ar~1/bin/../lib/gcc/arm-none-eabi/10.3.1/../../../../arm-none-eabi/lib/thumb/v6-m/nofp\libg.a(lib_a-mlock.o) (__retarget_lock_acquire_recursive)
c:/users/giova/picosd~1.0/gcc-ar~1/bin/../lib/gcc/arm-none-eabi/10.3.1/../../../../arm-none-eabi/lib/thumb/v6-m/nofp\libg.a(lib_a-memmove.o)
                              c:/users/giova/picosd~1.0/gcc-ar~1/bin/../lib/gcc/arm-none-eabi/10.3.1/../../../../arm-none-eabi/lib/thumb/v6-m/nofp\libg.a(lib_a-reallocr.o) (memmove)
[...]
Memory Configuration

Name             Origin             Length             Attributes
FLASH            0x10000000         0x00200000         xr
RAM              0x20000000         0x00040000         xrw
SCRATCH_X        0x20040000         0x00001000         xrw
SCRATCH_Y        0x20041000         0x00001000         xrw
*default*        0x00000000         0xffffffff

Linker script and memory map

LOAD c:/users/giova/picosd~1.0/gcc-ar~1/bin/../lib/gcc/arm-none-eabi/10.3.1/thumb/v6-m/nofp/crti.o
LOAD c:/users/giova/picosd~1.0/gcc-ar~1/bin/../lib/gcc/arm-none-eabi/10.3.1/thumb/v6-m/nofp/crtbegin.o
LOAD c:/users/giova/picosd~1.0/gcc-ar~1/bin/../lib/gcc/arm-none-eabi/10.3.1/../../../../arm-none-eabi/lib/thumb/v6-m/nofp/crt0.o

.flash_begin    0x10000000        0x0
                0x10000000                __flash_binary_start = .

.boot2          0x10000000      0x100
                0x10000000                __boot2_start__ = .
 *(.boot2)
 .boot2         0x10000000      0x100 C:\Users\giova\AppData\Local\Temp\ccUsxhxl.o
                0x10000100                __boot2_end__ = .
                0x00000001                ASSERT (((__boot2_end__ - __boot2_start__) == 0x100), ERROR: Pico second stage bootloader must be 256 bytes in size)

.text           0x10000100     0x48f8
                0x10000100                __logical_binary_start = .
 *(.vectors)
 .vectors       0x10000100       0xd4 CMakeFiles/dev_lowlevel.dir/C_/Users/giova/Pico_SDK_v1.5.0/pico-sdk/src/rp2_common/pico_standard_link/crt0.S.obj
                0x10000100                __VECTOR_TABLE
                0x10000100                __vectors
                0x100001c0                isr_invalid
                0x100001c0                __default_isrs_start
                0x100001c2                isr_nmi
                0x100001c4                isr_hardfault
                0x100001c6                isr_svcall
                0x100001c8                isr_pendsv
                0x100001ca                isr_systick
                0x100001cc                isr_irq18
                0x100001cc                isr_irq23
                0x100001cc                isr_irq28
                0x100001cc                isr_irq19
                0x100001cc                isr_irq0
                0x100001cc                isr_irq6
                0x100001cc                isr_irq11
                0x100001cc                isr_irq12
                0x100001cc                isr_irq22
                0x100001cc                isr_irq31
                0x100001cc                isr_irq17
                0x100001cc                isr_irq27
                0x100001cc                isr_irq30
                0x100001cc                isr_irq2
                0x100001cc                isr_irq10
                0x100001cc                isr_irq8
                0x100001cc                isr_irq24
                0x100001cc                isr_irq1
                0x100001cc                isr_irq7
                0x100001cc                isr_irq21
                0x100001cc                isr_irq20
                0x100001cc                isr_irq15
                0x100001cc                isr_irq25
                0x100001cc                isr_irq13
                0x100001cc                __unhandled_user_irq
                0x100001cc                isr_irq4
                0x100001cc                isr_irq16
                0x100001cc                isr_irq29
                0x100001cc                isr_irq26
                0x100001cc                __default_isrs_end
                0x100001cc                isr_irq3
                0x100001cc                isr_irq14
                0x100001cc                isr_irq9
                0x100001d2                unhandled_user_irq_num_in_r0
 *(.binary_info_header)
 .binary_info_header
                0x100001d4       0x14 CMakeFiles/dev_lowlevel.dir/C_/Users/giova/Pico_SDK_v1.5.0/pico-sdk/src/rp2_common/pico_standard_link/crt0.S.obj
                0x100001e8                __binary_info_header_end = .
 *(.reset)
 .reset         0x100001e8       0xa0 CMakeFiles/dev_lowlevel.dir/C_/Users/giova/Pico_SDK_v1.5.0/pico-sdk/src/rp2_common/pico_standard_link/crt0.S.obj
                0x100001e8                _entry_point
 .reset         0x10000288       0x30 CMakeFiles/dev_lowlevel.dir/C_/Users/giova/Pico_SDK_v1.5.0/pico-sdk/src/rp2_common/pico_standard_link/binary_info.c.obj
 *(.init)
 .init          0x100002b8        0x4 c:/users/giova/picosd~1.0/gcc-ar~1/bin/../lib/gcc/arm-none-eabi/10.3.1/thumb/v6-m/nofp/crti.o
                0x100002b8                _init
 *(EXCLUDE_FILE(*libm.a: *libc.a:*lib_a-mem*.o *libgcc.a:) .text*)
 .text          0x100002bc       0x48 c:/users/giova/picosd~1.0/gcc-ar~1/bin/../lib/gcc/arm-none-eabi/10.3.1/thumb/v6-m/nofp/crtbegin.o
 .text.usb_handle_ep_buff_done
                0x10000304       0x12 CMakeFiles/dev_lowlevel.dir/dev_lowlevel.c.obj
 .text.ep0_out_handler
                0x10000316        0x2 CMakeFiles/dev_lowlevel.dir/dev_lowlevel.c.obj
                0x10000316                ep0_out_handler
 .text.usb_handle_buff_done
                0x10000318       0x60 CMakeFiles/dev_lowlevel.dir/dev_lowlevel.c.obj
 .text.usb_handle_buff_status
                0x10000378       0x40 CMakeFiles/dev_lowlevel.dir/dev_lowlevel.c.obj
 .text.usb_get_endpoint_configuration
                0x100003b8       0x2c CMakeFiles/dev_lowlevel.dir/dev_lowlevel.c.obj
                0x100003b8                usb_get_endpoint_configuration
 .text.usb_prepare_string_descriptor
                0x100003e4       0x30 CMakeFiles/dev_lowlevel.dir/dev_lowlevel.c.obj
                0x100003e4                usb_prepare_string_descriptor
 .text.usb_setup_endpoint
                0x10000414       0x38 CMakeFiles/dev_lowlevel.dir/dev_lowlevel.c.obj
                0x10000414                usb_setup_endpoint
 .text.usb_setup_endpoints
                0x1000044c       0x30 CMakeFiles/dev_lowlevel.dir/dev_lowlevel.c.obj
                0x1000044c                usb_setup_endpoints
 .text.usb_device_init
                0x1000047c       0x74 CMakeFiles/dev_lowlevel.dir/dev_lowlevel.c.obj
                0x1000047c                usb_device_init
 .text.usb_start_transfer
                0x100004f0       0x78 CMakeFiles/dev_lowlevel.dir/dev_lowlevel.c.obj
                0x100004f0                usb_start_transfer
 .text.ep0_in_handler
                0x10000568       0x38 CMakeFiles/dev_lowlevel.dir/dev_lowlevel.c.obj
                0x10000568                ep0_in_handler
 .text.ep1_out_handler
                0x100005a0       0x20 CMakeFiles/dev_lowlevel.dir/dev_lowlevel.c.obj
                0x100005a0                ep1_out_handler
 .text.ep2_in_handler
                0x100005c0       0x1c CMakeFiles/dev_lowlevel.dir/dev_lowlevel.c.obj
                0x100005c0                ep2_in_handler
 .text.usb_handle_device_descriptor
                0x100005dc       0x38 CMakeFiles/dev_lowlevel.dir/dev_lowlevel.c.obj
                0x100005dc                usb_handle_device_descriptor
 .text.usb_handle_config_descriptor
                0x10000614       0x98 CMakeFiles/dev_lowlevel.dir/dev_lowlevel.c.obj
                0x10000614                usb_handle_config_descriptor
 .text.usb_bus_reset
                0x100006ac       0x24 CMakeFiles/dev_lowlevel.dir/dev_lowlevel.c.obj
                0x100006ac                usb_bus_reset
 .text.usb_handle_string_descriptor
                0x100006d0       0x60 CMakeFiles/dev_lowlevel.dir/dev_lowlevel.c.obj
                0x100006d0                usb_handle_string_descriptor
 .text.usb_acknowledge_out_request
                0x10000730       0x12 CMakeFiles/dev_lowlevel.dir/dev_lowlevel.c.obj
                0x10000730                usb_acknowledge_out_request
 *fill*         0x10000742        0x2 
 .text.usb_set_device_address
                0x10000744       0x28 CMakeFiles/dev_lowlevel.dir/dev_lowlevel.c.obj
                0x10000744                usb_set_device_address
 .text.usb_set_device_configuration
                0x1000076c       0x1c CMakeFiles/dev_lowlevel.dir/dev_lowlevel.c.obj
                0x1000076c                usb_set_device_configuration
 .text.usb_handle_setup_packet
                0x10000788       0xbc CMakeFiles/dev_lowlevel.dir/dev_lowlevel.c.obj
                0x10000788                usb_handle_setup_packet
 .text.isr_irq5
                0x10000844       0x74 CMakeFiles/dev_lowlevel.dir/dev_lowlevel.c.obj
                0x10000844                isr_irq5
 .text.main     0x100008b8       0x30 CMakeFiles/dev_lowlevel.dir/dev_lowlevel.c.obj
                0x100008b8                main
 .text.gpio_set_function
                0x100008e8       0x30 CMakeFiles/dev_lowlevel.dir/C_/Users/giova/Pico_SDK_v1.5.0/pico-sdk/src/rp2_common/hardware_gpio/gpio.c.obj
                0x100008e8                gpio_set_function
 .text.running_on_fpga
                0x10000918       0x14 CMakeFiles/dev_lowlevel.dir/C_/Users/giova/Pico_SDK_v1.5.0/pico-sdk/src/rp2_common/pico_platform/platform.c.obj
                0x10000918                running_on_fpga
 .text.hw_claim_lock
                0x1000092c       0x18 CMakeFiles/dev_lowlevel.dir/C_/Users/giova/Pico_SDK_v1.5.0/pico-sdk/src/rp2_common/hardware_claim/claim.c.obj
                0x1000092c                hw_claim_lock
 .text.hw_claim_unlock
                0x10000944       0x14 CMakeFiles/dev_lowlevel.dir/C_/Users/giova/Pico_SDK_v1.5.0/pico-sdk/src/rp2_common/hardware_claim/claim.c.obj
                0x10000944                hw_claim_unlock
 .text.hw_claim_or_assert
                0x10000958       0x32 CMakeFiles/dev_lowlevel.dir/C_/Users/giova/Pico_SDK_v1.5.0/pico-sdk/src/rp2_common/hardware_claim/claim.c.obj
                0x10000958                hw_claim_or_assert
 *fill*         0x1000098a        0x2 
 .text.spin_locks_reset
                0x1000098c       0x20 CMakeFiles/dev_lowlevel.dir/C_/Users/giova/Pico_SDK_v1.5.0/pico-sdk/src/rp2_common/hardware_sync/sync.c.obj
                0x1000098c                spin_locks_reset
 .text.next_striped_spin_lock_num
                0x100009ac       0x1c CMakeFiles/dev_lowlevel.dir/C_/Users/giova/Pico_SDK_v1.5.0/pico-sdk/src/rp2_common/hardware_sync/sync.c.obj
                0x100009ac                next_striped_spin_lock_num
 .text.set_raw_irq_handler_and_unlock
                0x100009c8       0x28 CMakeFiles/dev_lowlevel.dir/C_/Users/giova/Pico_SDK_v1.5.0/pico-sdk/src/rp2_common/hardware_irq/irq.c.obj
 .text.make_branch
                0x100009f0       0x48 CMakeFiles/dev_lowlevel.dir/C_/Users/giova/Pico_SDK_v1.5.0/pico-sdk/src/rp2_common/hardware_irq/irq.c.obj
 .text.insert_branch_and_link
                0x10000a38       0x40 CMakeFiles/dev_lowlevel.dir/C_/Users/giova/Pico_SDK_v1.5.0/pico-sdk/src/rp2_common/hardware_irq/irq.c.obj
 .text.irq_is_enabled
                0x10000a78       0x18 CMakeFiles/dev_lowlevel.dir/C_/Users/giova/Pico_SDK_v1.5.0/pico-sdk/src/rp2_common/hardware_irq/irq.c.obj
                0x10000a78                irq_is_enabled
 .text.irq_set_mask_enabled
                0x10000a90       0x20 CMakeFiles/dev_lowlevel.dir/C_/Users/giova/Pico_SDK_v1.5.0/pico-sdk/src/rp2_common/hardware_irq/irq.c.obj
                0x10000a90                irq_set_mask_enabled
 .text.irq_set_enabled
                0x10000ab0        0xe CMakeFiles/dev_lowlevel.dir/C_/Users/giova/Pico_SDK_v1.5.0/pico-sdk/src/rp2_common/hardware_irq/irq.c.obj
                0x10000ab0                irq_set_enabled
 *fill*         0x10000abe        0x2 
 .text.irq_get_vtable_handler
                0x10000ac0       0x10 CMakeFiles/dev_lowlevel.dir/C_/Users/giova/Pico_SDK_v1.5.0/pico-sdk/src/rp2_common/hardware_irq/irq.c.obj
                0x10000ac0                irq_get_vtable_handler
 .text.irq_set_exclusive_handler
                0x10000ad0       0x54 CMakeFiles/dev_lowlevel.dir/C_/Users/giova/Pico_SDK_v1.5.0/pico-sdk/src/rp2_common/hardware_irq/irq.c.obj
                0x10000ad0                irq_set_exclusive_handler
 .text.irq_remove_handler
                0x10000b24      0x1ac CMakeFiles/dev_lowlevel.dir/C_/Users/giova/Pico_SDK_v1.5.0/pico-sdk/src/rp2_common/hardware_irq/irq.c.obj
                0x10000b24                irq_remove_handler
 .text.irq_add_tail_to_free_list
                0x10000cd0       0xf0 CMakeFiles/dev_lowlevel.dir/C_/Users/giova/Pico_SDK_v1.5.0/pico-sdk/src/rp2_common/hardware_irq/irq.c.obj
                0x10000cd0                irq_add_tail_to_free_list
 .text.irq_init_priorities
                0x10000dc0       0x1c CMakeFiles/dev_lowlevel.dir/C_/Users/giova/Pico_SDK_v1.5.0/pico-sdk/src/rp2_common/hardware_irq/irq.c.obj
                0x10000dc0                irq_init_priorities
 .text.lock_init
                0x10000ddc       0x10 CMakeFiles/dev_lowlevel.dir/C_/Users/giova/Pico_SDK_v1.5.0/pico-sdk/src/common/pico_sync/lock_core.c.obj
                0x10000ddc                lock_init
 .text.mutex_init
                0x10000dec       0x1a CMakeFiles/dev_lowlevel.dir/C_/Users/giova/Pico_SDK_v1.5.0/pico-sdk/src/common/pico_sync/mutex.c.obj
                0x10000dec                mutex_init
 .text.recursive_mutex_init
                0x10000e06       0x1e CMakeFiles/dev_lowlevel.dir/C_/Users/giova/Pico_SDK_v1.5.0/pico-sdk/src/common/pico_sync/mutex.c.obj
                0x10000e06                recursive_mutex_init
 .text.alarm_pool_post_alloc_init
                0x10000e24       0x40 CMakeFiles/dev_lowlevel.dir/C_/Users/giova/Pico_SDK_v1.5.0/pico-sdk/src/common/pico_time/time.c.obj
 .text.sleep_until_callback
                0x10000e64       0x30 CMakeFiles/dev_lowlevel.dir/C_/Users/giova/Pico_SDK_v1.5.0/pico-sdk/src/common/pico_time/time.c.obj
 .text.timer_pool_entry_comparator
                0x10000e94       0x7c CMakeFiles/dev_lowlevel.dir/C_/Users/giova/Pico_SDK_v1.5.0/pico-sdk/src/common/pico_time/time.c.obj
                0x10000e94                timer_pool_entry_comparator
 .text.ph_add_child_node
                0x10000f10       0xa4 CMakeFiles/dev_lowlevel.dir/C_/Users/giova/Pico_SDK_v1.5.0/pico-sdk/src/common/pico_time/time.c.obj
 .text.ph_merge_nodes
                0x10000fb4       0x3e CMakeFiles/dev_lowlevel.dir/C_/Users/giova/Pico_SDK_v1.5.0/pico-sdk/src/common/pico_time/time.c.obj
 *fill*         0x10000ff2        0x2 
 .text.add_alarm_under_lock
                0x10000ff4      0x174 CMakeFiles/dev_lowlevel.dir/C_/Users/giova/Pico_SDK_v1.5.0/pico-sdk/src/common/pico_time/time.c.obj
 .text.alarm_pool_alarm_callback
                0x10001168      0x33c CMakeFiles/dev_lowlevel.dir/C_/Users/giova/Pico_SDK_v1.5.0/pico-sdk/src/common/pico_time/time.c.obj
 .text.alarm_pool_init_default
                0x100014a4       0x40 CMakeFiles/dev_lowlevel.dir/C_/Users/giova/Pico_SDK_v1.5.0/pico-sdk/src/common/pico_time/time.c.obj
                0x100014a4                alarm_pool_init_default
 .text.alarm_pool_get_default
                0x100014e4       0x2c CMakeFiles/dev_lowlevel.dir/C_/Users/giova/Pico_SDK_v1.5.0/pico-sdk/src/common/pico_time/time.c.obj
                0x100014e4                alarm_pool_get_default
 .text.alarm_pool_add_alarm_at
                0x10001510      0x168 CMakeFiles/dev_lowlevel.dir/C_/Users/giova/Pico_SDK_v1.5.0/pico-sdk/src/common/pico_time/time.c.obj
                0x10001510                alarm_pool_add_alarm_at
 .text.alarm_pool_cancel_alarm
                0x10001678       0xf0 CMakeFiles/dev_lowlevel.dir/C_/Users/giova/Pico_SDK_v1.5.0/pico-sdk/src/common/pico_time/time.c.obj
                0x10001678                alarm_pool_cancel_alarm
 .text.best_effort_wfe_or_timeout
                0x10001768       0xac CMakeFiles/dev_lowlevel.dir/C_/Users/giova/Pico_SDK_v1.5.0/pico-sdk/src/common/pico_time/time.c.obj
                0x10001768                best_effort_wfe_or_timeout
 .text.hardware_alarm_irq_handler
                0x10001814       0x90 CMakeFiles/dev_lowlevel.dir/C_/Users/giova/Pico_SDK_v1.5.0/pico-sdk/src/rp2_common/hardware_timer/timer.c.obj
 .text.hardware_alarm_claim
                0x100018a4       0x18 CMakeFiles/dev_lowlevel.dir/C_/Users/giova/Pico_SDK_v1.5.0/pico-sdk/src/rp2_common/hardware_timer/timer.c.obj
                0x100018a4                hardware_alarm_claim
 .text.time_us_64
                0x100018bc       0x18 CMakeFiles/dev_lowlevel.dir/C_/Users/giova/Pico_SDK_v1.5.0/pico-sdk/src/rp2_common/hardware_timer/timer.c.obj
                0x100018bc                time_us_64
 .text.hardware_alarm_set_callback
                0x100018d4       0x90 CMakeFiles/dev_lowlevel.dir/C_/Users/giova/Pico_SDK_v1.5.0/pico-sdk/src/rp2_common/hardware_timer/timer.c.obj
                0x100018d4                hardware_alarm_set_callback
 .text.hardware_alarm_set_target
                0x10001964       0xe8 CMakeFiles/dev_lowlevel.dir/C_/Users/giova/Pico_SDK_v1.5.0/pico-sdk/src/rp2_common/hardware_timer/timer.c.obj
                0x10001964                hardware_alarm_set_target
 .text.hardware_alarm_cancel
                0x10001a4c       0x40 CMakeFiles/dev_lowlevel.dir/C_/Users/giova/Pico_SDK_v1.5.0/pico-sdk/src/rp2_common/hardware_timer/timer.c.obj
                0x10001a4c                hardware_alarm_cancel
 .text.ph_add_child_node
                0x10001a8c       0xa4 CMakeFiles/dev_lowlevel.dir/C_/Users/giova/Pico_SDK_v1.5.0/pico-sdk/src/common/pico_util/pheap.c.obj
 .text.ph_merge_nodes
                0x10001b30       0x3e CMakeFiles/dev_lowlevel.dir/C_/Users/giova/Pico_SDK_v1.5.0/pico-sdk/src/common/pico_util/pheap.c.obj
 *fill*         0x10001b6e        0x2 
 .text.ph_clear
                0x10001b70       0x70 CMakeFiles/dev_lowlevel.dir/C_/Users/giova/Pico_SDK_v1.5.0/pico-sdk/src/common/pico_util/pheap.c.obj
                0x10001b70                ph_clear
 .text.ph_post_alloc_init
                0x10001be0        0xe CMakeFiles/dev_lowlevel.dir/C_/Users/giova/Pico_SDK_v1.5.0/pico-sdk/src/common/pico_util/pheap.c.obj
                0x10001be0                ph_post_alloc_init
 *fill*         0x10001bee        0x2 
 .text.ph_merge_two_pass
                0x10001bf0       0xa8 CMakeFiles/dev_lowlevel.dir/C_/Users/giova/Pico_SDK_v1.5.0/pico-sdk/src/common/pico_util/pheap.c.obj
                0x10001bf0                ph_merge_two_pass
 .text.ph_remove_any_head
                0x10001c98      0x128 CMakeFiles/dev_lowlevel.dir/C_/Users/giova/Pico_SDK_v1.5.0/pico-sdk/src/common/pico_util/pheap.c.obj
 .text.ph_remove_head
                0x10001dc0       0x14 CMakeFiles/dev_lowlevel.dir/C_/Users/giova/Pico_SDK_v1.5.0/pico-sdk/src/common/pico_util/pheap.c.obj
                0x10001dc0                ph_remove_head
 .text.ph_remove_and_free_node
                0x10001dd4       0xf8 CMakeFiles/dev_lowlevel.dir/C_/Users/giova/Pico_SDK_v1.5.0/pico-sdk/src/common/pico_util/pheap.c.obj
                0x10001dd4                ph_remove_and_free_node
 .text.uart_set_baudrate
                0x10001ecc       0x5c CMakeFiles/dev_lowlevel.dir/C_/Users/giova/Pico_SDK_v1.5.0/pico-sdk/src/rp2_common/hardware_uart/uart.c.obj
                0x10001ecc                uart_set_baudrate
 .text.uart_set_translate_crlf
                0x10001f28       0x28 CMakeFiles/dev_lowlevel.dir/C_/Users/giova/Pico_SDK_v1.5.0/pico-sdk/src/rp2_common/hardware_uart/uart.c.obj
                0x10001f28                uart_set_translate_crlf
 .text.uart_init
                0x10001f50       0x80 CMakeFiles/dev_lowlevel.dir/C_/Users/giova/Pico_SDK_v1.5.0/pico-sdk/src/rp2_common/hardware_uart/uart.c.obj
                0x10001f50                uart_init
 .text.clock_configure
                0x10001fd0      0x104 CMakeFiles/dev_lowlevel.dir/C_/Users/giova/Pico_SDK_v1.5.0/pico-sdk/src/rp2_common/hardware_clocks/clocks.c.obj
                0x10001fd0                clock_configure
 .text.clocks_init
                0x100020d4      0x100 CMakeFiles/dev_lowlevel.dir/C_/Users/giova/Pico_SDK_v1.5.0/pico-sdk/src/rp2_common/hardware_clocks/clocks.c.obj
                0x100020d4                clocks_init
 .text.clock_get_hz
                0x100021d4        0xc CMakeFiles/dev_lowlevel.dir/C_/Users/giova/Pico_SDK_v1.5.0/pico-sdk/src/rp2_common/hardware_clocks/clocks.c.obj
                0x100021d4                clock_get_hz
 .text.pll_init
                0x100021e0      0x12c CMakeFiles/dev_lowlevel.dir/C_/Users/giova/Pico_SDK_v1.5.0/pico-sdk/src/rp2_common/hardware_pll/pll.c.obj
                0x100021e0                pll_init
 .text.watchdog_start_tick
                0x1000230c       0x10 CMakeFiles/dev_lowlevel.dir/C_/Users/giova/Pico_SDK_v1.5.0/pico-sdk/src/rp2_common/hardware_watchdog/watchdog.c.obj
                0x1000230c                watchdog_start_tick
 .text.xosc_init
                0x1000231c       0x28 CMakeFiles/dev_lowlevel.dir/C_/Users/giova/Pico_SDK_v1.5.0/pico-sdk/src/rp2_common/hardware_xosc/xosc.c.obj
                0x1000231c                xosc_init
 .text._exit    0x10002344        0x4 CMakeFiles/dev_lowlevel.dir/C_/Users/giova/Pico_SDK_v1.5.0/pico-sdk/src/rp2_common/pico_runtime/runtime.c.obj
                0x10002344                _exit
 .text.exit     0x10002348        0x6 CMakeFiles/dev_lowlevel.dir/C_/Users/giova/Pico_SDK_v1.5.0/pico-sdk/src/rp2_common/pico_runtime/runtime.c.obj
                0x10002348                exit
 *fill*         0x1000234e        0x2 
 .text.__assert_func
                0x10002350       0x3c CMakeFiles/dev_lowlevel.dir/C_/Users/giova/Pico_SDK_v1.5.0/pico-sdk/src/rp2_common/pico_runtime/runtime.c.obj
                0x10002350                __assert_func
 .text.runtime_init
                0x1000238c       0xf8 CMakeFiles/dev_lowlevel.dir/C_/Users/giova/Pico_SDK_v1.5.0/pico-sdk/src/rp2_common/pico_runtime/runtime.c.obj
                0x1000238c                runtime_init
 .text.panic    0x10002484       0x30 CMakeFiles/dev_lowlevel.dir/C_/Users/giova/Pico_SDK_v1.5.0/pico-sdk/src/rp2_common/pico_runtime/runtime.c.obj
                0x10002484                panic
 .text._out_null
                0x100024b4        0x2 CMakeFiles/dev_lowlevel.dir/C_/Users/giova/Pico_SDK_v1.5.0/pico-sdk/src/rp2_common/pico_printf/printf.c.obj
 .text._out_fct
                0x100024b6        0xe CMakeFiles/dev_lowlevel.dir/C_/Users/giova/Pico_SDK_v1.5.0/pico-sdk/src/rp2_common/pico_printf/printf.c.obj
 .text._atoi    0x100024c4       0x24 CMakeFiles/dev_lowlevel.dir/C_/Users/giova/Pico_SDK_v1.5.0/pico-sdk/src/rp2_common/pico_printf/printf.c.obj
 .text._out_rev
                0x100024e8       0xae CMakeFiles/dev_lowlevel.dir/C_/Users/giova/Pico_SDK_v1.5.0/pico-sdk/src/rp2_common/pico_printf/printf.c.obj
 .text._ntoa_format
                0x10002596      0x112 CMakeFiles/dev_lowlevel.dir/C_/Users/giova/Pico_SDK_v1.5.0/pico-sdk/src/rp2_common/pico_printf/printf.c.obj
 .text._ntoa_long
                0x100026a8       0xbc CMakeFiles/dev_lowlevel.dir/C_/Users/giova/Pico_SDK_v1.5.0/pico-sdk/src/rp2_common/pico_printf/printf.c.obj
 .text._ntoa_long_long
                0x10002764       0xe2 CMakeFiles/dev_lowlevel.dir/C_/Users/giova/Pico_SDK_v1.5.0/pico-sdk/src/rp2_common/pico_printf/printf.c.obj
 *fill*         0x10002846        0x2 
 .text._etoa    0x10002848      0x414 CMakeFiles/dev_lowlevel.dir/C_/Users/giova/Pico_SDK_v1.5.0/pico-sdk/src/rp2_common/pico_printf/printf.c.obj
 .text._ftoa    0x10002c5c      0x354 CMakeFiles/dev_lowlevel.dir/C_/Users/giova/Pico_SDK_v1.5.0/pico-sdk/src/rp2_common/pico_printf/printf.c.obj
 .text._vsnprintf
                0x10002fb0      0x624 CMakeFiles/dev_lowlevel.dir/C_/Users/giova/Pico_SDK_v1.5.0/pico-sdk/src/rp2_common/pico_printf/printf.c.obj
 .text.vfctprintf
                0x100035d4       0x20 CMakeFiles/dev_lowlevel.dir/C_/Users/giova/Pico_SDK_v1.5.0/pico-sdk/src/rp2_common/pico_printf/printf.c.obj
                0x100035d4                vfctprintf
 .text          0x100035f4       0x10 CMakeFiles/dev_lowlevel.dir/C_/Users/giova/Pico_SDK_v1.5.0/pico-sdk/src/rp2_common/pico_bit_ops/bit_ops_aeabi.S.obj
 .text.rom_func_lookup
                0x10003604       0x10 CMakeFiles/dev_lowlevel.dir/C_/Users/giova/Pico_SDK_v1.5.0/pico-sdk/src/rp2_common/pico_bootrom/bootrom.c.obj
                0x10003604                rom_func_lookup
 .text.rom_data_lookup
                0x10003614       0x10 CMakeFiles/dev_lowlevel.dir/C_/Users/giova/Pico_SDK_v1.5.0/pico-sdk/src/rp2_common/pico_bootrom/bootrom.c.obj
                0x10003614                rom_data_lookup
 .text.rom_funcs_lookup
                0x10003624       0x36 CMakeFiles/dev_lowlevel.dir/C_/Users/giova/Pico_SDK_v1.5.0/pico-sdk/src/rp2_common/pico_bootrom/bootrom.c.obj
                0x10003624                rom_funcs_lookup
 *fill*         0x1000365a        0x2 
 .text.__wrap___aeabi_idiv
                0x1000365c       0x50 CMakeFiles/dev_lowlevel.dir/C_/Users/giova/Pico_SDK_v1.5.0/pico-sdk/src/rp2_common/pico_divider/divider.S.obj
                0x1000365c                __wrap___aeabi_idivmod
                0x1000365c                divmod_s32s32
                0x1000365c                div_s32s32
                0x1000365c                __wrap___aeabi_idiv
                0x10003664                divmod_s32s32_unsafe
                0x10003690                divmod_s32s32_savestate
 .text.__wrap___aeabi_uidiv
                0x100036ac       0x4c CMakeFiles/dev_lowlevel.dir/C_/Users/giova/Pico_SDK_v1.5.0/pico-sdk/src/rp2_common/pico_divider/divider.S.obj
                0x100036ac                __wrap___aeabi_uidiv
                0x100036ac                __wrap___aeabi_uidivmod
                0x100036ac                div_u32u32
                0x100036ac                divmod_u32u32
                0x100036b4                divmod_u32u32_unsafe
                0x100036dc                divmod_u32u32_savestate
 .text.__wrap___aeabi_ldiv
                0x100036f8      0x424 CMakeFiles/dev_lowlevel.dir/C_/Users/giova/Pico_SDK_v1.5.0/pico-sdk/src/rp2_common/pico_divider/divider.S.obj
                0x100036f8                div_s64s64
                0x100036f8                divmod_s64s64
                0x100036f8                __wrap___aeabi_ldivmod
                0x10003728                divmod_u64u64
                0x10003728                div_u64u64
                0x10003728                __wrap___aeabi_uldivmod
                0x10003738                divmod_u64u64_savestate
                0x10003758                divmod_s64s64_unsafe
                0x100037e0                divmod_u64u64_unsafe
 .text.__wrap___aeabi_darithmetic
                0x10003b1c       0x80 CMakeFiles/dev_lowlevel.dir/C_/Users/giova/Pico_SDK_v1.5.0/pico-sdk/src/rp2_common/pico_double/double_aeabi.S.obj
                0x10003b1c                __wrap___aeabi_drsub
                0x10003b22                __wrap___aeabi_dsub
                0x10003b34                __wrap___aeabi_dadd
                0x10003b46                __wrap___aeabi_ddiv
                0x10003b82                __wrap___aeabi_dmul
 .text.__wrap___aeabi_cdcmple
                0x10003b9c       0x6c CMakeFiles/dev_lowlevel.dir/C_/Users/giova/Pico_SDK_v1.5.0/pico-sdk/src/rp2_common/pico_double/double_aeabi.S.obj
                0x10003b9c                __wrap___aeabi_cdrcmple
                0x10003bac                __wrap___aeabi_cdcmpeq
                0x10003bac                __wrap___aeabi_cdcmple
 .text.__wrap___aeabi_dcmplt
                0x10003c08        0xc CMakeFiles/dev_lowlevel.dir/C_/Users/giova/Pico_SDK_v1.5.0/pico-sdk/src/rp2_common/pico_double/double_aeabi.S.obj
                0x10003c08                __wrap___aeabi_dcmplt
 .text.__wrap___aeabi_dcmple
                0x10003c14       0x10 CMakeFiles/dev_lowlevel.dir/C_/Users/giova/Pico_SDK_v1.5.0/pico-sdk/src/rp2_common/pico_double/double_aeabi.S.obj
                0x10003c14                __wrap___aeabi_dcmple
 .text.__wrap___aeabi_dcmpge
                0x10003c24       0x10 CMakeFiles/dev_lowlevel.dir/C_/Users/giova/Pico_SDK_v1.5.0/pico-sdk/src/rp2_common/pico_double/double_aeabi.S.obj
                0x10003c24                __wrap___aeabi_dcmpge
 .text.__wrap___aeabi_dcmpgt
                0x10003c34        0xa CMakeFiles/dev_lowlevel.dir/C_/Users/giova/Pico_SDK_v1.5.0/pico-sdk/src/rp2_common/pico_double/double_aeabi.S.obj
                0x10003c34                __wrap___aeabi_dcmpgt
 .text.__wrap___aeabi_dcmpun
                0x10003c3e       0x1c CMakeFiles/dev_lowlevel.dir/C_/Users/giova/Pico_SDK_v1.5.0/pico-sdk/src/rp2_common/pico_double/double_aeabi.S.obj
                0x10003c3e                __wrap___aeabi_dcmpun
 *fill*         0x10003c5a        0x2 
 .text.__wrap___aeabi_i2d
                0x10003c5c       0x38 CMakeFiles/dev_lowlevel.dir/C_/Users/giova/Pico_SDK_v1.5.0/pico-sdk/src/rp2_common/pico_double/double_aeabi.S.obj
                0x10003c5c                __wrap___aeabi_ui2d
                0x10003c64                __wrap___aeabi_i2d
 .text.__wrap___aeabi_d2iz
                0x10003c94       0x48 CMakeFiles/dev_lowlevel.dir/C_/Users/giova/Pico_SDK_v1.5.0/pico-sdk/src/rp2_common/pico_double/double_aeabi.S.obj
                0x10003c94                double2int_z
                0x10003c94                __wrap___aeabi_d2iz
 .text.__wrap___aeabi_d2uiz
                0x10003cdc       0x18 CMakeFiles/dev_lowlevel.dir/C_/Users/giova/Pico_SDK_v1.5.0/pico-sdk/src/rp2_common/pico_double/double_aeabi.S.obj
                0x10003cdc                __wrap___aeabi_d2uiz
                0x10003cdc                double2uint
 .text.__aeabi_double_init
                0x10003cf4       0xc8 CMakeFiles/dev_lowlevel.dir/C_/Users/giova/Pico_SDK_v1.5.0/pico-sdk/src/rp2_common/pico_double/double_init_rom.c.obj
                0x10003cf4                __aeabi_double_init
 .text.double_table_shim_on_use_helper
                0x10003dbc       0x34 CMakeFiles/dev_lowlevel.dir/C_/Users/giova/Pico_SDK_v1.5.0/pico-sdk/src/rp2_common/pico_double/double_v1_rom_shim.S.obj
                0x10003dbc                double_table_shim_on_use_helper
 .text.__wrap___aeabi_dsub
                0x10003df0       0x10 CMakeFiles/dev_lowlevel.dir/C_/Users/giova/Pico_SDK_v1.5.0/pico-sdk/src/rp2_common/pico_double/double_v1_rom_shim.S.obj
                0x10003df0                drsub_shim
                0x10003df6                dsub_shim
 .text.dadd_shim
                0x10003e00      0x15c CMakeFiles/dev_lowlevel.dir/C_/Users/giova/Pico_SDK_v1.5.0/pico-sdk/src/rp2_common/pico_double/double_v1_rom_shim.S.obj
                0x10003e00                dadd_shim
 .text.dmul_shim
                0x10003f5c      0x15c CMakeFiles/dev_lowlevel.dir/C_/Users/giova/Pico_SDK_v1.5.0/pico-sdk/src/rp2_common/pico_double/double_v1_rom_shim.S.obj
                0x10003f5c                dmul_shim
 .text.ddiv_shim
                0x100040b8      0x1b0 CMakeFiles/dev_lowlevel.dir/C_/Users/giova/Pico_SDK_v1.5.0/pico-sdk/src/rp2_common/pico_double/double_v1_rom_shim.S.obj
                0x100040b8                ddiv_shim
 .text.double2uint_shim
                0x10004268        0xe CMakeFiles/dev_lowlevel.dir/C_/Users/giova/Pico_SDK_v1.5.0/pico-sdk/src/rp2_common/pico_double/double_v1_rom_shim.S.obj
                0x10004268                double2uint_shim
                0x1000426a                double2ufix_shim
 *fill*         0x10004276        0x2 
 .text.double2uint64_shim
                0x10004278       0x70 CMakeFiles/dev_lowlevel.dir/C_/Users/giova/Pico_SDK_v1.5.0/pico-sdk/src/rp2_common/pico_double/double_v1_rom_shim.S.obj
                0x10004278                double2uint64_shim
                0x1000427a                double2ufix64_shim
                0x1000429a                d2fix_a
 .text.dunpacks
                0x100042e8       0x3c CMakeFiles/dev_lowlevel.dir/C_/Users/giova/Pico_SDK_v1.5.0/pico-sdk/src/rp2_common/pico_double/double_v1_rom_shim.S.obj
                0x100042e8                dunpacks
 .text.__aeabi_float_init
                0x10004324       0xfc CMakeFiles/dev_lowlevel.dir/C_/Users/giova/Pico_SDK_v1.5.0/pico-sdk/src/rp2_common/pico_float/float_init_rom.c.obj
                0x10004324                __aeabi_float_init
 .text.float_table_shim_on_use_helper
                0x10004420       0x34 CMakeFiles/dev_lowlevel.dir/C_/Users/giova/Pico_SDK_v1.5.0/pico-sdk/src/rp2_common/pico_float/float_v1_rom_shim.S.obj
                0x10004420                float_table_shim_on_use_helper
 .text          0x10004454       0x10 CMakeFiles/dev_lowlevel.dir/C_/Users/giova/Pico_SDK_v1.5.0/pico-sdk/src/rp2_common/pico_mem_ops/mem_ops_aeabi.S.obj
                0x10004454                __aeabi_mem_init
 .text.memset   0x10004464        0xc CMakeFiles/dev_lowlevel.dir/C_/Users/giova/Pico_SDK_v1.5.0/pico-sdk/src/rp2_common/pico_mem_ops/mem_ops_aeabi.S.obj
                0x10004464                __wrap_memset
 .text.memcpy   0x10004470        0xc CMakeFiles/dev_lowlevel.dir/C_/Users/giova/Pico_SDK_v1.5.0/pico-sdk/src/rp2_common/pico_mem_ops/mem_ops_aeabi.S.obj
                0x10004470                __wrap_memcpy
                0x10004470                __wrap___aeabi_memcpy
 .text.stdio_out_chars_no_crlf
                0x1000447c        0xe CMakeFiles/dev_lowlevel.dir/C_/Users/giova/Pico_SDK_v1.5.0/pico-sdk/src/rp2_common/pico_stdio/stdio.c.obj
 *fill*         0x1000448a        0x2 
 .text.stdio_out_chars_crlf
                0x1000448c       0x80 CMakeFiles/dev_lowlevel.dir/C_/Users/giova/Pico_SDK_v1.5.0/pico-sdk/src/rp2_common/pico_stdio/stdio.c.obj
 .text.stdio_stack_buffer_flush
                0x1000450c       0x44 CMakeFiles/dev_lowlevel.dir/C_/Users/giova/Pico_SDK_v1.5.0/pico-sdk/src/rp2_common/pico_stdio/stdio.c.obj
 .text.stdio_buffered_printer
                0x10004550       0x20 CMakeFiles/dev_lowlevel.dir/C_/Users/giova/Pico_SDK_v1.5.0/pico-sdk/src/rp2_common/pico_stdio/stdio.c.obj
 .text.stdout_serialize_begin
                0x10004570       0x5c CMakeFiles/dev_lowlevel.dir/C_/Users/giova/Pico_SDK_v1.5.0/pico-sdk/src/rp2_common/pico_stdio/stdio.c.obj
                0x10004570                stdout_serialize_begin
 .text.stdout_serialize_end
                0x100045cc       0x10 CMakeFiles/dev_lowlevel.dir/C_/Users/giova/Pico_SDK_v1.5.0/pico-sdk/src/rp2_common/pico_stdio/stdio.c.obj
                0x100045cc                stdout_serialize_end
 .text.stdio_put_string
                0x100045dc       0x98 CMakeFiles/dev_lowlevel.dir/C_/Users/giova/Pico_SDK_v1.5.0/pico-sdk/src/rp2_common/pico_stdio/stdio.c.obj
 .text.stdio_set_driver_enabled
                0x10004674       0x2c CMakeFiles/dev_lowlevel.dir/C_/Users/giova/Pico_SDK_v1.5.0/pico-sdk/src/rp2_common/pico_stdio/stdio.c.obj
                0x10004674                stdio_set_driver_enabled
 .text.stdio_flush
                0x100046a0       0x20 CMakeFiles/dev_lowlevel.dir/C_/Users/giova/Pico_SDK_v1.5.0/pico-sdk/src/rp2_common/pico_stdio/stdio.c.obj
                0x100046a0                stdio_flush
 .text.__wrap_puts
                0x100046c0       0x1e CMakeFiles/dev_lowlevel.dir/C_/Users/giova/Pico_SDK_v1.5.0/pico-sdk/src/rp2_common/pico_stdio/stdio.c.obj
                0x100046c0                __wrap_puts
 *fill*         0x100046de        0x2 
 .text.__wrap_vprintf
                0x100046e0       0x40 CMakeFiles/dev_lowlevel.dir/C_/Users/giova/Pico_SDK_v1.5.0/pico-sdk/src/rp2_common/pico_stdio/stdio.c.obj
                0x100046e0                __wrap_vprintf
 .text.__wrap_printf
                0x10004720       0x18 CMakeFiles/dev_lowlevel.dir/C_/Users/giova/Pico_SDK_v1.5.0/pico-sdk/src/rp2_common/pico_stdio/stdio.c.obj
                0x10004720                __wrap_printf
 .text.stdio_init_all
                0x10004738        0xa CMakeFiles/dev_lowlevel.dir/C_/Users/giova/Pico_SDK_v1.5.0/pico-sdk/src/rp2_common/pico_stdio/stdio.c.obj
                0x10004738                stdio_init_all
 *fill*         0x10004742        0x2 
 .text.stdio_uart_out_chars
                0x10004744       0x74 CMakeFiles/dev_lowlevel.dir/C_/Users/giova/Pico_SDK_v1.5.0/pico-sdk/src/rp2_common/pico_stdio_uart/stdio_uart.c.obj
 .text.stdio_uart_in_chars
                0x100047b8       0x80 CMakeFiles/dev_lowlevel.dir/C_/Users/giova/Pico_SDK_v1.5.0/pico-sdk/src/rp2_common/pico_stdio_uart/stdio_uart.c.obj
                0x100047b8                stdio_uart_in_chars
 .text.on_uart_rx
                0x10004838       0x28 CMakeFiles/dev_lowlevel.dir/C_/Users/giova/Pico_SDK_v1.5.0/pico-sdk/src/rp2_common/pico_stdio_uart/stdio_uart.c.obj
 .text.stdio_uart_set_chars_available_callback
                0x10004860       0x8c CMakeFiles/dev_lowlevel.dir/C_/Users/giova/Pico_SDK_v1.5.0/pico-sdk/src/rp2_common/pico_stdio_uart/stdio_uart.c.obj
 .text.stdio_uart_init_full
                0x100048ec       0x44 CMakeFiles/dev_lowlevel.dir/C_/Users/giova/Pico_SDK_v1.5.0/pico-sdk/src/rp2_common/pico_stdio_uart/stdio_uart.c.obj
                0x100048ec                stdio_uart_init_full
 .text.stdio_uart_init
                0x10004930       0x28 CMakeFiles/dev_lowlevel.dir/C_/Users/giova/Pico_SDK_v1.5.0/pico-sdk/src/rp2_common/pico_stdio_uart/stdio_uart.c.obj
                0x10004930                stdio_uart_init
 .text.strlen   0x10004958       0x5c c:/users/giova/picosd~1.0/gcc-ar~1/bin/../lib/gcc/arm-none-eabi/10.3.1/../../../../arm-none-eabi/lib/thumb/v6-m/nofp\libg.a(lib_a-strlen-stub.o)
                0x10004958                strlen
 *(.fini)
 .fini          0x100049b4        0x4 c:/users/giova/picosd~1.0/gcc-ar~1/bin/../lib/gcc/arm-none-eabi/10.3.1/thumb/v6-m/nofp/crti.o
                0x100049b4                _fini
 .fini.__stub   0x100049b8       0x40 linker stubs
 *crtbegin.o(.ctors)
 *crtbegin?.o(.ctors)
 *(EXCLUDE_FILE(*crtend.o *crtend?.o) .ctors)
 *(SORT_BY_NAME(.ctors.*))
 *(.ctors)
 *crtbegin.o(.dtors)
 *crtbegin?.o(.dtors)
 *(EXCLUDE_FILE(*crtend.o *crtend?.o) .dtors)
 *(SORT_BY_NAME(.dtors.*))
 *(.dtors)
 *(.eh_frame*)
 .eh_frame      0x100049f8        0x0 c:/users/giova/picosd~1.0/gcc-ar~1/bin/../lib/gcc/arm-none-eabi/10.3.1/thumb/v6-m/nofp/crtbegin.o
                0x100049f8                . = ALIGN (0x4)

.glue_7         0x100049f8        0x0
 .glue_7        0x100049f8        0x0 linker stubs

.glue_7t        0x100049f8        0x0
 .glue_7t       0x100049f8        0x0 linker stubs

.vfp11_veneer   0x100049f8        0x0
 .vfp11_veneer  0x100049f8        0x0 linker stubs

.v4_bx          0x100049f8        0x0
 .v4_bx         0x100049f8        0x0 linker stubs

.iplt           0x100049f8        0x0
 .iplt          0x100049f8        0x0 c:/users/giova/picosd~1.0/gcc-ar~1/bin/../lib/gcc/arm-none-eabi/10.3.1/thumb/v6-m/nofp/crtbegin.o

.rodata         0x100049f8     0x1224
 *(EXCLUDE_FILE(*libm.a: *libc.a:*lib_a-mem*.o *libgcc.a:) .rodata*)
 .rodata.usb_handle_buff_done.str1.4
                0x100049f8       0x16 CMakeFiles/dev_lowlevel.dir/dev_lowlevel.c.obj
 *fill*         0x10004a0e        0x2 
 .rodata.usb_setup_endpoint.str1.4
                0x10004a10       0x2f CMakeFiles/dev_lowlevel.dir/dev_lowlevel.c.obj
 *fill*         0x10004a3f        0x1 
 .rodata.usb_start_transfer.str1.4
                0x10004a40       0x8a CMakeFiles/dev_lowlevel.dir/dev_lowlevel.c.obj
 *fill*         0x10004aca        0x2 
 .rodata.ep1_out_handler.str1.4
                0x10004acc       0x17 CMakeFiles/dev_lowlevel.dir/dev_lowlevel.c.obj
 *fill*         0x10004ae3        0x1 
 .rodata.ep2_in_handler.str1.4
                0x10004ae4       0x17 CMakeFiles/dev_lowlevel.dir/dev_lowlevel.c.obj
 *fill*         0x10004afb        0x1 
 .rodata.usb_set_device_address.str1.4
                0x10004afc       0x11 CMakeFiles/dev_lowlevel.dir/dev_lowlevel.c.obj
 *fill*         0x10004b0d        0x3 
 .rodata.usb_set_device_configuration.str1.4
                0x10004b10       0x13 CMakeFiles/dev_lowlevel.dir/dev_lowlevel.c.obj
 *fill*         0x10004b23        0x1 
 .rodata.usb_handle_setup_packet.str1.4
                0x10004b24       0xa6 CMakeFiles/dev_lowlevel.dir/dev_lowlevel.c.obj
 *fill*         0x10004bca        0x2 
 .rodata.isr_irq5.str1.4
                0x10004bcc       0x20 CMakeFiles/dev_lowlevel.dir/dev_lowlevel.c.obj
 .rodata.main.str1.4
                0x10004bec       0x26 CMakeFiles/dev_lowlevel.dir/dev_lowlevel.c.obj
 *fill*         0x10004c12        0x2 
 .rodata.str1.4
                0x10004c14       0x21 CMakeFiles/dev_lowlevel.dir/dev_lowlevel.c.obj
 *fill*         0x10004c35        0x3 
 .rodata.__func__.0
                0x10004c38       0x13 CMakeFiles/dev_lowlevel.dir/dev_lowlevel.c.obj
 *fill*         0x10004c4b        0x1 
 .rodata.config_descriptor
                0x10004c4c        0x9 CMakeFiles/dev_lowlevel.dir/dev_lowlevel.c.obj
 *fill*         0x10004c55        0x3 
 .rodata.device_descriptor
                0x10004c58       0x12 CMakeFiles/dev_lowlevel.dir/dev_lowlevel.c.obj
 *fill*         0x10004c6a        0x2 
 .rodata.ep0_in
                0x10004c6c        0x7 CMakeFiles/dev_lowlevel.dir/dev_lowlevel.c.obj
 *fill*         0x10004c73        0x1 
 .rodata.ep0_out
                0x10004c74        0x7 CMakeFiles/dev_lowlevel.dir/dev_lowlevel.c.obj
 *fill*         0x10004c7b        0x1 
 .rodata.ep1_out
                0x10004c7c        0x7 CMakeFiles/dev_lowlevel.dir/dev_lowlevel.c.obj
 *fill*         0x10004c83        0x1 
 .rodata.ep2_in
                0x10004c84        0x7 CMakeFiles/dev_lowlevel.dir/dev_lowlevel.c.obj
 *fill*         0x10004c8b        0x1 
 .rodata.interface_descriptor
                0x10004c8c        0x9 CMakeFiles/dev_lowlevel.dir/dev_lowlevel.c.obj
 *fill*         0x10004c95        0x3 
 .rodata.lang_descriptor
                0x10004c98        0x4 CMakeFiles/dev_lowlevel.dir/dev_lowlevel.c.obj
 .rodata.make_branch.str1.4
                0x10004c9c       0x7a CMakeFiles/dev_lowlevel.dir/C_/Users/giova/Pico_SDK_v1.5.0/pico-sdk/src/rp2_common/hardware_irq/irq.c.obj
 *fill*         0x10004d16        0x2 
 .rodata.insert_branch_and_link.str1.4
                0x10004d18       0x10 CMakeFiles/dev_lowlevel.dir/C_/Users/giova/Pico_SDK_v1.5.0/pico-sdk/src/rp2_common/hardware_irq/irq.c.obj
 .rodata.irq_set_exclusive_handler.str1.4
                0x10004d28       0x36 CMakeFiles/dev_lowlevel.dir/C_/Users/giova/Pico_SDK_v1.5.0/pico-sdk/src/rp2_common/hardware_irq/irq.c.obj
 *fill*         0x10004d5e        0x2 
 .rodata.irq_add_shared_handler.str1.4
                0x10004d60       0xd9 CMakeFiles/dev_lowlevel.dir/C_/Users/giova/Pico_SDK_v1.5.0/pico-sdk/src/rp2_common/hardware_irq/irq.c.obj
 *fill*         0x10004e39        0x3 
 .rodata.irq_remove_handler.str1.4
                0x10004e3c       0x3a CMakeFiles/dev_lowlevel.dir/C_/Users/giova/Pico_SDK_v1.5.0/pico-sdk/src/rp2_common/hardware_irq/irq.c.obj
 *fill*         0x10004e76        0x2 
 .rodata.irq_add_tail_to_free_list.str1.4
                0x10004e78       0x3a CMakeFiles/dev_lowlevel.dir/C_/Users/giova/Pico_SDK_v1.5.0/pico-sdk/src/rp2_common/hardware_irq/irq.c.obj
 *fill*         0x10004eb2        0x2 
 .rodata.__func__.0
                0x10004eb4       0x1a CMakeFiles/dev_lowlevel.dir/C_/Users/giova/Pico_SDK_v1.5.0/pico-sdk/src/rp2_common/hardware_irq/irq.c.obj
 *fill*         0x10004ece        0x2 
 .rodata.__func__.1
                0x10004ed0       0x17 CMakeFiles/dev_lowlevel.dir/C_/Users/giova/Pico_SDK_v1.5.0/pico-sdk/src/rp2_common/hardware_irq/irq.c.obj
 *fill*         0x10004ee7        0x1 
 .rodata.__func__.2
                0x10004ee8       0x13 CMakeFiles/dev_lowlevel.dir/C_/Users/giova/Pico_SDK_v1.5.0/pico-sdk/src/rp2_common/hardware_irq/irq.c.obj
 *fill*         0x10004efb        0x1 
 .rodata.__func__.3
                0x10004efc        0xc CMakeFiles/dev_lowlevel.dir/C_/Users/giova/Pico_SDK_v1.5.0/pico-sdk/src/rp2_common/hardware_irq/irq.c.obj
 .rodata.__func__.4
                0x10004f08        0xf CMakeFiles/dev_lowlevel.dir/C_/Users/giova/Pico_SDK_v1.5.0/pico-sdk/src/rp2_common/hardware_irq/irq.c.obj
 *fill*         0x10004f17        0x1 
 .rodata.__func__.6
                0x10004f18       0x1a CMakeFiles/dev_lowlevel.dir/C_/Users/giova/Pico_SDK_v1.5.0/pico-sdk/src/rp2_common/hardware_irq/irq.c.obj
 *fill*         0x10004f32        0x2 
 .rodata.str1.4
                0x10004f34      0x109 CMakeFiles/dev_lowlevel.dir/C_/Users/giova/Pico_SDK_v1.5.0/pico-sdk/src/common/pico_sync/mutex.c.obj
 *fill*         0x1000503d        0x3 
 .rodata.__func__.1
                0x10005040        0xb CMakeFiles/dev_lowlevel.dir/C_/Users/giova/Pico_SDK_v1.5.0/pico-sdk/src/common/pico_sync/mutex.c.obj
 *fill*         0x1000504b        0x1 
 .rodata.__func__.3
                0x1000504c       0x18 CMakeFiles/dev_lowlevel.dir/C_/Users/giova/Pico_SDK_v1.5.0/pico-sdk/src/common/pico_sync/mutex.c.obj
 .rodata.repeating_timer_callback.str1.4
                0x10005064       0x58 CMakeFiles/dev_lowlevel.dir/C_/Users/giova/Pico_SDK_v1.5.0/pico-sdk/src/common/pico_time/time.c.obj
 .rodata.timer_pool_entry_comparator.str1.4
                0x100050bc       0x22 CMakeFiles/dev_lowlevel.dir/C_/Users/giova/Pico_SDK_v1.5.0/pico-sdk/src/common/pico_time/time.c.obj
 *fill*         0x100050de        0x2 
 .rodata.ph_add_child_node.str1.4
                0x100050e0       0xa2 CMakeFiles/dev_lowlevel.dir/C_/Users/giova/Pico_SDK_v1.5.0/pico-sdk/src/common/pico_time/time.c.obj
 *fill*         0x10005182        0x2 
 .rodata.add_alarm_under_lock.str1.4
                0x10005184       0x28 CMakeFiles/dev_lowlevel.dir/C_/Users/giova/Pico_SDK_v1.5.0/pico-sdk/src/common/pico_time/time.c.obj
                                 0x2b (size before relaxing)
 .rodata.alarm_pool_alarm_callback.str1.4
                0x100051ac       0x98 CMakeFiles/dev_lowlevel.dir/C_/Users/giova/Pico_SDK_v1.5.0/pico-sdk/src/common/pico_time/time.c.obj
                                0x108 (size before relaxing)
 .rodata.alarm_pool_get_default.str1.4
                0x10005244       0x21 CMakeFiles/dev_lowlevel.dir/C_/Users/giova/Pico_SDK_v1.5.0/pico-sdk/src/common/pico_time/time.c.obj
 *fill*         0x10005265        0x3 
 .rodata.alarm_pool_cancel_alarm.str1.4
                0x10005268       0x27 CMakeFiles/dev_lowlevel.dir/C_/Users/giova/Pico_SDK_v1.5.0/pico-sdk/src/common/pico_time/time.c.obj
 *fill*         0x1000528f        0x1 
 .rodata.__func__.1
                0x10005290       0x18 CMakeFiles/dev_lowlevel.dir/C_/Users/giova/Pico_SDK_v1.5.0/pico-sdk/src/common/pico_time/time.c.obj
 .rodata.__func__.10
                0x100052a8       0x15 CMakeFiles/dev_lowlevel.dir/C_/Users/giova/Pico_SDK_v1.5.0/pico-sdk/src/common/pico_time/time.c.obj
 *fill*         0x100052bd        0x3 
 .rodata.__func__.11
                0x100052c0       0x1a CMakeFiles/dev_lowlevel.dir/C_/Users/giova/Pico_SDK_v1.5.0/pico-sdk/src/common/pico_time/time.c.obj
 *fill*         0x100052da        0x2 
 .rodata.__func__.12
                0x100052dc        0xa CMakeFiles/dev_lowlevel.dir/C_/Users/giova/Pico_SDK_v1.5.0/pico-sdk/src/common/pico_time/time.c.obj
 *fill*         0x100052e6        0x2 
 .rodata.__func__.3
                0x100052e8       0x17 CMakeFiles/dev_lowlevel.dir/C_/Users/giova/Pico_SDK_v1.5.0/pico-sdk/src/common/pico_time/time.c.obj
 *fill*         0x100052ff        0x1 
 .rodata.__func__.4
                0x10005300       0x12 CMakeFiles/dev_lowlevel.dir/C_/Users/giova/Pico_SDK_v1.5.0/pico-sdk/src/common/pico_time/time.c.obj
 *fill*         0x10005312        0x2 
 .rodata.__func__.5
                0x10005314        0xd CMakeFiles/dev_lowlevel.dir/C_/Users/giova/Pico_SDK_v1.5.0/pico-sdk/src/common/pico_time/time.c.obj
 *fill*         0x10005321        0x3 
 .rodata.__func__.6
                0x10005324       0x12 CMakeFiles/dev_lowlevel.dir/C_/Users/giova/Pico_SDK_v1.5.0/pico-sdk/src/common/pico_time/time.c.obj
 *fill*         0x10005336        0x2 
 .rodata.__func__.7
                0x10005338        0xf CMakeFiles/dev_lowlevel.dir/C_/Users/giova/Pico_SDK_v1.5.0/pico-sdk/src/common/pico_time/time.c.obj
 *fill*         0x10005347        0x1 
 .rodata.__func__.8
                0x10005348        0xc CMakeFiles/dev_lowlevel.dir/C_/Users/giova/Pico_SDK_v1.5.0/pico-sdk/src/common/pico_time/time.c.obj
 .rodata.__func__.9
                0x10005354       0x15 CMakeFiles/dev_lowlevel.dir/C_/Users/giova/Pico_SDK_v1.5.0/pico-sdk/src/common/pico_time/time.c.obj
 *fill*         0x10005369        0x3 
 .rodata.hardware_alarm_claim.str1.4
                0x1000536c       0x22 CMakeFiles/dev_lowlevel.dir/C_/Users/giova/Pico_SDK_v1.5.0/pico-sdk/src/rp2_common/hardware_timer/timer.c.obj
 *fill*         0x1000538e        0x2 
 .rodata.hardware_alarm_set_target.str1.4
                0x10005390       0x72 CMakeFiles/dev_lowlevel.dir/C_/Users/giova/Pico_SDK_v1.5.0/pico-sdk/src/rp2_common/hardware_timer/timer.c.obj
 *fill*         0x10005402        0x2 
 .rodata.__func__.0
                0x10005404       0x1a CMakeFiles/dev_lowlevel.dir/C_/Users/giova/Pico_SDK_v1.5.0/pico-sdk/src/rp2_common/hardware_timer/timer.c.obj
 .rodata.ph_add_child_node.str1.4
                0x1000541e       0xa2 CMakeFiles/dev_lowlevel.dir/C_/Users/giova/Pico_SDK_v1.5.0/pico-sdk/src/common/pico_util/pheap.c.obj
 *fill*         0x1000541e        0x2 
 .rodata.ph_remove_any_head.str1.4
                0x10005420       0x9c CMakeFiles/dev_lowlevel.dir/C_/Users/giova/Pico_SDK_v1.5.0/pico-sdk/src/common/pico_util/pheap.c.obj
                                 0xb0 (size before relaxing)
 .rodata.ph_remove_and_free_node.str1.4
                0x100054bc       0x1e CMakeFiles/dev_lowlevel.dir/C_/Users/giova/Pico_SDK_v1.5.0/pico-sdk/src/common/pico_util/pheap.c.obj
                                 0x26 (size before relaxing)
 *fill*         0x100054da        0x2 
 .rodata.__func__.0
                0x100054dc       0x18 CMakeFiles/dev_lowlevel.dir/C_/Users/giova/Pico_SDK_v1.5.0/pico-sdk/src/common/pico_util/pheap.c.obj
 .rodata.__func__.1
                0x100054f4       0x13 CMakeFiles/dev_lowlevel.dir/C_/Users/giova/Pico_SDK_v1.5.0/pico-sdk/src/common/pico_util/pheap.c.obj
 *fill*         0x10005507        0x1 
 .rodata.__func__.2
                0x10005508       0x12 CMakeFiles/dev_lowlevel.dir/C_/Users/giova/Pico_SDK_v1.5.0/pico-sdk/src/common/pico_util/pheap.c.obj
 *fill*         0x1000551a        0x2 
 .rodata.__func__.3
                0x1000551c        0xc CMakeFiles/dev_lowlevel.dir/C_/Users/giova/Pico_SDK_v1.5.0/pico-sdk/src/common/pico_util/pheap.c.obj
 .rodata.clock_configure.str1.4
                0x10005528       0x64 CMakeFiles/dev_lowlevel.dir/C_/Users/giova/Pico_SDK_v1.5.0/pico-sdk/src/rp2_common/hardware_clocks/clocks.c.obj
 .rodata.__func__.1
                0x1000558c       0x10 CMakeFiles/dev_lowlevel.dir/C_/Users/giova/Pico_SDK_v1.5.0/pico-sdk/src/rp2_common/hardware_clocks/clocks.c.obj
 .rodata.pll_init.str1.4
                0x1000559c      0x12f CMakeFiles/dev_lowlevel.dir/C_/Users/giova/Pico_SDK_v1.5.0/pico-sdk/src/rp2_common/hardware_pll/pll.c.obj
 *fill*         0x100056cb        0x1 
 .rodata.__func__.0
                0x100056cc        0x9 CMakeFiles/dev_lowlevel.dir/C_/Users/giova/Pico_SDK_v1.5.0/pico-sdk/src/rp2_common/hardware_pll/pll.c.obj
 *fill*         0x100056d5        0x3 
 .rodata.__assert_func.str1.4
                0x100056d8       0x3f CMakeFiles/dev_lowlevel.dir/C_/Users/giova/Pico_SDK_v1.5.0/pico-sdk/src/rp2_common/pico_runtime/runtime.c.obj
                                 0x43 (size before relaxing)
 *fill*         0x10005717        0x1 
 .rodata.runtime_init.str1.4
                0x10005718       0x6e CMakeFiles/dev_lowlevel.dir/C_/Users/giova/Pico_SDK_v1.5.0/pico-sdk/src/rp2_common/pico_runtime/runtime.c.obj
 *fill*         0x10005786        0x2 
 .rodata.panic.str1.4
                0x10005788       0x10 CMakeFiles/dev_lowlevel.dir/C_/Users/giova/Pico_SDK_v1.5.0/pico-sdk/src/rp2_common/pico_runtime/runtime.c.obj
                                 0x12 (size before relaxing)
 .rodata.__func__.2
                0x10005798        0xd CMakeFiles/dev_lowlevel.dir/C_/Users/giova/Pico_SDK_v1.5.0/pico-sdk/src/rp2_common/pico_runtime/runtime.c.obj
 *fill*         0x100057a5        0x3 
 .rodata._ftoa.str1.4
                0x100057a8       0x15 CMakeFiles/dev_lowlevel.dir/C_/Users/giova/Pico_SDK_v1.5.0/pico-sdk/src/rp2_common/pico_printf/printf.c.obj
 *fill*         0x100057bd        0x3 
 .rodata._vsnprintf
                0x100057c0      0x1e0 CMakeFiles/dev_lowlevel.dir/C_/Users/giova/Pico_SDK_v1.5.0/pico-sdk/src/rp2_common/pico_printf/printf.c.obj
 .rodata.pow10.0
                0x100059a0       0x50 CMakeFiles/dev_lowlevel.dir/C_/Users/giova/Pico_SDK_v1.5.0/pico-sdk/src/rp2_common/pico_printf/printf.c.obj
 .rodata.__aeabi_double_init.str1.4
                0x100059f0       0xb5 CMakeFiles/dev_lowlevel.dir/C_/Users/giova/Pico_SDK_v1.5.0/pico-sdk/src/rp2_common/pico_double/double_init_rom.c.obj
 *fill*         0x10005aa5        0x3 
 .rodata.__func__.0
                0x10005aa8       0x14 CMakeFiles/dev_lowlevel.dir/C_/Users/giova/Pico_SDK_v1.5.0/pico-sdk/src/rp2_common/pico_double/double_init_rom.c.obj
 .rodata.__aeabi_float_init.str1.4
                0x10005abc       0x87 CMakeFiles/dev_lowlevel.dir/C_/Users/giova/Pico_SDK_v1.5.0/pico-sdk/src/rp2_common/pico_float/float_init_rom.c.obj
                                 0x8b (size before relaxing)
 *fill*         0x10005b43        0x1 
 .rodata.__func__.0
                0x10005b44       0x13 CMakeFiles/dev_lowlevel.dir/C_/Users/giova/Pico_SDK_v1.5.0/pico-sdk/src/rp2_common/pico_float/float_init_rom.c.obj
 *fill*         0x10005b57        0x1 
 .rodata.str1.4
                0x10005b58       0x44 CMakeFiles/dev_lowlevel.dir/C_/Users/giova/Pico_SDK_v1.5.0/pico-sdk/src/rp2_common/pico_standard_link/binary_info.c.obj
 .rodata.__bi_44
                0x10005b9c        0xc CMakeFiles/dev_lowlevel.dir/C_/Users/giova/Pico_SDK_v1.5.0/pico-sdk/src/rp2_common/pico_standard_link/binary_info.c.obj
 .rodata.__bi_75
                0x10005ba8        0xc CMakeFiles/dev_lowlevel.dir/C_/Users/giova/Pico_SDK_v1.5.0/pico-sdk/src/rp2_common/pico_standard_link/binary_info.c.obj
 .rodata.__bi_81
                0x10005bb4        0xc CMakeFiles/dev_lowlevel.dir/C_/Users/giova/Pico_SDK_v1.5.0/pico-sdk/src/rp2_common/pico_standard_link/binary_info.c.obj
 .rodata.stdout_serialize_begin.str1.4
                0x10005bc0       0x6e CMakeFiles/dev_lowlevel.dir/C_/Users/giova/Pico_SDK_v1.5.0/pico-sdk/src/rp2_common/pico_stdio/stdio.c.obj
 .rodata.__func__.3
                0x10005bc0       0x15 CMakeFiles/dev_lowlevel.dir/C_/Users/giova/Pico_SDK_v1.5.0/pico-sdk/src/rp2_common/pico_stdio/stdio.c.obj
 *fill*         0x10005bd5        0x3 
 .rodata.crlf_str.2
                0x10005bd8        0x2 CMakeFiles/dev_lowlevel.dir/C_/Users/giova/Pico_SDK_v1.5.0/pico-sdk/src/rp2_common/pico_stdio/stdio.c.obj
 *fill*         0x10005bda        0x2 
 .rodata.str1.4
                0x10005bdc       0x2c CMakeFiles/dev_lowlevel.dir/C_/Users/giova/Pico_SDK_v1.5.0/pico-sdk/src/rp2_common/pico_stdio_uart/stdio_uart.c.obj
 .rodata.__bi_33.4
                0x10005c08        0xc CMakeFiles/dev_lowlevel.dir/C_/Users/giova/Pico_SDK_v1.5.0/pico-sdk/src/rp2_common/pico_stdio_uart/stdio_uart.c.obj
 .rodata.__bi_34.5
                0x10005c14        0x8 CMakeFiles/dev_lowlevel.dir/C_/Users/giova/Pico_SDK_v1.5.0/pico-sdk/src/rp2_common/pico_stdio_uart/stdio_uart.c.obj
                0x10005c1c                . = ALIGN (0x4)
 *(SORT_BY_ALIGNMENT(SORT_BY_NAME(.flashdata*)))
                0x10005c1c                . = ALIGN (0x4)

.rel.dyn        0x10005c1c        0x0
 .rel.iplt      0x10005c1c        0x0 c:/users/giova/picosd~1.0/gcc-ar~1/bin/../lib/gcc/arm-none-eabi/10.3.1/thumb/v6-m/nofp/crtbegin.o

.ARM.extab
 *(.ARM.extab* .gnu.linkonce.armextab.*)
                0x10005c1c                __exidx_start = .

.ARM.exidx
 *(.ARM.exidx* .gnu.linkonce.armexidx.*)
                0x10005c1c                __exidx_end = .
                0x10005c1c                . = ALIGN (0x4)
                0x10005c1c                __binary_info_start = .

.binary_info    0x10005c1c       0x24
 *(.binary_info.keep.*)
 .binary_info.keep.__bi_ptr22
                0x10005c1c        0x4 CMakeFiles/dev_lowlevel.dir/C_/Users/giova/Pico_SDK_v1.5.0/pico-sdk/src/rp2_common/pico_standard_link/binary_info.c.obj
 .binary_info.keep.__bi_ptr30
                0x10005c20        0x4 CMakeFiles/dev_lowlevel.dir/C_/Users/giova/Pico_SDK_v1.5.0/pico-sdk/src/rp2_common/pico_standard_link/binary_info.c.obj
 .binary_info.keep.__bi_ptr38
                0x10005c24        0x4 CMakeFiles/dev_lowlevel.dir/C_/Users/giova/Pico_SDK_v1.5.0/pico-sdk/src/rp2_common/pico_standard_link/binary_info.c.obj
 .binary_info.keep.__bi_ptr44
                0x10005c28        0x4 CMakeFiles/dev_lowlevel.dir/C_/Users/giova/Pico_SDK_v1.5.0/pico-sdk/src/rp2_common/pico_standard_link/binary_info.c.obj
 .binary_info.keep.__bi_ptr50
                0x10005c2c        0x4 CMakeFiles/dev_lowlevel.dir/C_/Users/giova/Pico_SDK_v1.5.0/pico-sdk/src/rp2_common/pico_standard_link/binary_info.c.obj
 .binary_info.keep.__bi_ptr75
                0x10005c30        0x4 CMakeFiles/dev_lowlevel.dir/C_/Users/giova/Pico_SDK_v1.5.0/pico-sdk/src/rp2_common/pico_standard_link/binary_info.c.obj
 .binary_info.keep.__bi_ptr81
                0x10005c34        0x4 CMakeFiles/dev_lowlevel.dir/C_/Users/giova/Pico_SDK_v1.5.0/pico-sdk/src/rp2_common/pico_standard_link/binary_info.c.obj
 *(.binary_info.*)
 .binary_info.__bi_ptr33
                0x10005c38        0x4 CMakeFiles/dev_lowlevel.dir/C_/Users/giova/Pico_SDK_v1.5.0/pico-sdk/src/rp2_common/pico_stdio_uart/stdio_uart.c.obj
 .binary_info.__bi_ptr34
                0x10005c3c        0x4 CMakeFiles/dev_lowlevel.dir/C_/Users/giova/Pico_SDK_v1.5.0/pico-sdk/src/rp2_common/pico_stdio_uart/stdio_uart.c.obj
                0x10005c40                __binary_info_end = .
                0x10005c40                . = ALIGN (0x4)
                0x10005c40                __etext = .

.ram_vector_table
                0x20000000       0xc0
 *(.ram_vector_table)
 .ram_vector_table
                0x20000000       0xc0 CMakeFiles/dev_lowlevel.dir/C_/Users/giova/Pico_SDK_v1.5.0/pico-sdk/src/rp2_common/pico_runtime/runtime.c.obj
                0x20000000                ram_vector_table

.data           0x200000c0      0x3e4 load address 0x10005c40
                0x200000c0                __data_start__ = .
 *(vtable)
 *(.time_critical*)
 .time_critical.mutex_try_enter
                0x200000c0       0x46 CMakeFiles/dev_lowlevel.dir/C_/Users/giova/Pico_SDK_v1.5.0/pico-sdk/src/common/pico_sync/mutex.c.obj
                0x200000c0                mutex_try_enter
 *fill*         0x20000106        0x2 
 .time_critical.mutex_enter_block_until
                0x20000108       0x8c CMakeFiles/dev_lowlevel.dir/C_/Users/giova/Pico_SDK_v1.5.0/pico-sdk/src/common/pico_sync/mutex.c.obj
                0x20000108                mutex_enter_block_until
 .time_critical.mutex_try_enter_block_until
                0x20000194       0x34 CMakeFiles/dev_lowlevel.dir/C_/Users/giova/Pico_SDK_v1.5.0/pico-sdk/src/common/pico_sync/mutex.c.obj
                0x20000194                mutex_try_enter_block_until
 .time_critical.mutex_exit
                0x200001c8       0x4c CMakeFiles/dev_lowlevel.dir/C_/Users/giova/Pico_SDK_v1.5.0/pico-sdk/src/common/pico_sync/mutex.c.obj
                0x200001c8                mutex_exit
 *(.text*)
 .text          0x20000214        0x4 c:/users/giova/picosd~1.0/gcc-ar~1/bin/../lib/gcc/arm-none-eabi/10.3.1/thumb/v6-m/nofp\libgcc.a(_dvmd_tls.o)
                0x20000214                __aeabi_idiv0
                0x20000214                __aeabi_ldiv0
 .text.__stub   0x20000218       0x20 linker stubs
                0x20000238                . = ALIGN (0x4)
 *(.rodata*)
                0x20000238                . = ALIGN (0x4)
 *(.data*)
 .data.descriptor_strings
                0x20000238        0x8 CMakeFiles/dev_lowlevel.dir/dev_lowlevel.c.obj
 .data.dev_config
                0x20000240      0x194 CMakeFiles/dev_lowlevel.dir/dev_lowlevel.c.obj
 .data.striped_spin_lock_num
                0x200003d4        0x1 CMakeFiles/dev_lowlevel.dir/C_/Users/giova/Pico_SDK_v1.5.0/pico-sdk/src/rp2_common/hardware_sync/sync.c.obj
 *fill*         0x200003d5        0x3 
 .data          0x200003d8       0x48 CMakeFiles/dev_lowlevel.dir/C_/Users/giova/Pico_SDK_v1.5.0/pico-sdk/src/rp2_common/hardware_irq/irq_handler_chain.S.obj
                0x200003d8                irq_handler_chain_slots
                0x20000408                irq_handler_chain_first_slot
                0x20000412                irq_handler_chain_remove_tail
 .data.default_alarm_pool
                0x20000420       0x18 CMakeFiles/dev_lowlevel.dir/C_/Users/giova/Pico_SDK_v1.5.0/pico-sdk/src/common/pico_time/time.c.obj
 .data.default_alarm_pool_heap
                0x20000438       0x10 CMakeFiles/dev_lowlevel.dir/C_/Users/giova/Pico_SDK_v1.5.0/pico-sdk/src/common/pico_time/time.c.obj
 *fill*         0x20000448        0x8 
 .data.aeabi_bits_funcs
                0x20000450       0x10 CMakeFiles/dev_lowlevel.dir/C_/Users/giova/Pico_SDK_v1.5.0/pico-sdk/src/rp2_common/pico_bit_ops/bit_ops_aeabi.S.obj
                0x20000450                aeabi_bits_funcs
                0x20000460                aeabi_bits_funcs_end
 .data.aeabi_mem_funcs
                0x20000460       0x10 CMakeFiles/dev_lowlevel.dir/C_/Users/giova/Pico_SDK_v1.5.0/pico-sdk/src/rp2_common/pico_mem_ops/mem_ops_aeabi.S.obj
                0x20000460                aeabi_mem_funcs
                0x20000470                aeabi_mem_funcs_end
 .data.stdio_uart
                0x20000470       0x18 CMakeFiles/dev_lowlevel.dir/C_/Users/giova/Pico_SDK_v1.5.0/pico-sdk/src/rp2_common/pico_stdio_uart/stdio_uart.c.obj
                0x20000470                stdio_uart
                0x20000488                . = ALIGN (0x4)
 *(.after_data.*)
                0x20000488                . = ALIGN (0x4)
                0x20000488                PROVIDE (__mutex_array_start = .)
 *(SORT_BY_NAME(.mutex_array.*))
 *(.mutex_array)
 .mutex_array   0x20000488        0x8 CMakeFiles/dev_lowlevel.dir/C_/Users/giova/Pico_SDK_v1.5.0/pico-sdk/src/rp2_common/pico_stdio/stdio.c.obj
                0x20000490                PROVIDE (__mutex_array_end = .)
                0x20000490                . = ALIGN (0x4)
                0x20000490                PROVIDE (__preinit_array_start = .)
 *(SORT_BY_NAME(.preinit_array.*))
 .preinit_array.00001
                0x20000490        0x4 CMakeFiles/dev_lowlevel.dir/C_/Users/giova/Pico_SDK_v1.5.0/pico-sdk/src/rp2_common/pico_mem_ops/mem_ops_aeabi.S.obj
 .preinit_array.00010
                0x20000494        0x4 CMakeFiles/dev_lowlevel.dir/C_/Users/giova/Pico_SDK_v1.5.0/pico-sdk/src/rp2_common/pico_bit_ops/bit_ops_aeabi.S.obj
 .preinit_array.00020
                0x20000498        0x4 CMakeFiles/dev_lowlevel.dir/C_/Users/giova/Pico_SDK_v1.5.0/pico-sdk/src/rp2_common/pico_double/double_aeabi.S.obj
 .preinit_array.00020
                0x2000049c        0x4 CMakeFiles/dev_lowlevel.dir/C_/Users/giova/Pico_SDK_v1.5.0/pico-sdk/src/rp2_common/pico_float/float_aeabi.S.obj
 *(.preinit_array)
                0x200004a0                PROVIDE (__preinit_array_end = .)
                0x200004a0                . = ALIGN (0x4)
                0x200004a0                PROVIDE (__init_array_start = .)
 *(SORT_BY_NAME(.init_array.*))
 *(.init_array)
 .init_array    0x200004a0        0x4 c:/users/giova/picosd~1.0/gcc-ar~1/bin/../lib/gcc/arm-none-eabi/10.3.1/thumb/v6-m/nofp/crtbegin.o
                0x200004a4                PROVIDE (__init_array_end = .)
                0x200004a4                . = ALIGN (0x4)
                [!provide]                PROVIDE (__fini_array_start = .)
 *(SORT_BY_NAME(.fini_array.*))
 *(.fini_array)
                [!provide]                PROVIDE (__fini_array_end = .)
 *(.jcr)
                0x200004a4                . = ALIGN (0x4)
                0x200004a4                __data_end__ = .

.igot.plt       0x200004a4        0x0 load address 0x10006024
 .igot.plt      0x200004a4        0x0 c:/users/giova/picosd~1.0/gcc-ar~1/bin/../lib/gcc/arm-none-eabi/10.3.1/thumb/v6-m/nofp/crtbegin.o

.uninitialized_data
                0x200004a4        0x0 load address 0x10006024
                0x200004a4                . = ALIGN (0x4)
 *(.uninitialized_data*)

.scratch_x      0x20040000        0x0 load address 0x10006024
                0x20040000                __scratch_x_start__ = .
 *(.scratch_x.*)
                0x20040000                . = ALIGN (0x4)
                0x20040000                __scratch_x_end__ = .
                0x10006024                __scratch_x_source__ = LOADADDR (.scratch_x)

.scratch_y      0x20041000        0x0 load address 0x10006024
                0x20041000                __scratch_y_start__ = .
 *(.scratch_y.*)
                0x20041000                . = ALIGN (0x4)
                0x20041000                __scratch_y_end__ = .
                0x10006024                __scratch_y_source__ = LOADADDR (.scratch_y)

.bss            0x200004a8      0x41c
                0x200004a8                . = ALIGN (0x4)
                0x200004a8                __bss_start__ = .
 *(SORT_BY_ALIGNMENT(SORT_BY_NAME(.bss*)))
 .bss.default_alarm_pool_entries
                0x200004a8      0x100 CMakeFiles/dev_lowlevel.dir/C_/Users/giova/Pico_SDK_v1.5.0/pico-sdk/src/common/pico_time/time.c.obj
 .bss           0x200005a8       0x1c c:/users/giova/picosd~1.0/gcc-ar~1/bin/../lib/gcc/arm-none-eabi/10.3.1/thumb/v6-m/nofp/crtbegin.o
 .bss.alarm_callbacks
                0x200005c4       0x10 CMakeFiles/dev_lowlevel.dir/C_/Users/giova/Pico_SDK_v1.5.0/pico-sdk/src/rp2_common/hardware_timer/timer.c.obj
 .bss.chars_available_callback
                0x200005d4        0x4 CMakeFiles/dev_lowlevel.dir/C_/Users/giova/Pico_SDK_v1.5.0/pico-sdk/src/rp2_common/pico_stdio_uart/stdio_uart.c.obj
 .bss.chars_available_param
                0x200005d8        0x4 CMakeFiles/dev_lowlevel.dir/C_/Users/giova/Pico_SDK_v1.5.0/pico-sdk/src/rp2_common/pico_stdio_uart/stdio_uart.c.obj
 .bss.configured_freq
                0x200005dc       0x28 CMakeFiles/dev_lowlevel.dir/C_/Users/giova/Pico_SDK_v1.5.0/pico-sdk/src/rp2_common/hardware_clocks/clocks.c.obj
 .bss.default_alarm_pool_entry_ids_high
                0x20000604       0x10 CMakeFiles/dev_lowlevel.dir/C_/Users/giova/Pico_SDK_v1.5.0/pico-sdk/src/common/pico_time/time.c.obj
 .bss.default_alarm_pool_heap_nodes
                0x20000614       0x30 CMakeFiles/dev_lowlevel.dir/C_/Users/giova/Pico_SDK_v1.5.0/pico-sdk/src/common/pico_time/time.c.obj
 .bss.drivers   0x20000644        0x4 CMakeFiles/dev_lowlevel.dir/C_/Users/giova/Pico_SDK_v1.5.0/pico-sdk/src/rp2_common/pico_stdio/stdio.c.obj
 .bss.ep0_buf   0x20000648       0x40 CMakeFiles/dev_lowlevel.dir/dev_lowlevel.c.obj
 .bss.filter    0x20000688        0x4 CMakeFiles/dev_lowlevel.dir/C_/Users/giova/Pico_SDK_v1.5.0/pico-sdk/src/rp2_common/pico_stdio/stdio.c.obj
 .bss.pools     0x2000068c       0x10 CMakeFiles/dev_lowlevel.dir/C_/Users/giova/Pico_SDK_v1.5.0/pico-sdk/src/common/pico_time/time.c.obj
 .bss.sd_table  0x2000069c      0x100 CMakeFiles/dev_lowlevel.dir/C_/Users/giova/Pico_SDK_v1.5.0/pico-sdk/src/rp2_common/pico_double/double_init_rom.c.obj
                0x2000069c                sd_table
 .bss.sf_clz_func
                0x2000079c        0x4 CMakeFiles/dev_lowlevel.dir/C_/Users/giova/Pico_SDK_v1.5.0/pico-sdk/src/rp2_common/pico_double/double_init_rom.c.obj
                0x2000079c                sf_clz_func
 .bss.sf_table  0x200007a0      0x100 CMakeFiles/dev_lowlevel.dir/C_/Users/giova/Pico_SDK_v1.5.0/pico-sdk/src/rp2_common/pico_float/float_init_rom.c.obj
                0x200007a0                sf_table
 .bss.sleep_notifier
                0x200008a0        0x4 CMakeFiles/dev_lowlevel.dir/C_/Users/giova/Pico_SDK_v1.5.0/pico-sdk/src/common/pico_time/time.c.obj
 .bss.target_hi
                0x200008a4       0x10 CMakeFiles/dev_lowlevel.dir/C_/Users/giova/Pico_SDK_v1.5.0/pico-sdk/src/rp2_common/hardware_timer/timer.c.obj
 .bss.uart_char_to_line_feed
                0x200008b4        0x4 CMakeFiles/dev_lowlevel.dir/C_/Users/giova/Pico_SDK_v1.5.0/pico-sdk/src/rp2_common/hardware_uart/uart.c.obj
                0x200008b4                uart_char_to_line_feed
 .bss.uart_instance
                0x200008b8        0x4 CMakeFiles/dev_lowlevel.dir/C_/Users/giova/Pico_SDK_v1.5.0/pico-sdk/src/rp2_common/pico_stdio_uart/stdio_uart.c.obj
 .bss.claimed   0x200008bc        0x1 CMakeFiles/dev_lowlevel.dir/C_/Users/giova/Pico_SDK_v1.5.0/pico-sdk/src/rp2_common/hardware_timer/timer.c.obj
 .bss.configured
                0x200008bd        0x1 CMakeFiles/dev_lowlevel.dir/dev_lowlevel.c.obj
 .bss.dev_addr  0x200008be        0x1 CMakeFiles/dev_lowlevel.dir/dev_lowlevel.c.obj
 .bss.irq_hander_chain_free_slot_head
                0x200008bf        0x1 CMakeFiles/dev_lowlevel.dir/C_/Users/giova/Pico_SDK_v1.5.0/pico-sdk/src/rp2_common/hardware_irq/irq.c.obj
 .bss.should_set_address
                0x200008c0        0x1 CMakeFiles/dev_lowlevel.dir/dev_lowlevel.c.obj
 .bss.timer_callbacks_pending
                0x200008c1        0x1 CMakeFiles/dev_lowlevel.dir/C_/Users/giova/Pico_SDK_v1.5.0/pico-sdk/src/rp2_common/hardware_timer/timer.c.obj
 *(COMMON)
                0x200008c4                . = ALIGN (0x4)
 *fill*         0x200008c2        0x2 
                0x200008c4                __bss_end__ = .

.heap           0x200008c4      0x800
                0x200008c4                __end__ = .
                0x200008c4                end = __end__
 *(.heap*)
 .heap          0x200008c4      0x800 CMakeFiles/dev_lowlevel.dir/C_/Users/giova/Pico_SDK_v1.5.0/pico-sdk/src/rp2_common/pico_standard_link/crt0.S.obj
                0x200010c4                __HeapLimit = .

.stack1_dummy   0x20040000        0x0
 *(.stack1*)

.stack_dummy    0x20041000      0x800
 *(.stack*)
 .stack         0x20041000      0x800 CMakeFiles/dev_lowlevel.dir/C_/Users/giova/Pico_SDK_v1.5.0/pico-sdk/src/rp2_common/pico_standard_link/crt0.S.obj

.flash_end      0x10006024        0x0
                0x10006024                __flash_binary_end = .
                0x20040000                __StackLimit = (ORIGIN (RAM) + LENGTH (RAM))
                0x20041000                __StackOneTop = (ORIGIN (SCRATCH_X) + LENGTH (SCRATCH_X))
                0x20042000                __StackTop = (ORIGIN (SCRATCH_Y) + LENGTH (SCRATCH_Y))
                0x20041000                __StackOneBottom = (__StackOneTop - SIZEOF (.stack1_dummy))
                0x20041800                __StackBottom = (__StackTop - SIZEOF (.stack_dummy))
                0x20042000                PROVIDE (__stack = __StackTop)
                0x00000001                ASSERT ((__StackLimit >= __HeapLimit), region RAM overflowed)
                0x00000001                ASSERT (((__binary_info_header_end - __logical_binary_start) <= 0x100), Binary info must be in first 256 bytes of the binary)
LOAD CMakeFiles/dev_lowlevel.dir/dev_lowlevel.c.obj
LOAD CMakeFiles/dev_lowlevel.dir/C_/Users/giova/Pico_SDK_v1.5.0/pico-sdk/src/rp2_common/pico_stdlib/stdlib.c.obj
LOAD CMakeFiles/dev_lowlevel.dir/C_/Users/giova/Pico_SDK_v1.5.0/pico-sdk/src/rp2_common/hardware_gpio/gpio.c.obj
LOAD CMakeFiles/dev_lowlevel.dir/C_/Users/giova/Pico_SDK_v1.5.0/pico-sdk/src/rp2_common/pico_platform/platform.c.obj
LOAD CMakeFiles/dev_lowlevel.dir/C_/Users/giova/Pico_SDK_v1.5.0/pico-sdk/src/rp2_common/hardware_claim/claim.c.obj
LOAD CMakeFiles/dev_lowlevel.dir/C_/Users/giova/Pico_SDK_v1.5.0/pico-sdk/src/rp2_common/hardware_sync/sync.c.obj
LOAD CMakeFiles/dev_lowlevel.dir/C_/Users/giova/Pico_SDK_v1.5.0/pico-sdk/src/rp2_common/hardware_irq/irq.c.obj
LOAD CMakeFiles/dev_lowlevel.dir/C_/Users/giova/Pico_SDK_v1.5.0/pico-sdk/src/rp2_common/hardware_irq/irq_handler_chain.S.obj
LOAD CMakeFiles/dev_lowlevel.dir/C_/Users/giova/Pico_SDK_v1.5.0/pico-sdk/src/common/pico_sync/sem.c.obj
LOAD CMakeFiles/dev_lowlevel.dir/C_/Users/giova/Pico_SDK_v1.5.0/pico-sdk/src/common/pico_sync/lock_core.c.obj
LOAD CMakeFiles/dev_lowlevel.dir/C_/Users/giova/Pico_SDK_v1.5.0/pico-sdk/src/common/pico_sync/mutex.c.obj
LOAD CMakeFiles/dev_lowlevel.dir/C_/Users/giova/Pico_SDK_v1.5.0/pico-sdk/src/common/pico_sync/critical_section.c.obj
LOAD CMakeFiles/dev_lowlevel.dir/C_/Users/giova/Pico_SDK_v1.5.0/pico-sdk/src/common/pico_time/time.c.obj
LOAD CMakeFiles/dev_lowlevel.dir/C_/Users/giova/Pico_SDK_v1.5.0/pico-sdk/src/common/pico_time/timeout_helper.c.obj
LOAD CMakeFiles/dev_lowlevel.dir/C_/Users/giova/Pico_SDK_v1.5.0/pico-sdk/src/rp2_common/hardware_timer/timer.c.obj
LOAD CMakeFiles/dev_lowlevel.dir/C_/Users/giova/Pico_SDK_v1.5.0/pico-sdk/src/common/pico_util/datetime.c.obj
LOAD CMakeFiles/dev_lowlevel.dir/C_/Users/giova/Pico_SDK_v1.5.0/pico-sdk/src/common/pico_util/pheap.c.obj
LOAD CMakeFiles/dev_lowlevel.dir/C_/Users/giova/Pico_SDK_v1.5.0/pico-sdk/src/common/pico_util/queue.c.obj
LOAD CMakeFiles/dev_lowlevel.dir/C_/Users/giova/Pico_SDK_v1.5.0/pico-sdk/src/rp2_common/hardware_uart/uart.c.obj
LOAD CMakeFiles/dev_lowlevel.dir/C_/Users/giova/Pico_SDK_v1.5.0/pico-sdk/src/rp2_common/hardware_clocks/clocks.c.obj
LOAD CMakeFiles/dev_lowlevel.dir/C_/Users/giova/Pico_SDK_v1.5.0/pico-sdk/src/rp2_common/hardware_pll/pll.c.obj
LOAD CMakeFiles/dev_lowlevel.dir/C_/Users/giova/Pico_SDK_v1.5.0/pico-sdk/src/rp2_common/hardware_vreg/vreg.c.obj
LOAD CMakeFiles/dev_lowlevel.dir/C_/Users/giova/Pico_SDK_v1.5.0/pico-sdk/src/rp2_common/hardware_watchdog/watchdog.c.obj
LOAD CMakeFiles/dev_lowlevel.dir/C_/Users/giova/Pico_SDK_v1.5.0/pico-sdk/src/rp2_common/hardware_xosc/xosc.c.obj
LOAD CMakeFiles/dev_lowlevel.dir/C_/Users/giova/Pico_SDK_v1.5.0/pico-sdk/src/rp2_common/hardware_divider/divider.S.obj
LOAD CMakeFiles/dev_lowlevel.dir/C_/Users/giova/Pico_SDK_v1.5.0/pico-sdk/src/rp2_common/pico_runtime/runtime.c.obj
LOAD CMakeFiles/dev_lowlevel.dir/C_/Users/giova/Pico_SDK_v1.5.0/pico-sdk/src/rp2_common/pico_printf/printf.c.obj
LOAD CMakeFiles/dev_lowlevel.dir/C_/Users/giova/Pico_SDK_v1.5.0/pico-sdk/src/rp2_common/pico_bit_ops/bit_ops_aeabi.S.obj
LOAD CMakeFiles/dev_lowlevel.dir/C_/Users/giova/Pico_SDK_v1.5.0/pico-sdk/src/rp2_common/pico_bootrom/bootrom.c.obj
LOAD CMakeFiles/dev_lowlevel.dir/C_/Users/giova/Pico_SDK_v1.5.0/pico-sdk/src/rp2_common/pico_divider/divider.S.obj
LOAD CMakeFiles/dev_lowlevel.dir/C_/Users/giova/Pico_SDK_v1.5.0/pico-sdk/src/rp2_common/pico_double/double_aeabi.S.obj
LOAD CMakeFiles/dev_lowlevel.dir/C_/Users/giova/Pico_SDK_v1.5.0/pico-sdk/src/rp2_common/pico_double/double_init_rom.c.obj
LOAD CMakeFiles/dev_lowlevel.dir/C_/Users/giova/Pico_SDK_v1.5.0/pico-sdk/src/rp2_common/pico_double/double_math.c.obj
LOAD CMakeFiles/dev_lowlevel.dir/C_/Users/giova/Pico_SDK_v1.5.0/pico-sdk/src/rp2_common/pico_double/double_v1_rom_shim.S.obj
LOAD CMakeFiles/dev_lowlevel.dir/C_/Users/giova/Pico_SDK_v1.5.0/pico-sdk/src/rp2_common/pico_int64_ops/pico_int64_ops_aeabi.S.obj
LOAD CMakeFiles/dev_lowlevel.dir/C_/Users/giova/Pico_SDK_v1.5.0/pico-sdk/src/rp2_common/pico_float/float_aeabi.S.obj
LOAD CMakeFiles/dev_lowlevel.dir/C_/Users/giova/Pico_SDK_v1.5.0/pico-sdk/src/rp2_common/pico_float/float_init_rom.c.obj
LOAD CMakeFiles/dev_lowlevel.dir/C_/Users/giova/Pico_SDK_v1.5.0/pico-sdk/src/rp2_common/pico_float/float_math.c.obj
LOAD CMakeFiles/dev_lowlevel.dir/C_/Users/giova/Pico_SDK_v1.5.0/pico-sdk/src/rp2_common/pico_float/float_v1_rom_shim.S.obj
LOAD CMakeFiles/dev_lowlevel.dir/C_/Users/giova/Pico_SDK_v1.5.0/pico-sdk/src/rp2_common/pico_malloc/pico_malloc.c.obj
LOAD CMakeFiles/dev_lowlevel.dir/C_/Users/giova/Pico_SDK_v1.5.0/pico-sdk/src/rp2_common/pico_mem_ops/mem_ops_aeabi.S.obj
LOAD CMakeFiles/dev_lowlevel.dir/C_/Users/giova/Pico_SDK_v1.5.0/pico-sdk/src/rp2_common/pico_standard_link/crt0.S.obj
LOAD CMakeFiles/dev_lowlevel.dir/C_/Users/giova/Pico_SDK_v1.5.0/pico-sdk/src/rp2_common/pico_standard_link/new_delete.cpp.obj
LOAD CMakeFiles/dev_lowlevel.dir/C_/Users/giova/Pico_SDK_v1.5.0/pico-sdk/src/rp2_common/pico_standard_link/binary_info.c.obj
LOAD CMakeFiles/dev_lowlevel.dir/C_/Users/giova/Pico_SDK_v1.5.0/pico-sdk/src/rp2_common/pico_stdio/stdio.c.obj
LOAD CMakeFiles/dev_lowlevel.dir/C_/Users/giova/Pico_SDK_v1.5.0/pico-sdk/src/rp2_common/pico_stdio_uart/stdio_uart.c.obj
LOAD C:\Users\giova\AppData\Local\Temp\ccUsxhxl.o
LOAD c:/users/giova/picosd~1.0/gcc-ar~1/bin/../lib/gcc/arm-none-eabi/10.3.1/../../../../arm-none-eabi/lib/thumb/v6-m/nofp\libstdc++.a
LOAD c:/users/giova/picosd~1.0/gcc-ar~1/bin/../lib/gcc/arm-none-eabi/10.3.1/../../../../arm-none-eabi/lib/thumb/v6-m/nofp\libm.a
START GROUP
LOAD c:/users/giova/picosd~1.0/gcc-ar~1/bin/../lib/gcc/arm-none-eabi/10.3.1/thumb/v6-m/nofp\libgcc.a
LOAD c:/users/giova/picosd~1.0/gcc-ar~1/bin/../lib/gcc/arm-none-eabi/10.3.1/../../../../arm-none-eabi/lib/thumb/v6-m/nofp\libg.a
LOAD c:/users/giova/picosd~1.0/gcc-ar~1/bin/../lib/gcc/arm-none-eabi/10.3.1/../../../../arm-none-eabi/lib/thumb/v6-m/nofp\libc.a
END GROUP
START GROUP
LOAD c:/users/giova/picosd~1.0/gcc-ar~1/bin/../lib/gcc/arm-none-eabi/10.3.1/thumb/v6-m/nofp\libgcc.a
LOAD c:/users/giova/picosd~1.0/gcc-ar~1/bin/../lib/gcc/arm-none-eabi/10.3.1/../../../../arm-none-eabi/lib/thumb/v6-m/nofp\libc.a
LOAD c:/users/giova/picosd~1.0/gcc-ar~1/bin/../lib/gcc/arm-none-eabi/10.3.1/../../../../arm-none-eabi/lib/thumb/v6-m/nofp\libnosys.a
END GROUP
LOAD c:/users/giova/picosd~1.0/gcc-ar~1/bin/../lib/gcc/arm-none-eabi/10.3.1/thumb/v6-m/nofp/crtend.o
LOAD c:/users/giova/picosd~1.0/gcc-ar~1/bin/../lib/gcc/arm-none-eabi/10.3.1/thumb/v6-m/nofp/crtn.o
OUTPUT(dev_lowlevel.elf elf32-littlearm)
LOAD linker stubs

.ARM.attributes
                0x00000000       0x28
 .ARM.attributes
                0x00000000       0x1e c:/users/giova/picosd~1.0/gcc-ar~1/bin/../lib/gcc/arm-none-eabi/10.3.1/thumb/v6-m/nofp/crti.o
 .ARM.attributes
                0x0000001e       0x2c c:/users/giova/picosd~1.0/gcc-ar~1/bin/../lib/gcc/arm-none-eabi/10.3.1/thumb/v6-m/nofp/crtbegin.o
 .ARM.attributes
                0x0000004a       0x2c CMakeFiles/dev_lowlevel.dir/dev_lowlevel.c.obj
 .ARM.attributes
                0x00000076       0x2c CMakeFiles/dev_lowlevel.dir/C_/Users/giova/Pico_SDK_v1.5.0/pico-sdk/src/rp2_common/hardware_gpio/gpio.c.obj
 .ARM.attributes
                0x000000a2       0x2c CMakeFiles/dev_lowlevel.dir/C_/Users/giova/Pico_SDK_v1.5.0/pico-sdk/src/rp2_common/pico_platform/platform.c.obj
 .ARM.attributes
                0x000000ce       0x2c CMakeFiles/dev_lowlevel.dir/C_/Users/giova/Pico_SDK_v1.5.0/pico-sdk/src/rp2_common/hardware_claim/claim.c.obj
 .ARM.attributes
                0x000000fa       0x2c CMakeFiles/dev_lowlevel.dir/C_/Users/giova/Pico_SDK_v1.5.0/pico-sdk/src/rp2_common/hardware_sync/sync.c.obj
 .ARM.attributes
                0x00000126       0x2c CMakeFiles/dev_lowlevel.dir/C_/Users/giova/Pico_SDK_v1.5.0/pico-sdk/src/rp2_common/hardware_irq/irq.c.obj
 .ARM.attributes
                0x00000152       0x22 CMakeFiles/dev_lowlevel.dir/C_/Users/giova/Pico_SDK_v1.5.0/pico-sdk/src/rp2_common/hardware_irq/irq_handler_chain.S.obj
 .ARM.attributes
                0x00000174       0x2c CMakeFiles/dev_lowlevel.dir/C_/Users/giova/Pico_SDK_v1.5.0/pico-sdk/src/common/pico_sync/lock_core.c.obj
 .ARM.attributes
                0x000001a0       0x2c CMakeFiles/dev_lowlevel.dir/C_/Users/giova/Pico_SDK_v1.5.0/pico-sdk/src/common/pico_sync/mutex.c.obj
 .ARM.attributes
                0x000001cc       0x2c CMakeFiles/dev_lowlevel.dir/C_/Users/giova/Pico_SDK_v1.5.0/pico-sdk/src/common/pico_time/time.c.obj
 .ARM.attributes
                0x000001f8       0x2c CMakeFiles/dev_lowlevel.dir/C_/Users/giova/Pico_SDK_v1.5.0/pico-sdk/src/rp2_common/hardware_timer/timer.c.obj
 .ARM.attributes
                0x00000224       0x2c CMakeFiles/dev_lowlevel.dir/C_/Users/giova/Pico_SDK_v1.5.0/pico-sdk/src/common/pico_util/pheap.c.obj
 .ARM.attributes
                0x00000250       0x2c CMakeFiles/dev_lowlevel.dir/C_/Users/giova/Pico_SDK_v1.5.0/pico-sdk/src/rp2_common/hardware_uart/uart.c.obj
 .ARM.attributes
                0x0000027c       0x2c CMakeFiles/dev_lowlevel.dir/C_/Users/giova/Pico_SDK_v1.5.0/pico-sdk/src/rp2_common/hardware_clocks/clocks.c.obj
 .ARM.attributes
                0x000002a8       0x2c CMakeFiles/dev_lowlevel.dir/C_/Users/giova/Pico_SDK_v1.5.0/pico-sdk/src/rp2_common/hardware_pll/pll.c.obj
 .ARM.attributes
                0x000002d4       0x2c CMakeFiles/dev_lowlevel.dir/C_/Users/giova/Pico_SDK_v1.5.0/pico-sdk/src/rp2_common/hardware_watchdog/watchdog.c.obj
 .ARM.attributes
                0x00000300       0x2c CMakeFiles/dev_lowlevel.dir/C_/Users/giova/Pico_SDK_v1.5.0/pico-sdk/src/rp2_common/hardware_xosc/xosc.c.obj
 .ARM.attributes
                0x0000032c       0x2c CMakeFiles/dev_lowlevel.dir/C_/Users/giova/Pico_SDK_v1.5.0/pico-sdk/src/rp2_common/pico_runtime/runtime.c.obj
 .ARM.attributes
                0x00000358       0x2c CMakeFiles/dev_lowlevel.dir/C_/Users/giova/Pico_SDK_v1.5.0/pico-sdk/src/rp2_common/pico_printf/printf.c.obj
 .ARM.attributes
                0x00000384       0x22 CMakeFiles/dev_lowlevel.dir/C_/Users/giova/Pico_SDK_v1.5.0/pico-sdk/src/rp2_common/pico_bit_ops/bit_ops_aeabi.S.obj
 .ARM.attributes
                0x000003a6       0x2c CMakeFiles/dev_lowlevel.dir/C_/Users/giova/Pico_SDK_v1.5.0/pico-sdk/src/rp2_common/pico_bootrom/bootrom.c.obj
 .ARM.attributes
                0x000003d2       0x22 CMakeFiles/dev_lowlevel.dir/C_/Users/giova/Pico_SDK_v1.5.0/pico-sdk/src/rp2_common/pico_divider/divider.S.obj
 .ARM.attributes
                0x000003f4       0x22 CMakeFiles/dev_lowlevel.dir/C_/Users/giova/Pico_SDK_v1.5.0/pico-sdk/src/rp2_common/pico_double/double_aeabi.S.obj
 .ARM.attributes
                0x00000416       0x2c CMakeFiles/dev_lowlevel.dir/C_/Users/giova/Pico_SDK_v1.5.0/pico-sdk/src/rp2_common/pico_double/double_init_rom.c.obj
 .ARM.attributes
                0x00000442       0x22 CMakeFiles/dev_lowlevel.dir/C_/Users/giova/Pico_SDK_v1.5.0/pico-sdk/src/rp2_common/pico_double/double_v1_rom_shim.S.obj
 .ARM.attributes
                0x00000464       0x22 CMakeFiles/dev_lowlevel.dir/C_/Users/giova/Pico_SDK_v1.5.0/pico-sdk/src/rp2_common/pico_float/float_aeabi.S.obj
 .ARM.attributes
                0x00000486       0x2c CMakeFiles/dev_lowlevel.dir/C_/Users/giova/Pico_SDK_v1.5.0/pico-sdk/src/rp2_common/pico_float/float_init_rom.c.obj
 .ARM.attributes
                0x000004b2       0x22 CMakeFiles/dev_lowlevel.dir/C_/Users/giova/Pico_SDK_v1.5.0/pico-sdk/src/rp2_common/pico_float/float_v1_rom_shim.S.obj
 .ARM.attributes
                0x000004d4       0x22 CMakeFiles/dev_lowlevel.dir/C_/Users/giova/Pico_SDK_v1.5.0/pico-sdk/src/rp2_common/pico_mem_ops/mem_ops_aeabi.S.obj
 .ARM.attributes
                0x000004f6       0x22 CMakeFiles/dev_lowlevel.dir/C_/Users/giova/Pico_SDK_v1.5.0/pico-sdk/src/rp2_common/pico_standard_link/crt0.S.obj
 .ARM.attributes
                0x00000518       0x2c CMakeFiles/dev_lowlevel.dir/C_/Users/giova/Pico_SDK_v1.5.0/pico-sdk/src/rp2_common/pico_standard_link/binary_info.c.obj
 .ARM.attributes
                0x00000544       0x2c CMakeFiles/dev_lowlevel.dir/C_/Users/giova/Pico_SDK_v1.5.0/pico-sdk/src/rp2_common/pico_stdio/stdio.c.obj
 .ARM.attributes
                0x00000570       0x2c CMakeFiles/dev_lowlevel.dir/C_/Users/giova/Pico_SDK_v1.5.0/pico-sdk/src/rp2_common/pico_stdio_uart/stdio_uart.c.obj
 .ARM.attributes
                0x0000059c       0x22 C:\Users\giova\AppData\Local\Temp\ccUsxhxl.o
 .ARM.attributes
                0x000005be       0x1e c:/users/giova/picosd~1.0/gcc-ar~1/bin/../lib/gcc/arm-none-eabi/10.3.1/thumb/v6-m/nofp\libgcc.a(_dvmd_tls.o)
 .ARM.attributes
                0x000005dc       0x2c c:/users/giova/picosd~1.0/gcc-ar~1/bin/../lib/gcc/arm-none-eabi/10.3.1/../../../../arm-none-eabi/lib/thumb/v6-m/nofp\libg.a(lib_a-strlen-stub.o)

.comment        0x00000000       0x49
 .comment       0x00000000       0x49 CMakeFiles/dev_lowlevel.dir/dev_lowlevel.c.obj
                                 0x4a (size before relaxing)
 .comment       0x00000049       0x4a CMakeFiles/dev_lowlevel.dir/C_/Users/giova/Pico_SDK_v1.5.0/pico-sdk/src/rp2_common/hardware_gpio/gpio.c.obj
 .comment       0x00000049       0x4a CMakeFiles/dev_lowlevel.dir/C_/Users/giova/Pico_SDK_v1.5.0/pico-sdk/src/rp2_common/pico_platform/platform.c.obj
 .comment       0x00000049       0x4a CMakeFiles/dev_lowlevel.dir/C_/Users/giova/Pico_SDK_v1.5.0/pico-sdk/src/rp2_common/hardware_claim/claim.c.obj
 .comment       0x00000049       0x4a CMakeFiles/dev_lowlevel.dir/C_/Users/giova/Pico_SDK_v1.5.0/pico-sdk/src/rp2_common/hardware_sync/sync.c.obj
 .comment       0x00000049       0x4a CMakeFiles/dev_lowlevel.dir/C_/Users/giova/Pico_SDK_v1.5.0/pico-sdk/src/rp2_common/hardware_irq/irq.c.obj
 .comment       0x00000049       0x4a CMakeFiles/dev_lowlevel.dir/C_/Users/giova/Pico_SDK_v1.5.0/pico-sdk/src/common/pico_sync/lock_core.c.obj
 .comment       0x00000049       0x4a CMakeFiles/dev_lowlevel.dir/C_/Users/giova/Pico_SDK_v1.5.0/pico-sdk/src/common/pico_sync/mutex.c.obj
 .comment       0x00000049       0x4a CMakeFiles/dev_lowlevel.dir/C_/Users/giova/Pico_SDK_v1.5.0/pico-sdk/src/common/pico_time/time.c.obj
 .comment       0x00000049       0x4a CMakeFiles/dev_lowlevel.dir/C_/Users/giova/Pico_SDK_v1.5.0/pico-sdk/src/rp2_common/hardware_timer/timer.c.obj
 .comment       0x00000049       0x4a CMakeFiles/dev_lowlevel.dir/C_/Users/giova/Pico_SDK_v1.5.0/pico-sdk/src/common/pico_util/pheap.c.obj
 .comment       0x00000049       0x4a CMakeFiles/dev_lowlevel.dir/C_/Users/giova/Pico_SDK_v1.5.0/pico-sdk/src/rp2_common/hardware_uart/uart.c.obj
 .comment       0x00000049       0x4a CMakeFiles/dev_lowlevel.dir/C_/Users/giova/Pico_SDK_v1.5.0/pico-sdk/src/rp2_common/hardware_clocks/clocks.c.obj
 .comment       0x00000049       0x4a CMakeFiles/dev_lowlevel.dir/C_/Users/giova/Pico_SDK_v1.5.0/pico-sdk/src/rp2_common/hardware_pll/pll.c.obj
 .comment       0x00000049       0x4a CMakeFiles/dev_lowlevel.dir/C_/Users/giova/Pico_SDK_v1.5.0/pico-sdk/src/rp2_common/hardware_watchdog/watchdog.c.obj
 .comment       0x00000049       0x4a CMakeFiles/dev_lowlevel.dir/C_/Users/giova/Pico_SDK_v1.5.0/pico-sdk/src/rp2_common/hardware_xosc/xosc.c.obj
 .comment       0x00000049       0x4a CMakeFiles/dev_lowlevel.dir/C_/Users/giova/Pico_SDK_v1.5.0/pico-sdk/src/rp2_common/pico_runtime/runtime.c.obj
 .comment       0x00000049       0x4a CMakeFiles/dev_lowlevel.dir/C_/Users/giova/Pico_SDK_v1.5.0/pico-sdk/src/rp2_common/pico_printf/printf.c.obj
 .comment       0x00000049       0x4a CMakeFiles/dev_lowlevel.dir/C_/Users/giova/Pico_SDK_v1.5.0/pico-sdk/src/rp2_common/pico_bootrom/bootrom.c.obj
 .comment       0x00000049       0x4a CMakeFiles/dev_lowlevel.dir/C_/Users/giova/Pico_SDK_v1.5.0/pico-sdk/src/rp2_common/pico_double/double_init_rom.c.obj
 .comment       0x00000049       0x4a CMakeFiles/dev_lowlevel.dir/C_/Users/giova/Pico_SDK_v1.5.0/pico-sdk/src/rp2_common/pico_float/float_init_rom.c.obj
 .comment       0x00000049       0x4a CMakeFiles/dev_lowlevel.dir/C_/Users/giova/Pico_SDK_v1.5.0/pico-sdk/src/rp2_common/pico_standard_link/binary_info.c.obj
 .comment       0x00000049       0x4a CMakeFiles/dev_lowlevel.dir/C_/Users/giova/Pico_SDK_v1.5.0/pico-sdk/src/rp2_common/pico_stdio/stdio.c.obj
 .comment       0x00000049       0x4a CMakeFiles/dev_lowlevel.dir/C_/Users/giova/Pico_SDK_v1.5.0/pico-sdk/src/rp2_common/pico_stdio_uart/stdio_uart.c.obj

.debug_info     0x00000000    0x167ba
 .debug_info    0x00000000     0x1716 CMakeFiles/dev_lowlevel.dir/dev_lowlevel.c.obj
 .debug_info    0x00001716     0x16d8 CMakeFiles/dev_lowlevel.dir/C_/Users/giova/Pico_SDK_v1.5.0/pico-sdk/src/rp2_common/hardware_gpio/gpio.c.obj
 .debug_info    0x00002dee      0x1e3 CMakeFiles/dev_lowlevel.dir/C_/Users/giova/Pico_SDK_v1.5.0/pico-sdk/src/rp2_common/pico_platform/platform.c.obj
 .debug_info    0x00002fd1      0x6bc CMakeFiles/dev_lowlevel.dir/C_/Users/giova/Pico_SDK_v1.5.0/pico-sdk/src/rp2_common/hardware_claim/claim.c.obj
 .debug_info    0x0000368d      0x58e CMakeFiles/dev_lowlevel.dir/C_/Users/giova/Pico_SDK_v1.5.0/pico-sdk/src/rp2_common/hardware_sync/sync.c.obj
 .debug_info    0x00003c1b     0x1c9c CMakeFiles/dev_lowlevel.dir/C_/Users/giova/Pico_SDK_v1.5.0/pico-sdk/src/rp2_common/hardware_irq/irq.c.obj
 .debug_info    0x000058b7      0x1a4 CMakeFiles/dev_lowlevel.dir/C_/Users/giova/Pico_SDK_v1.5.0/pico-sdk/src/common/pico_sync/lock_core.c.obj
 .debug_info    0x00005a5b     0x20d3 CMakeFiles/dev_lowlevel.dir/C_/Users/giova/Pico_SDK_v1.5.0/pico-sdk/src/common/pico_sync/mutex.c.obj
 .debug_info    0x00007b2e     0x4066 CMakeFiles/dev_lowlevel.dir/C_/Users/giova/Pico_SDK_v1.5.0/pico-sdk/src/common/pico_time/time.c.obj
 .debug_info    0x0000bb94     0x13ee CMakeFiles/dev_lowlevel.dir/C_/Users/giova/Pico_SDK_v1.5.0/pico-sdk/src/rp2_common/hardware_timer/timer.c.obj
 .debug_info    0x0000cf82     0x123b CMakeFiles/dev_lowlevel.dir/C_/Users/giova/Pico_SDK_v1.5.0/pico-sdk/src/common/pico_util/pheap.c.obj
 .debug_info    0x0000e1bd      0xb65 CMakeFiles/dev_lowlevel.dir/C_/Users/giova/Pico_SDK_v1.5.0/pico-sdk/src/rp2_common/hardware_uart/uart.c.obj
 .debug_info    0x0000ed22      0xf8d CMakeFiles/dev_lowlevel.dir/C_/Users/giova/Pico_SDK_v1.5.0/pico-sdk/src/rp2_common/hardware_clocks/clocks.c.obj
 .debug_info    0x0000fcaf      0x51b CMakeFiles/dev_lowlevel.dir/C_/Users/giova/Pico_SDK_v1.5.0/pico-sdk/src/rp2_common/hardware_pll/pll.c.obj
 .debug_info    0x000101ca      0x4ee CMakeFiles/dev_lowlevel.dir/C_/Users/giova/Pico_SDK_v1.5.0/pico-sdk/src/rp2_common/hardware_watchdog/watchdog.c.obj
 .debug_info    0x000106b8      0x1d8 CMakeFiles/dev_lowlevel.dir/C_/Users/giova/Pico_SDK_v1.5.0/pico-sdk/src/rp2_common/hardware_xosc/xosc.c.obj
 .debug_info    0x00010890     0x1028 CMakeFiles/dev_lowlevel.dir/C_/Users/giova/Pico_SDK_v1.5.0/pico-sdk/src/rp2_common/pico_runtime/runtime.c.obj
 .debug_info    0x000118b8     0x1a5f CMakeFiles/dev_lowlevel.dir/C_/Users/giova/Pico_SDK_v1.5.0/pico-sdk/src/rp2_common/pico_printf/printf.c.obj
 .debug_info    0x00013317       0x22 CMakeFiles/dev_lowlevel.dir/C_/Users/giova/Pico_SDK_v1.5.0/pico-sdk/src/rp2_common/pico_bit_ops/bit_ops_aeabi.S.obj
 .debug_info    0x00013339      0x27c CMakeFiles/dev_lowlevel.dir/C_/Users/giova/Pico_SDK_v1.5.0/pico-sdk/src/rp2_common/pico_bootrom/bootrom.c.obj
 .debug_info    0x000135b5       0x22 CMakeFiles/dev_lowlevel.dir/C_/Users/giova/Pico_SDK_v1.5.0/pico-sdk/src/rp2_common/pico_divider/divider.S.obj
 .debug_info    0x000135d7       0x22 CMakeFiles/dev_lowlevel.dir/C_/Users/giova/Pico_SDK_v1.5.0/pico-sdk/src/rp2_common/pico_double/double_aeabi.S.obj
 .debug_info    0x000135f9      0x2d1 CMakeFiles/dev_lowlevel.dir/C_/Users/giova/Pico_SDK_v1.5.0/pico-sdk/src/rp2_common/pico_double/double_init_rom.c.obj
 .debug_info    0x000138ca       0x22 CMakeFiles/dev_lowlevel.dir/C_/Users/giova/Pico_SDK_v1.5.0/pico-sdk/src/rp2_common/pico_double/double_v1_rom_shim.S.obj
 .debug_info    0x000138ec       0x22 CMakeFiles/dev_lowlevel.dir/C_/Users/giova/Pico_SDK_v1.5.0/pico-sdk/src/rp2_common/pico_float/float_aeabi.S.obj
 .debug_info    0x0001390e      0x2eb CMakeFiles/dev_lowlevel.dir/C_/Users/giova/Pico_SDK_v1.5.0/pico-sdk/src/rp2_common/pico_float/float_init_rom.c.obj
 .debug_info    0x00013bf9       0x22 CMakeFiles/dev_lowlevel.dir/C_/Users/giova/Pico_SDK_v1.5.0/pico-sdk/src/rp2_common/pico_float/float_v1_rom_shim.S.obj
 .debug_info    0x00013c1b       0x22 CMakeFiles/dev_lowlevel.dir/C_/Users/giova/Pico_SDK_v1.5.0/pico-sdk/src/rp2_common/pico_mem_ops/mem_ops_aeabi.S.obj
 .debug_info    0x00013c3d       0x22 CMakeFiles/dev_lowlevel.dir/C_/Users/giova/Pico_SDK_v1.5.0/pico-sdk/src/rp2_common/pico_standard_link/crt0.S.obj
 .debug_info    0x00013c5f      0x2f6 CMakeFiles/dev_lowlevel.dir/C_/Users/giova/Pico_SDK_v1.5.0/pico-sdk/src/rp2_common/pico_standard_link/binary_info.c.obj
 .debug_info    0x00013f55     0x1821 CMakeFiles/dev_lowlevel.dir/C_/Users/giova/Pico_SDK_v1.5.0/pico-sdk/src/rp2_common/pico_stdio/stdio.c.obj
 .debug_info    0x00015776     0x1044 CMakeFiles/dev_lowlevel.dir/C_/Users/giova/Pico_SDK_v1.5.0/pico-sdk/src/rp2_common/pico_stdio_uart/stdio_uart.c.obj

.debug_abbrev   0x00000000     0x440b
 .debug_abbrev  0x00000000      0x435 CMakeFiles/dev_lowlevel.dir/dev_lowlevel.c.obj
 .debug_abbrev  0x00000435      0x339 CMakeFiles/dev_lowlevel.dir/C_/Users/giova/Pico_SDK_v1.5.0/pico-sdk/src/rp2_common/hardware_gpio/gpio.c.obj
 .debug_abbrev  0x0000076e       0xeb CMakeFiles/dev_lowlevel.dir/C_/Users/giova/Pico_SDK_v1.5.0/pico-sdk/src/rp2_common/pico_platform/platform.c.obj
 .debug_abbrev  0x00000859      0x2e9 CMakeFiles/dev_lowlevel.dir/C_/Users/giova/Pico_SDK_v1.5.0/pico-sdk/src/rp2_common/hardware_claim/claim.c.obj
 .debug_abbrev  0x00000b42      0x21b CMakeFiles/dev_lowlevel.dir/C_/Users/giova/Pico_SDK_v1.5.0/pico-sdk/src/rp2_common/hardware_sync/sync.c.obj
 .debug_abbrev  0x00000d5d      0x4e7 CMakeFiles/dev_lowlevel.dir/C_/Users/giova/Pico_SDK_v1.5.0/pico-sdk/src/rp2_common/hardware_irq/irq.c.obj
 .debug_abbrev  0x00001244      0x116 CMakeFiles/dev_lowlevel.dir/C_/Users/giova/Pico_SDK_v1.5.0/pico-sdk/src/common/pico_sync/lock_core.c.obj
 .debug_abbrev  0x0000135a      0x397 CMakeFiles/dev_lowlevel.dir/C_/Users/giova/Pico_SDK_v1.5.0/pico-sdk/src/common/pico_sync/mutex.c.obj
 .debug_abbrev  0x000016f1      0x571 CMakeFiles/dev_lowlevel.dir/C_/Users/giova/Pico_SDK_v1.5.0/pico-sdk/src/common/pico_time/time.c.obj
 .debug_abbrev  0x00001c62      0x3b8 CMakeFiles/dev_lowlevel.dir/C_/Users/giova/Pico_SDK_v1.5.0/pico-sdk/src/rp2_common/hardware_timer/timer.c.obj
 .debug_abbrev  0x0000201a      0x297 CMakeFiles/dev_lowlevel.dir/C_/Users/giova/Pico_SDK_v1.5.0/pico-sdk/src/common/pico_util/pheap.c.obj
 .debug_abbrev  0x000022b1      0x2d2 CMakeFiles/dev_lowlevel.dir/C_/Users/giova/Pico_SDK_v1.5.0/pico-sdk/src/rp2_common/hardware_uart/uart.c.obj
 .debug_abbrev  0x00002583      0x3a5 CMakeFiles/dev_lowlevel.dir/C_/Users/giova/Pico_SDK_v1.5.0/pico-sdk/src/rp2_common/hardware_clocks/clocks.c.obj
 .debug_abbrev  0x00002928      0x1ea CMakeFiles/dev_lowlevel.dir/C_/Users/giova/Pico_SDK_v1.5.0/pico-sdk/src/rp2_common/hardware_pll/pll.c.obj
 .debug_abbrev  0x00002b12      0x1a8 CMakeFiles/dev_lowlevel.dir/C_/Users/giova/Pico_SDK_v1.5.0/pico-sdk/src/rp2_common/hardware_watchdog/watchdog.c.obj
 .debug_abbrev  0x00002cba      0x109 CMakeFiles/dev_lowlevel.dir/C_/Users/giova/Pico_SDK_v1.5.0/pico-sdk/src/rp2_common/hardware_xosc/xosc.c.obj
 .debug_abbrev  0x00002dc3      0x4ba CMakeFiles/dev_lowlevel.dir/C_/Users/giova/Pico_SDK_v1.5.0/pico-sdk/src/rp2_common/pico_runtime/runtime.c.obj