Archive member included to satisfy reference by file (symbol)

c:/users/giova/picosd~1.0/gcc-ar~1/bin/../lib/gcc/arm-none-eabi/10.3.1/thumb/v6-m/nofp\libgcc.a(_dvmd_tls.o)
                              CMakeFiles/i2c_bus_scan.dir/C_/Users/giova/Pico_SDK_v1.5.0/pico-sdk/src/rp2_common/pico_divider/divider.S.obj (__aeabi_idiv0)
c:/users/giova/picosd~1.0/gcc-ar~1/bin/../lib/gcc/arm-none-eabi/10.3.1/../../../../arm-none-eabi/lib/thumb/v6-m/nofp\libg.a(lib_a-calloc.o)
                              CMakeFiles/i2c_bus_scan.dir/C_/Users/giova/Pico_SDK_v1.5.0/pico-sdk/src/rp2_common/pico_malloc/pico_malloc.c.obj (calloc)
c:/users/giova/picosd~1.0/gcc-ar~1/bin/../lib/gcc/arm-none-eabi/10.3.1/../../../../arm-none-eabi/lib/thumb/v6-m/nofp\libg.a(lib_a-callocr.o)
                              c:/users/giova/picosd~1.0/gcc-ar~1/bin/../lib/gcc/arm-none-eabi/10.3.1/../../../../arm-none-eabi/lib/thumb/v6-m/nofp\libg.a(lib_a-calloc.o) (_calloc_r)
c:/users/giova/picosd~1.0/gcc-ar~1/bin/../lib/gcc/arm-none-eabi/10.3.1/../../../../arm-none-eabi/lib/thumb/v6-m/nofp\libg.a(lib_a-errno.o)
                              c:/users/giova/picosd~1.0/gcc-ar~1/bin/../lib/gcc/arm-none-eabi/10.3.1/../../../../arm-none-eabi/lib/thumb/v6-m/nofp\libg.a(lib_a-callocr.o) (__errno)
c:/users/giova/picosd~1.0/gcc-ar~1/bin/../lib/gcc/arm-none-eabi/10.3.1/../../../../arm-none-eabi/lib/thumb/v6-m/nofp\libg.a(lib_a-impure.o)
                              c:/users/giova/picosd~1.0/gcc-ar~1/bin/../lib/gcc/arm-none-eabi/10.3.1/../../../../arm-none-eabi/lib/thumb/v6-m/nofp\libg.a(lib_a-calloc.o) (_impure_ptr)
c:/users/giova/picosd~1.0/gcc-ar~1/bin/../lib/gcc/arm-none-eabi/10.3.1/../../../../arm-none-eabi/lib/thumb/v6-m/nofp\libg.a(lib_a-init.o)
                              c:/users/giova/picosd~1.0/gcc-ar~1/bin/../lib/gcc/arm-none-eabi/10.3.1/../../../../arm-none-eabi/lib/thumb/v6-m/nofp/crt0.o (__libc_init_array)
c:/users/giova/picosd~1.0/gcc-ar~1/bin/../lib/gcc/arm-none-eabi/10.3.1/../../../../arm-none-eabi/lib/thumb/v6-m/nofp\libg.a(lib_a-malloc.o)
                              CMakeFiles/i2c_bus_scan.dir/C_/Users/giova/Pico_SDK_v1.5.0/pico-sdk/src/rp2_common/pico_malloc/pico_malloc.c.obj (malloc)
c:/users/giova/picosd~1.0/gcc-ar~1/bin/../lib/gcc/arm-none-eabi/10.3.1/../../../../arm-none-eabi/lib/thumb/v6-m/nofp\libg.a(lib_a-mallocr.o)
                              c:/users/giova/picosd~1.0/gcc-ar~1/bin/../lib/gcc/arm-none-eabi/10.3.1/../../../../arm-none-eabi/lib/thumb/v6-m/nofp\libg.a(lib_a-callocr.o) (_malloc_r)
c:/users/giova/picosd~1.0/gcc-ar~1/bin/../lib/gcc/arm-none-eabi/10.3.1/../../../../arm-none-eabi/lib/thumb/v6-m/nofp\libg.a(lib_a-mlock.o)
                              c:/users/giova/picosd~1.0/gcc-ar~1/bin/../lib/gcc/arm-none-eabi/10.3.1/../../../../arm-none-eabi/lib/thumb/v6-m/nofp\libg.a(lib_a-mallocr.o) (__malloc_lock)
c:/users/giova/picosd~1.0/gcc-ar~1/bin/../lib/gcc/arm-none-eabi/10.3.1/../../../../arm-none-eabi/lib/thumb/v6-m/nofp\libg.a(lib_a-realloc.o)
                              CMakeFiles/i2c_bus_scan.dir/C_/Users/giova/Pico_SDK_v1.5.0/pico-sdk/src/rp2_common/pico_malloc/pico_malloc.c.obj (realloc)
c:/users/giova/picosd~1.0/gcc-ar~1/bin/../lib/gcc/arm-none-eabi/10.3.1/../../../../arm-none-eabi/lib/thumb/v6-m/nofp\libg.a(lib_a-reallocr.o)
                              c:/users/giova/picosd~1.0/gcc-ar~1/bin/../lib/gcc/arm-none-eabi/10.3.1/../../../../arm-none-eabi/lib/thumb/v6-m/nofp\libg.a(lib_a-realloc.o) (_realloc_r)
c:/users/giova/picosd~1.0/gcc-ar~1/bin/../lib/gcc/arm-none-eabi/10.3.1/../../../../arm-none-eabi/lib/thumb/v6-m/nofp\libg.a(lib_a-sbrkr.o)
                              c:/users/giova/picosd~1.0/gcc-ar~1/bin/../lib/gcc/arm-none-eabi/10.3.1/../../../../arm-none-eabi/lib/thumb/v6-m/nofp\libg.a(lib_a-mallocr.o) (_sbrk_r)
c:/users/giova/picosd~1.0/gcc-ar~1/bin/../lib/gcc/arm-none-eabi/10.3.1/../../../../arm-none-eabi/lib/thumb/v6-m/nofp\libg.a(lib_a-strlen-stub.o)
                              CMakeFiles/i2c_bus_scan.dir/C_/Users/giova/Pico_SDK_v1.5.0/pico-sdk/src/rp2_common/pico_stdio/stdio.c.obj (strlen)
c:/users/giova/picosd~1.0/gcc-ar~1/bin/../lib/gcc/arm-none-eabi/10.3.1/../../../../arm-none-eabi/lib/thumb/v6-m/nofp\libg.a(lib_a-freer.o)
                              c:/users/giova/picosd~1.0/gcc-ar~1/bin/../lib/gcc/arm-none-eabi/10.3.1/../../../../arm-none-eabi/lib/thumb/v6-m/nofp\libg.a(lib_a-malloc.o) (_free_r)
c:/users/giova/picosd~1.0/gcc-ar~1/bin/../lib/gcc/arm-none-eabi/10.3.1/../../../../arm-none-eabi/lib/thumb/v6-m/nofp\libg.a(lib_a-lock.o)
                              c:/users/giova/picosd~1.0/gcc-ar~1/bin/../lib/gcc/arm-none-eabi/10.3.1/../../../../arm-none-eabi/lib/thumb/v6-m/nofp\libg.a(lib_a-mlock.o) (__retarget_lock_acquire_recursive)
c:/users/giova/picosd~1.0/gcc-ar~1/bin/../lib/gcc/arm-none-eabi/10.3.1/../../../../arm-none-eabi/lib/thumb/v6-m/nofp\libg.a(lib_a-memmove.o)
[...]
Memory Configuration

Name             Origin             Length             Attributes
FLASH            0x10000000         0x00200000         xr
RAM              0x20000000         0x00040000         xrw
SCRATCH_X        0x20040000         0x00001000         xrw
SCRATCH_Y        0x20041000         0x00001000         xrw
*default*        0x00000000         0xffffffff

Linker script and memory map

LOAD c:/users/giova/picosd~1.0/gcc-ar~1/bin/../lib/gcc/arm-none-eabi/10.3.1/thumb/v6-m/nofp/crti.o
LOAD c:/users/giova/picosd~1.0/gcc-ar~1/bin/../lib/gcc/arm-none-eabi/10.3.1/thumb/v6-m/nofp/crtbegin.o
LOAD c:/users/giova/picosd~1.0/gcc-ar~1/bin/../lib/gcc/arm-none-eabi/10.3.1/../../../../arm-none-eabi/lib/thumb/v6-m/nofp/crt0.o

.flash_begin    0x10000000        0x0
                0x10000000                __flash_binary_start = .

.boot2          0x10000000      0x100
                0x10000000                __boot2_start__ = .
 *(.boot2)
 .boot2         0x10000000      0x100 C:\Users\giova\AppData\Local\Temp\cc4YDxoM.o
                0x10000100                __boot2_end__ = .
                0x00000001                ASSERT (((__boot2_end__ - __boot2_start__) == 0x100), ERROR: Pico second stage bootloader must be 256 bytes in size)

.text           0x10000100     0x6fb0
                0x10000100                __logical_binary_start = .
 *(.vectors)
 .vectors       0x10000100       0xd4 CMakeFiles/i2c_bus_scan.dir/C_/Users/giova/Pico_SDK_v1.5.0/pico-sdk/src/rp2_common/pico_standard_link/crt0.S.obj
                0x10000100                __VECTOR_TABLE
                0x10000100                __vectors
                0x100001c0                isr_invalid
                0x100001c0                __default_isrs_start
                0x100001c2                isr_nmi
                0x100001c4                isr_hardfault
                0x100001c6                isr_svcall
                0x100001c8                isr_pendsv
                0x100001ca                isr_systick
                0x100001cc                isr_irq23
                0x100001cc                isr_irq18
                0x100001cc                isr_irq11
                0x100001cc                isr_irq28
                0x100001cc                isr_irq19
                0x100001cc                isr_irq0
                0x100001cc                isr_irq6
                0x100001cc                isr_irq5
                0x100001cc                isr_irq12
                0x100001cc                isr_irq22
                0x100001cc                isr_irq31
                0x100001cc                isr_irq17
                0x100001cc                isr_irq27
                0x100001cc                isr_irq30
                0x100001cc                isr_irq2
                0x100001cc                isr_irq10
                0x100001cc                isr_irq8
                0x100001cc                isr_irq24
                0x100001cc                isr_irq1
                0x100001cc                isr_irq7
                0x100001cc                isr_irq21
                0x100001cc                isr_irq20
                0x100001cc                isr_irq15
                0x100001cc                isr_irq25
                0x100001cc                isr_irq13
                0x100001cc                __unhandled_user_irq
                0x100001cc                isr_irq4
                0x100001cc                isr_irq16
                0x100001cc                isr_irq29
                0x100001cc                isr_irq26
                0x100001cc                __default_isrs_end
                0x100001cc                isr_irq3
                0x100001cc                isr_irq14
                0x100001cc                isr_irq9
                0x100001d2                unhandled_user_irq_num_in_r0
 *(.binary_info_header)
 .binary_info_header
                0x100001d4       0x14 CMakeFiles/i2c_bus_scan.dir/C_/Users/giova/Pico_SDK_v1.5.0/pico-sdk/src/rp2_common/pico_standard_link/crt0.S.obj
                0x100001e8                __binary_info_header_end = .
 *(.reset)
 .reset         0x100001e8       0xa0 CMakeFiles/i2c_bus_scan.dir/C_/Users/giova/Pico_SDK_v1.5.0/pico-sdk/src/rp2_common/pico_standard_link/crt0.S.obj
                0x100001e8                _entry_point
 .reset         0x10000288       0x30 CMakeFiles/i2c_bus_scan.dir/C_/Users/giova/Pico_SDK_v1.5.0/pico-sdk/src/rp2_common/pico_standard_link/binary_info.c.obj
 *(.init)
 .init          0x100002b8        0x4 c:/users/giova/picosd~1.0/gcc-ar~1/bin/../lib/gcc/arm-none-eabi/10.3.1/thumb/v6-m/nofp/crti.o
                0x100002b8                _init
 *(EXCLUDE_FILE(*libm.a: *libc.a:*lib_a-mem*.o *libgcc.a:) .text*)
 .text          0x100002bc       0x48 c:/users/giova/picosd~1.0/gcc-ar~1/bin/../lib/gcc/arm-none-eabi/10.3.1/thumb/v6-m/nofp/crtbegin.o
 .text.reserved_addr
                0x10000304       0x1a CMakeFiles/i2c_bus_scan.dir/bus_scan.c.obj
                0x10000304                reserved_addr
 *fill*         0x1000031e        0x2 
 .text.main     0x10000320       0xf0 CMakeFiles/i2c_bus_scan.dir/bus_scan.c.obj
                0x10000320                main
 .text.gpio_set_function
                0x10000410       0x30 CMakeFiles/i2c_bus_scan.dir/C_/Users/giova/Pico_SDK_v1.5.0/pico-sdk/src/rp2_common/hardware_gpio/gpio.c.obj
                0x10000410                gpio_set_function
 .text.running_on_fpga
                0x10000440       0x14 CMakeFiles/i2c_bus_scan.dir/C_/Users/giova/Pico_SDK_v1.5.0/pico-sdk/src/rp2_common/pico_platform/platform.c.obj
                0x10000440                running_on_fpga
 .text.hw_claim_lock
                0x10000454       0x18 CMakeFiles/i2c_bus_scan.dir/C_/Users/giova/Pico_SDK_v1.5.0/pico-sdk/src/rp2_common/hardware_claim/claim.c.obj
                0x10000454                hw_claim_lock
 .text.hw_claim_unlock
                0x1000046c       0x14 CMakeFiles/i2c_bus_scan.dir/C_/Users/giova/Pico_SDK_v1.5.0/pico-sdk/src/rp2_common/hardware_claim/claim.c.obj
                0x1000046c                hw_claim_unlock
 .text.hw_claim_or_assert
                0x10000480       0x32 CMakeFiles/i2c_bus_scan.dir/C_/Users/giova/Pico_SDK_v1.5.0/pico-sdk/src/rp2_common/hardware_claim/claim.c.obj
                0x10000480                hw_claim_or_assert
 .text.hw_claim_unused_from_range
                0x100004b2       0x50 CMakeFiles/i2c_bus_scan.dir/C_/Users/giova/Pico_SDK_v1.5.0/pico-sdk/src/rp2_common/hardware_claim/claim.c.obj
                0x100004b2                hw_claim_unused_from_range
 *fill*         0x10000502        0x2 
 .text.spin_locks_reset
                0x10000504       0x20 CMakeFiles/i2c_bus_scan.dir/C_/Users/giova/Pico_SDK_v1.5.0/pico-sdk/src/rp2_common/hardware_sync/sync.c.obj
                0x10000504                spin_locks_reset
 .text.next_striped_spin_lock_num
                0x10000524       0x1c CMakeFiles/i2c_bus_scan.dir/C_/Users/giova/Pico_SDK_v1.5.0/pico-sdk/src/rp2_common/hardware_sync/sync.c.obj
                0x10000524                next_striped_spin_lock_num
 .text.spin_lock_claim_unused
                0x10000540       0x20 CMakeFiles/i2c_bus_scan.dir/C_/Users/giova/Pico_SDK_v1.5.0/pico-sdk/src/rp2_common/hardware_sync/sync.c.obj
                0x10000540                spin_lock_claim_unused
 .text.set_raw_irq_handler_and_unlock
                0x10000560       0x28 CMakeFiles/i2c_bus_scan.dir/C_/Users/giova/Pico_SDK_v1.5.0/pico-sdk/src/rp2_common/hardware_irq/irq.c.obj
 .text.make_branch
                0x10000588       0x48 CMakeFiles/i2c_bus_scan.dir/C_/Users/giova/Pico_SDK_v1.5.0/pico-sdk/src/rp2_common/hardware_irq/irq.c.obj
 .text.insert_branch_and_link
                0x100005d0       0x40 CMakeFiles/i2c_bus_scan.dir/C_/Users/giova/Pico_SDK_v1.5.0/pico-sdk/src/rp2_common/hardware_irq/irq.c.obj
 .text.irq_is_enabled
                0x10000610       0x18 CMakeFiles/i2c_bus_scan.dir/C_/Users/giova/Pico_SDK_v1.5.0/pico-sdk/src/rp2_common/hardware_irq/irq.c.obj
                0x10000610                irq_is_enabled
 .text.irq_set_mask_enabled
                0x10000628       0x20 CMakeFiles/i2c_bus_scan.dir/C_/Users/giova/Pico_SDK_v1.5.0/pico-sdk/src/rp2_common/hardware_irq/irq.c.obj
                0x10000628                irq_set_mask_enabled
 .text.irq_set_enabled
                0x10000648        0xe CMakeFiles/i2c_bus_scan.dir/C_/Users/giova/Pico_SDK_v1.5.0/pico-sdk/src/rp2_common/hardware_irq/irq.c.obj
                0x10000648                irq_set_enabled
 *fill*         0x10000656        0x2 
 .text.irq_set_pending
                0x10000658       0x10 CMakeFiles/i2c_bus_scan.dir/C_/Users/giova/Pico_SDK_v1.5.0/pico-sdk/src/rp2_common/hardware_irq/irq.c.obj
                0x10000658                irq_set_pending
 .text.irq_get_vtable_handler
                0x10000668       0x10 CMakeFiles/i2c_bus_scan.dir/C_/Users/giova/Pico_SDK_v1.5.0/pico-sdk/src/rp2_common/hardware_irq/irq.c.obj
                0x10000668                irq_get_vtable_handler
 .text.irq_has_shared_handler
                0x10000678       0x24 CMakeFiles/i2c_bus_scan.dir/C_/Users/giova/Pico_SDK_v1.5.0/pico-sdk/src/rp2_common/hardware_irq/irq.c.obj
                0x10000678                irq_has_shared_handler
 .text.irq_set_exclusive_handler
                0x1000069c       0x54 CMakeFiles/i2c_bus_scan.dir/C_/Users/giova/Pico_SDK_v1.5.0/pico-sdk/src/rp2_common/hardware_irq/irq.c.obj
                0x1000069c                irq_set_exclusive_handler
 .text.irq_add_shared_handler
                0x100006f0      0x234 CMakeFiles/i2c_bus_scan.dir/C_/Users/giova/Pico_SDK_v1.5.0/pico-sdk/src/rp2_common/hardware_irq/irq.c.obj
                0x100006f0                irq_add_shared_handler
 .text.irq_remove_handler
                0x10000924      0x1ac CMakeFiles/i2c_bus_scan.dir/C_/Users/giova/Pico_SDK_v1.5.0/pico-sdk/src/rp2_common/hardware_irq/irq.c.obj
                0x10000924                irq_remove_handler
 .text.irq_add_tail_to_free_list
                0x10000ad0       0xf0 CMakeFiles/i2c_bus_scan.dir/C_/Users/giova/Pico_SDK_v1.5.0/pico-sdk/src/rp2_common/hardware_irq/irq.c.obj
                0x10000ad0                irq_add_tail_to_free_list
 .text.irq_init_priorities
                0x10000bc0       0x1c CMakeFiles/i2c_bus_scan.dir/C_/Users/giova/Pico_SDK_v1.5.0/pico-sdk/src/rp2_common/hardware_irq/irq.c.obj
                0x10000bc0                irq_init_priorities
 .text.user_irq_claim_unused
                0x10000bdc       0x28 CMakeFiles/i2c_bus_scan.dir/C_/Users/giova/Pico_SDK_v1.5.0/pico-sdk/src/rp2_common/hardware_irq/irq.c.obj
                0x10000bdc                user_irq_claim_unused
 .text.lock_init
                0x10000c04       0x10 CMakeFiles/i2c_bus_scan.dir/C_/Users/giova/Pico_SDK_v1.5.0/pico-sdk/src/common/pico_sync/lock_core.c.obj
                0x10000c04                lock_init
 .text.mutex_init
                0x10000c14       0x1a CMakeFiles/i2c_bus_scan.dir/C_/Users/giova/Pico_SDK_v1.5.0/pico-sdk/src/common/pico_sync/mutex.c.obj
                0x10000c14                mutex_init
 .text.recursive_mutex_init
                0x10000c2e       0x1e CMakeFiles/i2c_bus_scan.dir/C_/Users/giova/Pico_SDK_v1.5.0/pico-sdk/src/common/pico_sync/mutex.c.obj
                0x10000c2e                recursive_mutex_init
 .text.critical_section_init_with_lock_num
                0x10000c4c       0x14 CMakeFiles/i2c_bus_scan.dir/C_/Users/giova/Pico_SDK_v1.5.0/pico-sdk/src/common/pico_sync/critical_section.c.obj
                0x10000c4c                critical_section_init_with_lock_num
 .text.critical_section_init
                0x10000c60       0x14 CMakeFiles/i2c_bus_scan.dir/C_/Users/giova/Pico_SDK_v1.5.0/pico-sdk/src/common/pico_sync/critical_section.c.obj
                0x10000c60                critical_section_init
 .text.alarm_pool_post_alloc_init
                0x10000c74       0x40 CMakeFiles/i2c_bus_scan.dir/C_/Users/giova/Pico_SDK_v1.5.0/pico-sdk/src/common/pico_time/time.c.obj
 .text.sleep_until_callback
                0x10000cb4       0x30 CMakeFiles/i2c_bus_scan.dir/C_/Users/giova/Pico_SDK_v1.5.0/pico-sdk/src/common/pico_time/time.c.obj
 .text.timer_pool_entry_comparator
                0x10000ce4       0x7c CMakeFiles/i2c_bus_scan.dir/C_/Users/giova/Pico_SDK_v1.5.0/pico-sdk/src/common/pico_time/time.c.obj
                0x10000ce4                timer_pool_entry_comparator
 .text.ph_add_child_node
                0x10000d60       0xa4 CMakeFiles/i2c_bus_scan.dir/C_/Users/giova/Pico_SDK_v1.5.0/pico-sdk/src/common/pico_time/time.c.obj
 .text.ph_merge_nodes
                0x10000e04       0x3e CMakeFiles/i2c_bus_scan.dir/C_/Users/giova/Pico_SDK_v1.5.0/pico-sdk/src/common/pico_time/time.c.obj
 *fill*         0x10000e42        0x2 
 .text.add_alarm_under_lock
                0x10000e44      0x174 CMakeFiles/i2c_bus_scan.dir/C_/Users/giova/Pico_SDK_v1.5.0/pico-sdk/src/common/pico_time/time.c.obj
 .text.alarm_pool_alarm_callback
                0x10000fb8      0x33c CMakeFiles/i2c_bus_scan.dir/C_/Users/giova/Pico_SDK_v1.5.0/pico-sdk/src/common/pico_time/time.c.obj
 .text.alarm_pool_init_default
                0x100012f4       0x40 CMakeFiles/i2c_bus_scan.dir/C_/Users/giova/Pico_SDK_v1.5.0/pico-sdk/src/common/pico_time/time.c.obj
                0x100012f4                alarm_pool_init_default
 .text.alarm_pool_get_default
                0x10001334       0x2c CMakeFiles/i2c_bus_scan.dir/C_/Users/giova/Pico_SDK_v1.5.0/pico-sdk/src/common/pico_time/time.c.obj
                0x10001334                alarm_pool_get_default
 .text.alarm_pool_add_alarm_at
                0x10001360      0x168 CMakeFiles/i2c_bus_scan.dir/C_/Users/giova/Pico_SDK_v1.5.0/pico-sdk/src/common/pico_time/time.c.obj
                0x10001360                alarm_pool_add_alarm_at
 .text.alarm_pool_cancel_alarm
                0x100014c8       0xf0 CMakeFiles/i2c_bus_scan.dir/C_/Users/giova/Pico_SDK_v1.5.0/pico-sdk/src/common/pico_time/time.c.obj
                0x100014c8                alarm_pool_cancel_alarm
 .text.alarm_pool_core_num
                0x100015b8        0x4 CMakeFiles/i2c_bus_scan.dir/C_/Users/giova/Pico_SDK_v1.5.0/pico-sdk/src/common/pico_time/time.c.obj
                0x100015b8                alarm_pool_core_num
 .text.sleep_until
                0x100015bc       0xfc CMakeFiles/i2c_bus_scan.dir/C_/Users/giova/Pico_SDK_v1.5.0/pico-sdk/src/common/pico_time/time.c.obj
                0x100015bc                sleep_until
 .text.sleep_us
                0x100016b8       0x58 CMakeFiles/i2c_bus_scan.dir/C_/Users/giova/Pico_SDK_v1.5.0/pico-sdk/src/common/pico_time/time.c.obj
                0x100016b8                sleep_us
 .text.sleep_ms
                0x10001710       0x14 CMakeFiles/i2c_bus_scan.dir/C_/Users/giova/Pico_SDK_v1.5.0/pico-sdk/src/common/pico_time/time.c.obj
                0x10001710                sleep_ms
 .text.best_effort_wfe_or_timeout
                0x10001724       0xac CMakeFiles/i2c_bus_scan.dir/C_/Users/giova/Pico_SDK_v1.5.0/pico-sdk/src/common/pico_time/time.c.obj
                0x10001724                best_effort_wfe_or_timeout
 .text.hardware_alarm_irq_handler
                0x100017d0       0x90 CMakeFiles/i2c_bus_scan.dir/C_/Users/giova/Pico_SDK_v1.5.0/pico-sdk/src/rp2_common/hardware_timer/timer.c.obj
 .text.hardware_alarm_claim
                0x10001860       0x18 CMakeFiles/i2c_bus_scan.dir/C_/Users/giova/Pico_SDK_v1.5.0/pico-sdk/src/rp2_common/hardware_timer/timer.c.obj
                0x10001860                hardware_alarm_claim
 .text.time_us_64
                0x10001878       0x18 CMakeFiles/i2c_bus_scan.dir/C_/Users/giova/Pico_SDK_v1.5.0/pico-sdk/src/rp2_common/hardware_timer/timer.c.obj
                0x10001878                time_us_64
 .text.busy_wait_until
                0x10001890       0x28 CMakeFiles/i2c_bus_scan.dir/C_/Users/giova/Pico_SDK_v1.5.0/pico-sdk/src/rp2_common/hardware_timer/timer.c.obj
                0x10001890                busy_wait_until
 .text.hardware_alarm_set_callback
                0x100018b8       0x90 CMakeFiles/i2c_bus_scan.dir/C_/Users/giova/Pico_SDK_v1.5.0/pico-sdk/src/rp2_common/hardware_timer/timer.c.obj
                0x100018b8                hardware_alarm_set_callback
 .text.hardware_alarm_set_target
                0x10001948       0xe8 CMakeFiles/i2c_bus_scan.dir/C_/Users/giova/Pico_SDK_v1.5.0/pico-sdk/src/rp2_common/hardware_timer/timer.c.obj
                0x10001948                hardware_alarm_set_target
 .text.hardware_alarm_cancel
                0x10001a30       0x40 CMakeFiles/i2c_bus_scan.dir/C_/Users/giova/Pico_SDK_v1.5.0/pico-sdk/src/rp2_common/hardware_timer/timer.c.obj
                0x10001a30                hardware_alarm_cancel
 .text.ph_add_child_node
                0x10001a70       0xa4 CMakeFiles/i2c_bus_scan.dir/C_/Users/giova/Pico_SDK_v1.5.0/pico-sdk/src/common/pico_util/pheap.c.obj
 .text.ph_merge_nodes
                0x10001b14       0x3e CMakeFiles/i2c_bus_scan.dir/C_/Users/giova/Pico_SDK_v1.5.0/pico-sdk/src/common/pico_util/pheap.c.obj
 *fill*         0x10001b52        0x2 
 .text.ph_clear
                0x10001b54       0x70 CMakeFiles/i2c_bus_scan.dir/C_/Users/giova/Pico_SDK_v1.5.0/pico-sdk/src/common/pico_util/pheap.c.obj
                0x10001b54                ph_clear
 .text.ph_post_alloc_init
                0x10001bc4        0xe CMakeFiles/i2c_bus_scan.dir/C_/Users/giova/Pico_SDK_v1.5.0/pico-sdk/src/common/pico_util/pheap.c.obj
                0x10001bc4                ph_post_alloc_init
 *fill*         0x10001bd2        0x2 
 .text.ph_merge_two_pass
                0x10001bd4       0xa8 CMakeFiles/i2c_bus_scan.dir/C_/Users/giova/Pico_SDK_v1.5.0/pico-sdk/src/common/pico_util/pheap.c.obj
                0x10001bd4                ph_merge_two_pass
 .text.ph_remove_any_head
                0x10001c7c      0x128 CMakeFiles/i2c_bus_scan.dir/C_/Users/giova/Pico_SDK_v1.5.0/pico-sdk/src/common/pico_util/pheap.c.obj
 .text.ph_remove_head
                0x10001da4       0x14 CMakeFiles/i2c_bus_scan.dir/C_/Users/giova/Pico_SDK_v1.5.0/pico-sdk/src/common/pico_util/pheap.c.obj
                0x10001da4                ph_remove_head
 .text.ph_remove_and_free_node
                0x10001db8       0xf8 CMakeFiles/i2c_bus_scan.dir/C_/Users/giova/Pico_SDK_v1.5.0/pico-sdk/src/common/pico_util/pheap.c.obj
                0x10001db8                ph_remove_and_free_node
 .text.clock_configure
                0x10001eb0      0x104 CMakeFiles/i2c_bus_scan.dir/C_/Users/giova/Pico_SDK_v1.5.0/pico-sdk/src/rp2_common/hardware_clocks/clocks.c.obj
                0x10001eb0                clock_configure
 .text.clocks_init
                0x10001fb4      0x100 CMakeFiles/i2c_bus_scan.dir/C_/Users/giova/Pico_SDK_v1.5.0/pico-sdk/src/rp2_common/hardware_clocks/clocks.c.obj
                0x10001fb4                clocks_init
 .text.clock_get_hz
                0x100020b4        0xc CMakeFiles/i2c_bus_scan.dir/C_/Users/giova/Pico_SDK_v1.5.0/pico-sdk/src/rp2_common/hardware_clocks/clocks.c.obj
                0x100020b4                clock_get_hz
 .text.pll_init
                0x100020c0      0x12c CMakeFiles/i2c_bus_scan.dir/C_/Users/giova/Pico_SDK_v1.5.0/pico-sdk/src/rp2_common/hardware_pll/pll.c.obj
                0x100020c0                pll_init
 .text.watchdog_start_tick
                0x100021ec       0x10 CMakeFiles/i2c_bus_scan.dir/C_/Users/giova/Pico_SDK_v1.5.0/pico-sdk/src/rp2_common/hardware_watchdog/watchdog.c.obj
                0x100021ec                watchdog_start_tick
 .text.watchdog_update
                0x100021fc       0x14 CMakeFiles/i2c_bus_scan.dir/C_/Users/giova/Pico_SDK_v1.5.0/pico-sdk/src/rp2_common/hardware_watchdog/watchdog.c.obj
                0x100021fc                watchdog_update
 .text._watchdog_enable
                0x10002210       0x78 CMakeFiles/i2c_bus_scan.dir/C_/Users/giova/Pico_SDK_v1.5.0/pico-sdk/src/rp2_common/hardware_watchdog/watchdog.c.obj
                0x10002210                _watchdog_enable
 .text.watchdog_reboot
                0x10002288       0x48 CMakeFiles/i2c_bus_scan.dir/C_/Users/giova/Pico_SDK_v1.5.0/pico-sdk/src/rp2_common/hardware_watchdog/watchdog.c.obj
                0x10002288                watchdog_reboot
 .text.xosc_init
                0x100022d0       0x28 CMakeFiles/i2c_bus_scan.dir/C_/Users/giova/Pico_SDK_v1.5.0/pico-sdk/src/rp2_common/hardware_xosc/xosc.c.obj
                0x100022d0                xosc_init
 .text._exit    0x100022f8        0x4 CMakeFiles/i2c_bus_scan.dir/C_/Users/giova/Pico_SDK_v1.5.0/pico-sdk/src/rp2_common/pico_runtime/runtime.c.obj
                0x100022f8                _exit
 .text.exit     0x100022fc        0x6 CMakeFiles/i2c_bus_scan.dir/C_/Users/giova/Pico_SDK_v1.5.0/pico-sdk/src/rp2_common/pico_runtime/runtime.c.obj
                0x100022fc                exit
 *fill*         0x10002302        0x2 
 .text.__assert_func
                0x10002304       0x3c CMakeFiles/i2c_bus_scan.dir/C_/Users/giova/Pico_SDK_v1.5.0/pico-sdk/src/rp2_common/pico_runtime/runtime.c.obj
                0x10002304                __assert_func
 .text.runtime_init
                0x10002340       0xf8 CMakeFiles/i2c_bus_scan.dir/C_/Users/giova/Pico_SDK_v1.5.0/pico-sdk/src/rp2_common/pico_runtime/runtime.c.obj
                0x10002340                runtime_init
 .text.panic    0x10002438       0x30 CMakeFiles/i2c_bus_scan.dir/C_/Users/giova/Pico_SDK_v1.5.0/pico-sdk/src/rp2_common/pico_runtime/runtime.c.obj
                0x10002438                panic
 .text._out_null
                0x10002468        0x2 CMakeFiles/i2c_bus_scan.dir/C_/Users/giova/Pico_SDK_v1.5.0/pico-sdk/src/rp2_common/pico_printf/printf.c.obj
 .text._out_fct
                0x1000246a        0xe CMakeFiles/i2c_bus_scan.dir/C_/Users/giova/Pico_SDK_v1.5.0/pico-sdk/src/rp2_common/pico_printf/printf.c.obj
 .text._atoi    0x10002478       0x24 CMakeFiles/i2c_bus_scan.dir/C_/Users/giova/Pico_SDK_v1.5.0/pico-sdk/src/rp2_common/pico_printf/printf.c.obj
 .text._out_rev
                0x1000249c       0xae CMakeFiles/i2c_bus_scan.dir/C_/Users/giova/Pico_SDK_v1.5.0/pico-sdk/src/rp2_common/pico_printf/printf.c.obj
 .text._ntoa_format
                0x1000254a      0x112 CMakeFiles/i2c_bus_scan.dir/C_/Users/giova/Pico_SDK_v1.5.0/pico-sdk/src/rp2_common/pico_printf/printf.c.obj
 .text._ntoa_long
                0x1000265c       0xbc CMakeFiles/i2c_bus_scan.dir/C_/Users/giova/Pico_SDK_v1.5.0/pico-sdk/src/rp2_common/pico_printf/printf.c.obj
 .text._ntoa_long_long
                0x10002718       0xe2 CMakeFiles/i2c_bus_scan.dir/C_/Users/giova/Pico_SDK_v1.5.0/pico-sdk/src/rp2_common/pico_printf/printf.c.obj
 *fill*         0x100027fa        0x2 
 .text._etoa    0x100027fc      0x414 CMakeFiles/i2c_bus_scan.dir/C_/Users/giova/Pico_SDK_v1.5.0/pico-sdk/src/rp2_common/pico_printf/printf.c.obj
 .text._ftoa    0x10002c10      0x354 CMakeFiles/i2c_bus_scan.dir/C_/Users/giova/Pico_SDK_v1.5.0/pico-sdk/src/rp2_common/pico_printf/printf.c.obj
 .text._vsnprintf
                0x10002f64      0x624 CMakeFiles/i2c_bus_scan.dir/C_/Users/giova/Pico_SDK_v1.5.0/pico-sdk/src/rp2_common/pico_printf/printf.c.obj
 .text.vfctprintf
                0x10003588       0x20 CMakeFiles/i2c_bus_scan.dir/C_/Users/giova/Pico_SDK_v1.5.0/pico-sdk/src/rp2_common/pico_printf/printf.c.obj
                0x10003588                vfctprintf
 .text          0x100035a8       0x10 CMakeFiles/i2c_bus_scan.dir/C_/Users/giova/Pico_SDK_v1.5.0/pico-sdk/src/rp2_common/pico_bit_ops/bit_ops_aeabi.S.obj
 .text.rom_func_lookup
                0x100035b8       0x10 CMakeFiles/i2c_bus_scan.dir/C_/Users/giova/Pico_SDK_v1.5.0/pico-sdk/src/rp2_common/pico_bootrom/bootrom.c.obj
                0x100035b8                rom_func_lookup
 .text.rom_data_lookup
                0x100035c8       0x10 CMakeFiles/i2c_bus_scan.dir/C_/Users/giova/Pico_SDK_v1.5.0/pico-sdk/src/rp2_common/pico_bootrom/bootrom.c.obj
                0x100035c8                rom_data_lookup
 .text.rom_funcs_lookup
                0x100035d8       0x36 CMakeFiles/i2c_bus_scan.dir/C_/Users/giova/Pico_SDK_v1.5.0/pico-sdk/src/rp2_common/pico_bootrom/bootrom.c.obj
                0x100035d8                rom_funcs_lookup
 *fill*         0x1000360e        0x2 
 .text.__wrap___aeabi_idiv
                0x10003610       0x50 CMakeFiles/i2c_bus_scan.dir/C_/Users/giova/Pico_SDK_v1.5.0/pico-sdk/src/rp2_common/pico_divider/divider.S.obj
                0x10003610                __wrap___aeabi_idivmod
                0x10003610                divmod_s32s32
                0x10003610                div_s32s32
                0x10003610                __wrap___aeabi_idiv
                0x10003618                divmod_s32s32_unsafe
                0x10003644                divmod_s32s32_savestate
 .text.__wrap___aeabi_uidiv
                0x10003660       0x4c CMakeFiles/i2c_bus_scan.dir/C_/Users/giova/Pico_SDK_v1.5.0/pico-sdk/src/rp2_common/pico_divider/divider.S.obj
                0x10003660                __wrap___aeabi_uidiv
                0x10003660                __wrap___aeabi_uidivmod
                0x10003660                div_u32u32
                0x10003660                divmod_u32u32
                0x10003668                divmod_u32u32_unsafe
                0x10003690                divmod_u32u32_savestate
 .text.__wrap___aeabi_ldiv
                0x100036ac      0x424 CMakeFiles/i2c_bus_scan.dir/C_/Users/giova/Pico_SDK_v1.5.0/pico-sdk/src/rp2_common/pico_divider/divider.S.obj
                0x100036ac                div_s64s64
                0x100036ac                divmod_s64s64
                0x100036ac                __wrap___aeabi_ldivmod
                0x100036dc                divmod_u64u64
                0x100036dc                div_u64u64
                0x100036dc                __wrap___aeabi_uldivmod
                0x100036ec                divmod_u64u64_savestate
                0x1000370c                divmod_s64s64_unsafe
                0x10003794                divmod_u64u64_unsafe
 .text.__wrap___aeabi_darithmetic
                0x10003ad0       0x80 CMakeFiles/i2c_bus_scan.dir/C_/Users/giova/Pico_SDK_v1.5.0/pico-sdk/src/rp2_common/pico_double/double_aeabi.S.obj
                0x10003ad0                __wrap___aeabi_drsub
                0x10003ad6                __wrap___aeabi_dsub
                0x10003ae8                __wrap___aeabi_dadd
                0x10003afa                __wrap___aeabi_ddiv
                0x10003b36                __wrap___aeabi_dmul
 .text.__wrap___aeabi_cdcmple
                0x10003b50       0x6c CMakeFiles/i2c_bus_scan.dir/C_/Users/giova/Pico_SDK_v1.5.0/pico-sdk/src/rp2_common/pico_double/double_aeabi.S.obj
                0x10003b50                __wrap___aeabi_cdrcmple
                0x10003b60                __wrap___aeabi_cdcmpeq
                0x10003b60                __wrap___aeabi_cdcmple
 .text.__wrap___aeabi_dcmplt
                0x10003bbc        0xc CMakeFiles/i2c_bus_scan.dir/C_/Users/giova/Pico_SDK_v1.5.0/pico-sdk/src/rp2_common/pico_double/double_aeabi.S.obj
                0x10003bbc                __wrap___aeabi_dcmplt
 .text.__wrap___aeabi_dcmple
                0x10003bc8       0x10 CMakeFiles/i2c_bus_scan.dir/C_/Users/giova/Pico_SDK_v1.5.0/pico-sdk/src/rp2_common/pico_double/double_aeabi.S.obj
                0x10003bc8                __wrap___aeabi_dcmple
 .text.__wrap___aeabi_dcmpge
                0x10003bd8       0x10 CMakeFiles/i2c_bus_scan.dir/C_/Users/giova/Pico_SDK_v1.5.0/pico-sdk/src/rp2_common/pico_double/double_aeabi.S.obj
                0x10003bd8                __wrap___aeabi_dcmpge
 .text.__wrap___aeabi_dcmpgt
                0x10003be8        0xa CMakeFiles/i2c_bus_scan.dir/C_/Users/giova/Pico_SDK_v1.5.0/pico-sdk/src/rp2_common/pico_double/double_aeabi.S.obj
                0x10003be8                __wrap___aeabi_dcmpgt
 .text.__wrap___aeabi_dcmpun
                0x10003bf2       0x1c CMakeFiles/i2c_bus_scan.dir/C_/Users/giova/Pico_SDK_v1.5.0/pico-sdk/src/rp2_common/pico_double/double_aeabi.S.obj
                0x10003bf2                __wrap___aeabi_dcmpun
 *fill*         0x10003c0e        0x2 
 .text.__wrap___aeabi_i2d
                0x10003c10       0x38 CMakeFiles/i2c_bus_scan.dir/C_/Users/giova/Pico_SDK_v1.5.0/pico-sdk/src/rp2_common/pico_double/double_aeabi.S.obj
                0x10003c10                __wrap___aeabi_ui2d
                0x10003c18                __wrap___aeabi_i2d
 .text.__wrap___aeabi_d2iz
                0x10003c48       0x48 CMakeFiles/i2c_bus_scan.dir/C_/Users/giova/Pico_SDK_v1.5.0/pico-sdk/src/rp2_common/pico_double/double_aeabi.S.obj
                0x10003c48                double2int_z
                0x10003c48                __wrap___aeabi_d2iz
 .text.__wrap___aeabi_d2uiz
                0x10003c90       0x18 CMakeFiles/i2c_bus_scan.dir/C_/Users/giova/Pico_SDK_v1.5.0/pico-sdk/src/rp2_common/pico_double/double_aeabi.S.obj
                0x10003c90                __wrap___aeabi_d2uiz
                0x10003c90                double2uint
 .text.__aeabi_double_init
                0x10003ca8       0xc8 CMakeFiles/i2c_bus_scan.dir/C_/Users/giova/Pico_SDK_v1.5.0/pico-sdk/src/rp2_common/pico_double/double_init_rom.c.obj
                0x10003ca8                __aeabi_double_init
 .text.double_table_shim_on_use_helper
                0x10003d70       0x34 CMakeFiles/i2c_bus_scan.dir/C_/Users/giova/Pico_SDK_v1.5.0/pico-sdk/src/rp2_common/pico_double/double_v1_rom_shim.S.obj
                0x10003d70                double_table_shim_on_use_helper
 .text.__wrap___aeabi_dsub
                0x10003da4       0x10 CMakeFiles/i2c_bus_scan.dir/C_/Users/giova/Pico_SDK_v1.5.0/pico-sdk/src/rp2_common/pico_double/double_v1_rom_shim.S.obj
                0x10003da4                drsub_shim
                0x10003daa                dsub_shim
 .text.dadd_shim
                0x10003db4      0x15c CMakeFiles/i2c_bus_scan.dir/C_/Users/giova/Pico_SDK_v1.5.0/pico-sdk/src/rp2_common/pico_double/double_v1_rom_shim.S.obj
                0x10003db4                dadd_shim
 .text.dmul_shim
                0x10003f10      0x15c CMakeFiles/i2c_bus_scan.dir/C_/Users/giova/Pico_SDK_v1.5.0/pico-sdk/src/rp2_common/pico_double/double_v1_rom_shim.S.obj
                0x10003f10                dmul_shim
 .text.ddiv_shim
                0x1000406c      0x1b0 CMakeFiles/i2c_bus_scan.dir/C_/Users/giova/Pico_SDK_v1.5.0/pico-sdk/src/rp2_common/pico_double/double_v1_rom_shim.S.obj
                0x1000406c                ddiv_shim
 .text.double2uint_shim
                0x1000421c        0xe CMakeFiles/i2c_bus_scan.dir/C_/Users/giova/Pico_SDK_v1.5.0/pico-sdk/src/rp2_common/pico_double/double_v1_rom_shim.S.obj
                0x1000421c                double2uint_shim
                0x1000421e                double2ufix_shim
 *fill*         0x1000422a        0x2 
 .text.double2uint64_shim
                0x1000422c       0x70 CMakeFiles/i2c_bus_scan.dir/C_/Users/giova/Pico_SDK_v1.5.0/pico-sdk/src/rp2_common/pico_double/double_v1_rom_shim.S.obj
                0x1000422c                double2uint64_shim
                0x1000422e                double2ufix64_shim
                0x1000424e                d2fix_a
 .text.dunpacks
                0x1000429c       0x3c CMakeFiles/i2c_bus_scan.dir/C_/Users/giova/Pico_SDK_v1.5.0/pico-sdk/src/rp2_common/pico_double/double_v1_rom_shim.S.obj
                0x1000429c                dunpacks
 .text.__aeabi_lmul
                0x100042d8       0x32 CMakeFiles/i2c_bus_scan.dir/C_/Users/giova/Pico_SDK_v1.5.0/pico-sdk/src/rp2_common/pico_int64_ops/pico_int64_ops_aeabi.S.obj
                0x100042d8                __wrap___aeabi_lmul
 *fill*         0x1000430a        0x2 
 .text.__aeabi_float_init
                0x1000430c       0xfc CMakeFiles/i2c_bus_scan.dir/C_/Users/giova/Pico_SDK_v1.5.0/pico-sdk/src/rp2_common/pico_float/float_init_rom.c.obj
                0x1000430c                __aeabi_float_init
 .text.float_table_shim_on_use_helper
                0x10004408       0x34 CMakeFiles/i2c_bus_scan.dir/C_/Users/giova/Pico_SDK_v1.5.0/pico-sdk/src/rp2_common/pico_float/float_v1_rom_shim.S.obj
                0x10004408                float_table_shim_on_use_helper
 .text          0x1000443c       0x10 CMakeFiles/i2c_bus_scan.dir/C_/Users/giova/Pico_SDK_v1.5.0/pico-sdk/src/rp2_common/pico_mem_ops/mem_ops_aeabi.S.obj
                0x1000443c                __aeabi_mem_init
 .text.memset   0x1000444c        0xc CMakeFiles/i2c_bus_scan.dir/C_/Users/giova/Pico_SDK_v1.5.0/pico-sdk/src/rp2_common/pico_mem_ops/mem_ops_aeabi.S.obj
                0x1000444c                __wrap_memset
 .text.memcpy   0x10004458        0xc CMakeFiles/i2c_bus_scan.dir/C_/Users/giova/Pico_SDK_v1.5.0/pico-sdk/src/rp2_common/pico_mem_ops/mem_ops_aeabi.S.obj
                0x10004458                __wrap_memcpy
                0x10004458                __wrap___aeabi_memcpy
 .text.stdio_out_chars_no_crlf
                0x10004464        0xe CMakeFiles/i2c_bus_scan.dir/C_/Users/giova/Pico_SDK_v1.5.0/pico-sdk/src/rp2_common/pico_stdio/stdio.c.obj
 *fill*         0x10004472        0x2 
 .text.stdio_out_chars_crlf
                0x10004474       0x80 CMakeFiles/i2c_bus_scan.dir/C_/Users/giova/Pico_SDK_v1.5.0/pico-sdk/src/rp2_common/pico_stdio/stdio.c.obj
 .text.stdio_stack_buffer_flush
                0x100044f4       0x44 CMakeFiles/i2c_bus_scan.dir/C_/Users/giova/Pico_SDK_v1.5.0/pico-sdk/src/rp2_common/pico_stdio/stdio.c.obj
 .text.stdio_buffered_printer
                0x10004538       0x20 CMakeFiles/i2c_bus_scan.dir/C_/Users/giova/Pico_SDK_v1.5.0/pico-sdk/src/rp2_common/pico_stdio/stdio.c.obj
 .text.stdout_serialize_begin
                0x10004558       0x5c CMakeFiles/i2c_bus_scan.dir/C_/Users/giova/Pico_SDK_v1.5.0/pico-sdk/src/rp2_common/pico_stdio/stdio.c.obj
                0x10004558                stdout_serialize_begin
 .text.stdout_serialize_end
                0x100045b4       0x10 CMakeFiles/i2c_bus_scan.dir/C_/Users/giova/Pico_SDK_v1.5.0/pico-sdk/src/rp2_common/pico_stdio/stdio.c.obj
                0x100045b4                stdout_serialize_end
 .text.stdio_put_string
                0x100045c4       0x98 CMakeFiles/i2c_bus_scan.dir/C_/Users/giova/Pico_SDK_v1.5.0/pico-sdk/src/rp2_common/pico_stdio/stdio.c.obj
 .text.stdio_set_driver_enabled
                0x1000465c       0x2c CMakeFiles/i2c_bus_scan.dir/C_/Users/giova/Pico_SDK_v1.5.0/pico-sdk/src/rp2_common/pico_stdio/stdio.c.obj
                0x1000465c                stdio_set_driver_enabled
 .text.stdio_flush
                0x10004688       0x20 CMakeFiles/i2c_bus_scan.dir/C_/Users/giova/Pico_SDK_v1.5.0/pico-sdk/src/rp2_common/pico_stdio/stdio.c.obj
                0x10004688                stdio_flush
 .text.__wrap_puts
                0x100046a8       0x1e CMakeFiles/i2c_bus_scan.dir/C_/Users/giova/Pico_SDK_v1.5.0/pico-sdk/src/rp2_common/pico_stdio/stdio.c.obj
                0x100046a8                __wrap_puts
 *fill*         0x100046c6        0x2 
 .text.__wrap_vprintf
                0x100046c8       0x40 CMakeFiles/i2c_bus_scan.dir/C_/Users/giova/Pico_SDK_v1.5.0/pico-sdk/src/rp2_common/pico_stdio/stdio.c.obj
                0x100046c8                __wrap_vprintf
 .text.__wrap_printf
                0x10004708       0x18 CMakeFiles/i2c_bus_scan.dir/C_/Users/giova/Pico_SDK_v1.5.0/pico-sdk/src/rp2_common/pico_stdio/stdio.c.obj
                0x10004708                __wrap_printf
 .text.stdio_init_all
                0x10004720        0x8 CMakeFiles/i2c_bus_scan.dir/C_/Users/giova/Pico_SDK_v1.5.0/pico-sdk/src/rp2_common/pico_stdio/stdio.c.obj
                0x10004720                stdio_init_all
 .text.resetd_init
                0x10004728        0x2 CMakeFiles/i2c_bus_scan.dir/C_/Users/giova/Pico_SDK_v1.5.0/pico-sdk/src/rp2_common/pico_stdio_usb/reset_interface.c.obj
 *fill*         0x1000472a        0x2 
 .text.resetd_reset
                0x1000472c        0xc CMakeFiles/i2c_bus_scan.dir/C_/Users/giova/Pico_SDK_v1.5.0/pico-sdk/src/rp2_common/pico_stdio_usb/reset_interface.c.obj
 .text.resetd_open
                0x10004738       0x34 CMakeFiles/i2c_bus_scan.dir/C_/Users/giova/Pico_SDK_v1.5.0/pico-sdk/src/rp2_common/pico_stdio_usb/reset_interface.c.obj
 .text.resetd_xfer_cb
                0x1000476c        0x4 CMakeFiles/i2c_bus_scan.dir/C_/Users/giova/Pico_SDK_v1.5.0/pico-sdk/src/rp2_common/pico_stdio_usb/reset_interface.c.obj
 .text.reset_usb_boot
                0x10004770       0x18 CMakeFiles/i2c_bus_scan.dir/C_/Users/giova/Pico_SDK_v1.5.0/pico-sdk/src/rp2_common/pico_stdio_usb/reset_interface.c.obj
 .text.resetd_control_xfer_cb
                0x10004788       0x5c CMakeFiles/i2c_bus_scan.dir/C_/Users/giova/Pico_SDK_v1.5.0/pico-sdk/src/rp2_common/pico_stdio_usb/reset_interface.c.obj
 .text.usbd_app_driver_get_cb
                0x100047e4        0xc CMakeFiles/i2c_bus_scan.dir/C_/Users/giova/Pico_SDK_v1.5.0/pico-sdk/src/rp2_common/pico_stdio_usb/reset_interface.c.obj
                0x100047e4                usbd_app_driver_get_cb
 .text.tud_cdc_line_coding_cb
                0x100047f0       0x28 CMakeFiles/i2c_bus_scan.dir/C_/Users/giova/Pico_SDK_v1.5.0/pico-sdk/src/rp2_common/pico_stdio_usb/reset_interface.c.obj
                0x100047f0                tud_cdc_line_coding_cb
 .text.stdio_usb_set_chars_available_callback
                0x10004818       0x14 CMakeFiles/i2c_bus_scan.dir/C_/Users/giova/Pico_SDK_v1.5.0/pico-sdk/src/rp2_common/pico_stdio_usb/stdio_usb.c.obj
                0x10004818                stdio_usb_set_chars_available_callback
 .text.usb_irq  0x1000482c       0x10 CMakeFiles/i2c_bus_scan.dir/C_/Users/giova/Pico_SDK_v1.5.0/pico-sdk/src/rp2_common/pico_stdio_usb/stdio_usb.c.obj
 .text.timer_task
                0x1000483c       0x58 CMakeFiles/i2c_bus_scan.dir/C_/Users/giova/Pico_SDK_v1.5.0/pico-sdk/src/rp2_common/pico_stdio_usb/stdio_usb.c.obj
 .text.low_priority_worker_irq
                0x10004894       0xd8 CMakeFiles/i2c_bus_scan.dir/C_/Users/giova/Pico_SDK_v1.5.0/pico-sdk/src/rp2_common/pico_stdio_usb/stdio_usb.c.obj
 .text.tud_cdc_rx_cb
                0x1000496c       0x20 CMakeFiles/i2c_bus_scan.dir/C_/Users/giova/Pico_SDK_v1.5.0/pico-sdk/src/rp2_common/pico_stdio_usb/stdio_usb.c.obj
                0x1000496c                tud_cdc_rx_cb
 .text.stdio_usb_init
                0x1000498c      0x12c CMakeFiles/i2c_bus_scan.dir/C_/Users/giova/Pico_SDK_v1.5.0/pico-sdk/src/rp2_common/pico_stdio_usb/stdio_usb.c.obj
                0x1000498c                stdio_usb_init
 .text.stdio_usb_connected
                0x10004ab8        0xa CMakeFiles/i2c_bus_scan.dir/C_/Users/giova/Pico_SDK_v1.5.0/pico-sdk/src/rp2_common/pico_stdio_usb/stdio_usb.c.obj
                0x10004ab8                stdio_usb_connected
 *fill*         0x10004ac2        0x2 
 .text.stdio_usb_in_chars
                0x10004ac4       0xc4 CMakeFiles/i2c_bus_scan.dir/C_/Users/giova/Pico_SDK_v1.5.0/pico-sdk/src/rp2_common/pico_stdio_usb/stdio_usb.c.obj
                0x10004ac4                stdio_usb_in_chars
 .text.stdio_usb_out_chars
                0x10004b88      0x114 CMakeFiles/i2c_bus_scan.dir/C_/Users/giova/Pico_SDK_v1.5.0/pico-sdk/src/rp2_common/pico_stdio_usb/stdio_usb.c.obj
 .text.tud_descriptor_device_cb
                0x10004c9c        0x8 CMakeFiles/i2c_bus_scan.dir/C_/Users/giova/Pico_SDK_v1.5.0/pico-sdk/src/rp2_common/pico_stdio_usb/stdio_usb_descriptors.c.obj
                0x10004c9c                tud_descriptor_device_cb
 .text.tud_descriptor_configuration_cb
                0x10004ca4        0x8 CMakeFiles/i2c_bus_scan.dir/C_/Users/giova/Pico_SDK_v1.5.0/pico-sdk/src/rp2_common/pico_stdio_usb/stdio_usb_descriptors.c.obj
                0x10004ca4                tud_descriptor_configuration_cb
 .text.tud_descriptor_string_cb
                0x10004cac       0x6c CMakeFiles/i2c_bus_scan.dir/C_/Users/giova/Pico_SDK_v1.5.0/pico-sdk/src/rp2_common/pico_stdio_usb/stdio_usb_descriptors.c.obj
                0x10004cac                tud_descriptor_string_cb
 .text._retrieve_unique_id_on_boot
                0x10004d18       0x10 CMakeFiles/i2c_bus_scan.dir/C_/Users/giova/Pico_SDK_v1.5.0/pico-sdk/src/rp2_common/pico_unique_id/unique_id.c.obj
 .text.pico_get_unique_board_id_string
                0x10004d28       0x60 CMakeFiles/i2c_bus_scan.dir/C_/Users/giova/Pico_SDK_v1.5.0/pico-sdk/src/rp2_common/pico_unique_id/unique_id.c.obj
                0x10004d28                pico_get_unique_board_id_string
 .text.flash_get_unique_id
                0x10004d88       0x46 CMakeFiles/i2c_bus_scan.dir/C_/Users/giova/Pico_SDK_v1.5.0/pico-sdk/src/rp2_common/hardware_flash/flash.c.obj
                0x10004d88                flash_get_unique_id
 *fill*         0x10004dce        0x2 
 .text.hw_endpoint_get_by_addr
                0x10004dd0       0x18 CMakeFiles/i2c_bus_scan.dir/C_/Users/giova/Pico_SDK_v1.5.0/pico-sdk/lib/tinyusb/src/portable/raspberrypi/rp2040/dcd_rp2040.c.obj
 .text._hw_endpoint_alloc
                0x10004de8       0x70 CMakeFiles/i2c_bus_scan.dir/C_/Users/giova/Pico_SDK_v1.5.0/pico-sdk/lib/tinyusb/src/portable/raspberrypi/rp2040/dcd_rp2040.c.obj
 .text.hw_endpoint_init
                0x10004e58       0x88 CMakeFiles/i2c_bus_scan.dir/C_/Users/giova/Pico_SDK_v1.5.0/pico-sdk/lib/tinyusb/src/portable/raspberrypi/rp2040/dcd_rp2040.c.obj
 .text.hw_endpoint_xfer
                0x10004ee0       0x14 CMakeFiles/i2c_bus_scan.dir/C_/Users/giova/Pico_SDK_v1.5.0/pico-sdk/lib/tinyusb/src/portable/raspberrypi/rp2040/dcd_rp2040.c.obj
 .text.dcd_int_enable
                0x10004ef4       0x2c CMakeFiles/i2c_bus_scan.dir/C_/Users/giova/Pico_SDK_v1.5.0/pico-sdk/lib/tinyusb/src/portable/raspberrypi/rp2040/dcd_rp2040.c.obj
                0x10004ef4                dcd_int_enable
 .text.dcd_set_address
                0x10004f20       0x2c CMakeFiles/i2c_bus_scan.dir/C_/Users/giova/Pico_SDK_v1.5.0/pico-sdk/lib/tinyusb/src/portable/raspberrypi/rp2040/dcd_rp2040.c.obj
                0x10004f20                dcd_set_address
 .text.dcd_connect
                0x10004f4c       0x10 CMakeFiles/i2c_bus_scan.dir/C_/Users/giova/Pico_SDK_v1.5.0/pico-sdk/lib/tinyusb/src/portable/raspberrypi/rp2040/dcd_rp2040.c.obj
                0x10004f4c                dcd_connect
 .text.dcd_init
                0x10004f5c       0x80 CMakeFiles/i2c_bus_scan.dir/C_/Users/giova/Pico_SDK_v1.5.0/pico-sdk/lib/tinyusb/src/portable/raspberrypi/rp2040/dcd_rp2040.c.obj
                0x10004f5c                dcd_init
 .text.dcd_edpt0_status_complete
                0x10004fdc       0x1c CMakeFiles/i2c_bus_scan.dir/C_/Users/giova/Pico_SDK_v1.5.0/pico-sdk/lib/tinyusb/src/portable/raspberrypi/rp2040/dcd_rp2040.c.obj
                0x10004fdc                dcd_edpt0_status_complete
 .text.dcd_edpt_open
                0x10004ff8       0x40 CMakeFiles/i2c_bus_scan.dir/C_/Users/giova/Pico_SDK_v1.5.0/pico-sdk/lib/tinyusb/src/portable/raspberrypi/rp2040/dcd_rp2040.c.obj
                0x10004ff8                dcd_edpt_open
 .text.dcd_edpt_close_all
                0x10005038        0x8 CMakeFiles/i2c_bus_scan.dir/C_/Users/giova/Pico_SDK_v1.5.0/pico-sdk/lib/tinyusb/src/portable/raspberrypi/rp2040/dcd_rp2040.c.obj
                0x10005038                dcd_edpt_close_all
 .text.dcd_edpt_xfer
                0x10005040       0x34 CMakeFiles/i2c_bus_scan.dir/C_/Users/giova/Pico_SDK_v1.5.0/pico-sdk/lib/tinyusb/src/portable/raspberrypi/rp2040/dcd_rp2040.c.obj
                0x10005040                dcd_edpt_xfer
 .text.dcd_edpt_stall
                0x10005074       0x2c CMakeFiles/i2c_bus_scan.dir/C_/Users/giova/Pico_SDK_v1.5.0/pico-sdk/lib/tinyusb/src/portable/raspberrypi/rp2040/dcd_rp2040.c.obj
                0x10005074                dcd_edpt_stall
 .text.dcd_edpt_clear_stall
                0x100050a0       0x20 CMakeFiles/i2c_bus_scan.dir/C_/Users/giova/Pico_SDK_v1.5.0/pico-sdk/lib/tinyusb/src/portable/raspberrypi/rp2040/dcd_rp2040.c.obj
                0x100050a0                dcd_edpt_clear_stall
 .text.rp2040_usb_init
                0x100050c0       0x4c CMakeFiles/i2c_bus_scan.dir/C_/Users/giova/Pico_SDK_v1.5.0/pico-sdk/lib/tinyusb/src/portable/raspberrypi/rp2040/rp2040_usb.c.obj
                0x100050c0                rp2040_usb_init
 .text.hw_endpoint_xfer_start
                0x1000510c       0x50 CMakeFiles/i2c_bus_scan.dir/C_/Users/giova/Pico_SDK_v1.5.0/pico-sdk/lib/tinyusb/src/portable/raspberrypi/rp2040/rp2040_usb.c.obj
                0x1000510c                hw_endpoint_xfer_start
 .text.configuration_reset
                0x1000515c       0x84 CMakeFiles/i2c_bus_scan.dir/C_/Users/giova/Pico_SDK_v1.5.0/pico-sdk/lib/tinyusb/src/device/usbd.c.obj
 .text.usbd_reset
                0x100051e0        0xc CMakeFiles/i2c_bus_scan.dir/C_/Users/giova/Pico_SDK_v1.5.0/pico-sdk/lib/tinyusb/src/device/usbd.c.obj
 .text.invoke_class_control
                0x100051ec       0x1a CMakeFiles/i2c_bus_scan.dir/C_/Users/giova/Pico_SDK_v1.5.0/pico-sdk/lib/tinyusb/src/device/usbd.c.obj
 *fill*         0x10005206        0x2 
 .text.process_set_config
                0x10005208      0x178 CMakeFiles/i2c_bus_scan.dir/C_/Users/giova/Pico_SDK_v1.5.0/pico-sdk/lib/tinyusb/src/device/usbd.c.obj
 .text.process_get_descriptor
                0x10005380       0xdc CMakeFiles/i2c_bus_scan.dir/C_/Users/giova/Pico_SDK_v1.5.0/pico-sdk/lib/tinyusb/src/device/usbd.c.obj
 .text.tud_mounted
                0x1000545c       0x10 CMakeFiles/i2c_bus_scan.dir/C_/Users/giova/Pico_SDK_v1.5.0/pico-sdk/lib/tinyusb/src/device/usbd.c.obj
                0x1000545c                tud_mounted
 .text.tud_suspended
                0x1000546c       0x10 CMakeFiles/i2c_bus_scan.dir/C_/Users/giova/Pico_SDK_v1.5.0/pico-sdk/lib/tinyusb/src/device/usbd.c.obj
                0x1000546c                tud_suspended
 .text.tud_inited
                0x1000547c       0x14 CMakeFiles/i2c_bus_scan.dir/C_/Users/giova/Pico_SDK_v1.5.0/pico-sdk/lib/tinyusb/src/device/usbd.c.obj
                0x1000547c                tud_inited
 .text.tud_init
                0x10005490       0xcc CMakeFiles/i2c_bus_scan.dir/C_/Users/giova/Pico_SDK_v1.5.0/pico-sdk/lib/tinyusb/src/device/usbd.c.obj
                0x10005490                tud_init
 .text.usbd_defer_func
                0x1000555c       0x2a CMakeFiles/i2c_bus_scan.dir/C_/Users/giova/Pico_SDK_v1.5.0/pico-sdk/lib/tinyusb/src/device/usbd.c.obj
                0x1000555c                usbd_defer_func
 *fill*         0x10005586        0x2 
 .text.usbd_edpt_open
                0x10005588       0x34 CMakeFiles/i2c_bus_scan.dir/C_/Users/giova/Pico_SDK_v1.5.0/pico-sdk/lib/tinyusb/src/device/usbd.c.obj
                0x10005588                usbd_edpt_open
 .text.usbd_open_edpt_pair
                0x100055bc       0x62 CMakeFiles/i2c_bus_scan.dir/C_/Users/giova/Pico_SDK_v1.5.0/pico-sdk/lib/tinyusb/src/device/usbd.c.obj
                0x100055bc                usbd_open_edpt_pair
 *fill*         0x1000561e        0x2 
 .text.usbd_edpt_claim
                0x10005620       0x28 CMakeFiles/i2c_bus_scan.dir/C_/Users/giova/Pico_SDK_v1.5.0/pico-sdk/lib/tinyusb/src/device/usbd.c.obj
                0x10005620                usbd_edpt_claim
 .text.usbd_edpt_release
                0x10005648       0x28 CMakeFiles/i2c_bus_scan.dir/C_/Users/giova/Pico_SDK_v1.5.0/pico-sdk/lib/tinyusb/src/device/usbd.c.obj
                0x10005648                usbd_edpt_release
 .text.usbd_edpt_xfer
                0x10005670       0x78 CMakeFiles/i2c_bus_scan.dir/C_/Users/giova/Pico_SDK_v1.5.0/pico-sdk/lib/tinyusb/src/device/usbd.c.obj
                0x10005670                usbd_edpt_xfer
 .text.usbd_edpt_stall
                0x100056e8       0x48 CMakeFiles/i2c_bus_scan.dir/C_/Users/giova/Pico_SDK_v1.5.0/pico-sdk/lib/tinyusb/src/device/usbd.c.obj
                0x100056e8                usbd_edpt_stall
 .text.usbd_edpt_clear_stall
                0x10005730       0x48 CMakeFiles/i2c_bus_scan.dir/C_/Users/giova/Pico_SDK_v1.5.0/pico-sdk/lib/tinyusb/src/device/usbd.c.obj
                0x10005730                usbd_edpt_clear_stall
 .text.usbd_edpt_stalled
                0x10005778       0x1c CMakeFiles/i2c_bus_scan.dir/C_/Users/giova/Pico_SDK_v1.5.0/pico-sdk/lib/tinyusb/src/device/usbd.c.obj
                0x10005778                usbd_edpt_stalled
 .text.process_control_request
                0x10005794      0x37c CMakeFiles/i2c_bus_scan.dir/C_/Users/giova/Pico_SDK_v1.5.0/pico-sdk/lib/tinyusb/src/device/usbd.c.obj
 .text.tud_task_ext
                0x10005b10      0x1b4 CMakeFiles/i2c_bus_scan.dir/C_/Users/giova/Pico_SDK_v1.5.0/pico-sdk/lib/tinyusb/src/device/usbd.c.obj
                0x10005b10                tud_task_ext
 .text._data_stage_xact
                0x10005cc4       0x58 CMakeFiles/i2c_bus_scan.dir/C_/Users/giova/Pico_SDK_v1.5.0/pico-sdk/lib/tinyusb/src/device/usbd_control.c.obj
 .text.tud_control_status
                0x10005d1c       0x38 CMakeFiles/i2c_bus_scan.dir/C_/Users/giova/Pico_SDK_v1.5.0/pico-sdk/lib/tinyusb/src/device/usbd_control.c.obj
                0x10005d1c                tud_control_status
 .text.tud_control_xfer
                0x10005d54       0x74 CMakeFiles/i2c_bus_scan.dir/C_/Users/giova/Pico_SDK_v1.5.0/pico-sdk/lib/tinyusb/src/device/usbd_control.c.obj
                0x10005d54                tud_control_xfer
 .text.usbd_control_reset
                0x10005dc8       0x14 CMakeFiles/i2c_bus_scan.dir/C_/Users/giova/Pico_SDK_v1.5.0/pico-sdk/lib/tinyusb/src/device/usbd_control.c.obj
                0x10005dc8                usbd_control_reset
 .text.usbd_control_set_complete_callback
                0x10005ddc        0xc CMakeFiles/i2c_bus_scan.dir/C_/Users/giova/Pico_SDK_v1.5.0/pico-sdk/lib/tinyusb/src/device/usbd_control.c.obj
                0x10005ddc                usbd_control_set_complete_callback
 .text.usbd_control_set_request
                0x10005de8       0x1c CMakeFiles/i2c_bus_scan.dir/C_/Users/giova/Pico_SDK_v1.5.0/pico-sdk/lib/tinyusb/src/device/usbd_control.c.obj
                0x10005de8                usbd_control_set_request
 .text.usbd_control_xfer_cb
                0x10005e04       0xcc CMakeFiles/i2c_bus_scan.dir/C_/Users/giova/Pico_SDK_v1.5.0/pico-sdk/lib/tinyusb/src/device/usbd_control.c.obj
                0x10005e04                usbd_control_xfer_cb
 .text._prep_out_transaction
                0x10005ed0       0x4a CMakeFiles/i2c_bus_scan.dir/C_/Users/giova/Pico_SDK_v1.5.0/pico-sdk/lib/tinyusb/src/class/cdc/cdc_device.c.obj
 *fill*         0x10005f1a        0x2 
 .text.tud_cdc_n_connected
                0x10005f1c       0x44 CMakeFiles/i2c_bus_scan.dir/C_/Users/giova/Pico_SDK_v1.5.0/pico-sdk/lib/tinyusb/src/class/cdc/cdc_device.c.obj
                0x10005f1c                tud_cdc_n_connected
 .text.tud_cdc_n_available
                0x10005f60       0x18 CMakeFiles/i2c_bus_scan.dir/C_/Users/giova/Pico_SDK_v1.5.0/pico-sdk/lib/tinyusb/src/class/cdc/cdc_device.c.obj
                0x10005f60                tud_cdc_n_available
 .text.tud_cdc_n_read
                0x10005f78       0x28 CMakeFiles/i2c_bus_scan.dir/C_/Users/giova/Pico_SDK_v1.5.0/pico-sdk/lib/tinyusb/src/class/cdc/cdc_device.c.obj
                0x10005f78                tud_cdc_n_read
 .text.tud_cdc_n_write_flush
                0x10005fa0       0xb8 CMakeFiles/i2c_bus_scan.dir/C_/Users/giova/Pico_SDK_v1.5.0/pico-sdk/lib/tinyusb/src/class/cdc/cdc_device.c.obj
                0x10005fa0                tud_cdc_n_write_flush
 .text.tud_cdc_n_write
                0x10006058       0x38 CMakeFiles/i2c_bus_scan.dir/C_/Users/giova/Pico_SDK_v1.5.0/pico-sdk/lib/tinyusb/src/class/cdc/cdc_device.c.obj
                0x10006058                tud_cdc_n_write
 .text.tud_cdc_n_write_available
                0x10006090       0x1c CMakeFiles/i2c_bus_scan.dir/C_/Users/giova/Pico_SDK_v1.5.0/pico-sdk/lib/tinyusb/src/class/cdc/cdc_device.c.obj
                0x10006090                tud_cdc_n_write_available
 .text.cdcd_init
                0x100060ac       0xbc CMakeFiles/i2c_bus_scan.dir/C_/Users/giova/Pico_SDK_v1.5.0/pico-sdk/lib/tinyusb/src/class/cdc/cdc_device.c.obj
                0x100060ac                cdcd_init
 .text.cdcd_reset
                0x10006168       0x44 CMakeFiles/i2c_bus_scan.dir/C_/Users/giova/Pico_SDK_v1.5.0/pico-sdk/lib/tinyusb/src/class/cdc/cdc_device.c.obj
                0x10006168                cdcd_reset
 .text.cdcd_open
                0x100061ac       0xcc CMakeFiles/i2c_bus_scan.dir/C_/Users/giova/Pico_SDK_v1.5.0/pico-sdk/lib/tinyusb/src/class/cdc/cdc_device.c.obj
                0x100061ac                cdcd_open
 .text.cdcd_control_xfer_cb
                0x10006278      0x134 CMakeFiles/i2c_bus_scan.dir/C_/Users/giova/Pico_SDK_v1.5.0/pico-sdk/lib/tinyusb/src/class/cdc/cdc_device.c.obj
                0x10006278                cdcd_control_xfer_cb
 .text.cdcd_xfer_cb
                0x100063ac      0x130 CMakeFiles/i2c_bus_scan.dir/C_/Users/giova/Pico_SDK_v1.5.0/pico-sdk/lib/tinyusb/src/class/cdc/cdc_device.c.obj
                0x100063ac                cdcd_xfer_cb
 .text.tusb_init
                0x100064dc        0xa CMakeFiles/i2c_bus_scan.dir/C_/Users/giova/Pico_SDK_v1.5.0/pico-sdk/lib/tinyusb/src/tusb.c.obj
                0x100064dc                tusb_init
 .text.tusb_inited
                0x100064e6        0xe CMakeFiles/i2c_bus_scan.dir/C_/Users/giova/Pico_SDK_v1.5.0/pico-sdk/lib/tinyusb/src/tusb.c.obj
                0x100064e6                tusb_inited
 .text.tu_edpt_claim
                0x100064f4       0x50 CMakeFiles/i2c_bus_scan.dir/C_/Users/giova/Pico_SDK_v1.5.0/pico-sdk/lib/tinyusb/src/tusb.c.obj
                0x100064f4                tu_edpt_claim
 .text.tu_edpt_release
                0x10006544       0x3c CMakeFiles/i2c_bus_scan.dir/C_/Users/giova/Pico_SDK_v1.5.0/pico-sdk/lib/tinyusb/src/tusb.c.obj
                0x10006544                tu_edpt_release
 .text.tu_edpt_validate
                0x10006580       0x78 CMakeFiles/i2c_bus_scan.dir/C_/Users/giova/Pico_SDK_v1.5.0/pico-sdk/lib/tinyusb/src/tusb.c.obj
                0x10006580                tu_edpt_validate
 .text.tu_edpt_bind_driver
                0x100065f8       0x26 CMakeFiles/i2c_bus_scan.dir/C_/Users/giova/Pico_SDK_v1.5.0/pico-sdk/lib/tinyusb/src/tusb.c.obj
                0x100065f8                tu_edpt_bind_driver
 .text.advance_index
                0x1000661e       0x1a CMakeFiles/i2c_bus_scan.dir/C_/Users/giova/Pico_SDK_v1.5.0/pico-sdk/lib/tinyusb/src/common/tusb_fifo.c.obj
 .text._tu_fifo_peek
                0x10006638       0x56 CMakeFiles/i2c_bus_scan.dir/C_/Users/giova/Pico_SDK_v1.5.0/pico-sdk/lib/tinyusb/src/common/tusb_fifo.c.obj
 .text._ff_pull_const_addr
                0x1000668e       0x4c CMakeFiles/i2c_bus_scan.dir/C_/Users/giova/Pico_SDK_v1.5.0/pico-sdk/lib/tinyusb/src/common/tusb_fifo.c.obj
 .text._ff_pull_n
                0x100066da      0x110 CMakeFiles/i2c_bus_scan.dir/C_/Users/giova/Pico_SDK_v1.5.0/pico-sdk/lib/tinyusb/src/common/tusb_fifo.c.obj
 .text._tu_fifo_peek_n
                0x100067ea       0x6a CMakeFiles/i2c_bus_scan.dir/C_/Users/giova/Pico_SDK_v1.5.0/pico-sdk/lib/tinyusb/src/common/tusb_fifo.c.obj
 .text._tu_fifo_read_n
                0x10006854       0x4e CMakeFiles/i2c_bus_scan.dir/C_/Users/giova/Pico_SDK_v1.5.0/pico-sdk/lib/tinyusb/src/common/tusb_fifo.c.obj
 .text._ff_push_const_addr
                0x100068a2       0x40 CMakeFiles/i2c_bus_scan.dir/C_/Users/giova/Pico_SDK_v1.5.0/pico-sdk/lib/tinyusb/src/common/tusb_fifo.c.obj
 .text._ff_push_n
                0x100068e2      0x10c CMakeFiles/i2c_bus_scan.dir/C_/Users/giova/Pico_SDK_v1.5.0/pico-sdk/lib/tinyusb/src/common/tusb_fifo.c.obj
 .text._tu_fifo_write_n
                0x100069ee       0xf0 CMakeFiles/i2c_bus_scan.dir/C_/Users/giova/Pico_SDK_v1.5.0/pico-sdk/lib/tinyusb/src/common/tusb_fifo.c.obj
 .text.tu_fifo_config
                0x10006ade       0x7c CMakeFiles/i2c_bus_scan.dir/C_/Users/giova/Pico_SDK_v1.5.0/pico-sdk/lib/tinyusb/src/common/tusb_fifo.c.obj
                0x10006ade                tu_fifo_config
 .text.tu_fifo_count
                0x10006b5a       0x2a CMakeFiles/i2c_bus_scan.dir/C_/Users/giova/Pico_SDK_v1.5.0/pico-sdk/lib/tinyusb/src/common/tusb_fifo.c.obj
                0x10006b5a                tu_fifo_count
 .text.tu_fifo_empty
                0x10006b84       0x10 CMakeFiles/i2c_bus_scan.dir/C_/Users/giova/Pico_SDK_v1.5.0/pico-sdk/lib/tinyusb/src/common/tusb_fifo.c.obj
                0x10006b84                tu_fifo_empty
 .text.tu_fifo_full
                0x10006b94       0x28 CMakeFiles/i2c_bus_scan.dir/C_/Users/giova/Pico_SDK_v1.5.0/pico-sdk/lib/tinyusb/src/common/tusb_fifo.c.obj
                0x10006b94                tu_fifo_full
 .text.tu_fifo_remaining
                0x10006bbc       0x2c CMakeFiles/i2c_bus_scan.dir/C_/Users/giova/Pico_SDK_v1.5.0/pico-sdk/lib/tinyusb/src/common/tusb_fifo.c.obj
                0x10006bbc                tu_fifo_remaining
 .text.tu_fifo_read
                0x10006be8       0x42 CMakeFiles/i2c_bus_scan.dir/C_/Users/giova/Pico_SDK_v1.5.0/pico-sdk/lib/tinyusb/src/common/tusb_fifo.c.obj
                0x10006be8                tu_fifo_read
 .text.tu_fifo_read_n
                0x10006c2a        0xa CMakeFiles/i2c_bus_scan.dir/C_/Users/giova/Pico_SDK_v1.5.0/pico-sdk/lib/tinyusb/src/common/tusb_fifo.c.obj
                0x10006c2a                tu_fifo_read_n
 .text.tu_fifo_write
                0x10006c34       0x64 CMakeFiles/i2c_bus_scan.dir/C_/Users/giova/Pico_SDK_v1.5.0/pico-sdk/lib/tinyusb/src/common/tusb_fifo.c.obj
                0x10006c34                tu_fifo_write
 .text.tu_fifo_write_n
                0x10006c98        0xa CMakeFiles/i2c_bus_scan.dir/C_/Users/giova/Pico_SDK_v1.5.0/pico-sdk/lib/tinyusb/src/common/tusb_fifo.c.obj
                0x10006c98                tu_fifo_write_n
 .text.tu_fifo_clear
                0x10006ca2       0x3e CMakeFiles/i2c_bus_scan.dir/C_/Users/giova/Pico_SDK_v1.5.0/pico-sdk/lib/tinyusb/src/common/tusb_fifo.c.obj
                0x10006ca2                tu_fifo_clear
 .text.tu_fifo_set_overwritable
                0x10006ce0       0x46 CMakeFiles/i2c_bus_scan.dir/C_/Users/giova/Pico_SDK_v1.5.0/pico-sdk/lib/tinyusb/src/common/tusb_fifo.c.obj
                0x10006ce0                tu_fifo_set_overwritable
 .text.i2c_read_blocking_internal
                0x10006d26       0xe6 CMakeFiles/i2c_bus_scan.dir/C_/Users/giova/Pico_SDK_v1.5.0/pico-sdk/src/rp2_common/hardware_i2c/i2c.c.obj
 .text.i2c_set_baudrate
                0x10006e0c       0xf0 CMakeFiles/i2c_bus_scan.dir/C_/Users/giova/Pico_SDK_v1.5.0/pico-sdk/src/rp2_common/hardware_i2c/i2c.c.obj
                0x10006e0c                i2c_set_baudrate
 .text.i2c_init
                0x10006efc       0x58 CMakeFiles/i2c_bus_scan.dir/C_/Users/giova/Pico_SDK_v1.5.0/pico-sdk/src/rp2_common/hardware_i2c/i2c.c.obj
                0x10006efc                i2c_init
 .text.i2c_read_blocking
                0x10006f54       0x18 CMakeFiles/i2c_bus_scan.dir/C_/Users/giova/Pico_SDK_v1.5.0/pico-sdk/src/rp2_common/hardware_i2c/i2c.c.obj
                0x10006f54                i2c_read_blocking
 .text.strlen   0x10006f6c       0x5c c:/users/giova/picosd~1.0/gcc-ar~1/bin/../lib/gcc/arm-none-eabi/10.3.1/../../../../arm-none-eabi/lib/thumb/v6-m/nofp\libg.a(lib_a-strlen-stub.o)
                0x10006f6c                strlen
 *(.fini)
 .fini          0x10006fc8        0x4 c:/users/giova/picosd~1.0/gcc-ar~1/bin/../lib/gcc/arm-none-eabi/10.3.1/thumb/v6-m/nofp/crti.o
                0x10006fc8                _fini
 *fill*         0x10006fcc        0x4 
 .fini.__stub   0x10006fd0       0xe0 linker stubs
 *crtbegin.o(.ctors)
 *crtbegin?.o(.ctors)
 *(EXCLUDE_FILE(*crtend.o *crtend?.o) .ctors)
 *(SORT_BY_NAME(.ctors.*))
 *(.ctors)
 *crtbegin.o(.dtors)
 *crtbegin?.o(.dtors)
 *(EXCLUDE_FILE(*crtend.o *crtend?.o) .dtors)
 *(SORT_BY_NAME(.dtors.*))
 *(.dtors)
 *(.eh_frame*)
 .eh_frame      0x100070b0        0x0 c:/users/giova/picosd~1.0/gcc-ar~1/bin/../lib/gcc/arm-none-eabi/10.3.1/thumb/v6-m/nofp/crtbegin.o
                0x100070b0                . = ALIGN (0x4)

.glue_7         0x100070b0        0x0
 .glue_7        0x100070b0        0x0 linker stubs

.glue_7t        0x100070b0        0x0
 .glue_7t       0x100070b0        0x0 linker stubs

.vfp11_veneer   0x100070b0        0x0
 .vfp11_veneer  0x100070b0        0x0 linker stubs

.v4_bx          0x100070b0        0x0
 .v4_bx         0x100070b0        0x0 linker stubs

.iplt           0x100070b0        0x0
 .iplt          0x100070b0        0x0 c:/users/giova/picosd~1.0/gcc-ar~1/bin/../lib/gcc/arm-none-eabi/10.3.1/thumb/v6-m/nofp/crtbegin.o

.rodata         0x100070b0     0x174c
 *(EXCLUDE_FILE(*libm.a: *libc.a:*lib_a-mem*.o *libgcc.a:) .rodata*)
 .rodata.main.str1.4
                0x100070b0       0x82 CMakeFiles/i2c_bus_scan.dir/bus_scan.c.obj
                                 0x86 (size before relaxing)
 *fill*         0x10007132        0x2 
 .rodata.__bi_54.0
                0x10007134        0x8 CMakeFiles/i2c_bus_scan.dir/bus_scan.c.obj
 .rodata.spin_lock_claim_unused.str1.4
                0x1000713c       0x1b CMakeFiles/i2c_bus_scan.dir/C_/Users/giova/Pico_SDK_v1.5.0/pico-sdk/src/rp2_common/hardware_sync/sync.c.obj
 *fill*         0x10007157        0x1 
 .rodata.make_branch.str1.4
                0x10007158       0x7a CMakeFiles/i2c_bus_scan.dir/C_/Users/giova/Pico_SDK_v1.5.0/pico-sdk/src/rp2_common/hardware_irq/irq.c.obj
 *fill*         0x100071d2        0x2 
 .rodata.insert_branch_and_link.str1.4
                0x100071d4       0x10 CMakeFiles/i2c_bus_scan.dir/C_/Users/giova/Pico_SDK_v1.5.0/pico-sdk/src/rp2_common/hardware_irq/irq.c.obj
 .rodata.irq_set_exclusive_handler.str1.4
                0x100071e4       0x36 CMakeFiles/i2c_bus_scan.dir/C_/Users/giova/Pico_SDK_v1.5.0/pico-sdk/src/rp2_common/hardware_irq/irq.c.obj
 *fill*         0x1000721a        0x2 
 .rodata.irq_add_shared_handler.str1.4
                0x1000721c       0xd9 CMakeFiles/i2c_bus_scan.dir/C_/Users/giova/Pico_SDK_v1.5.0/pico-sdk/src/rp2_common/hardware_irq/irq.c.obj
 *fill*         0x100072f5        0x3 
 .rodata.irq_remove_handler.str1.4
                0x100072f8       0x3a CMakeFiles/i2c_bus_scan.dir/C_/Users/giova/Pico_SDK_v1.5.0/pico-sdk/src/rp2_common/hardware_irq/irq.c.obj
 *fill*         0x10007332        0x2 
 .rodata.irq_add_tail_to_free_list.str1.4
                0x10007334       0x3a CMakeFiles/i2c_bus_scan.dir/C_/Users/giova/Pico_SDK_v1.5.0/pico-sdk/src/rp2_common/hardware_irq/irq.c.obj
 *fill*         0x1000736e        0x2 
 .rodata.user_irq_claim_unused.str1.4
                0x10007370       0x1b CMakeFiles/i2c_bus_scan.dir/C_/Users/giova/Pico_SDK_v1.5.0/pico-sdk/src/rp2_common/hardware_irq/irq.c.obj
 *fill*         0x1000738b        0x1 
 .rodata.__func__.0
                0x1000738c       0x1a CMakeFiles/i2c_bus_scan.dir/C_/Users/giova/Pico_SDK_v1.5.0/pico-sdk/src/rp2_common/hardware_irq/irq.c.obj
 *fill*         0x100073a6        0x2 
 .rodata.__func__.1
                0x100073a8       0x17 CMakeFiles/i2c_bus_scan.dir/C_/Users/giova/Pico_SDK_v1.5.0/pico-sdk/src/rp2_common/hardware_irq/irq.c.obj
 *fill*         0x100073bf        0x1 
 .rodata.__func__.2
                0x100073c0       0x13 CMakeFiles/i2c_bus_scan.dir/C_/Users/giova/Pico_SDK_v1.5.0/pico-sdk/src/rp2_common/hardware_irq/irq.c.obj
 *fill*         0x100073d3        0x1 
 .rodata.__func__.3
                0x100073d4        0xc CMakeFiles/i2c_bus_scan.dir/C_/Users/giova/Pico_SDK_v1.5.0/pico-sdk/src/rp2_common/hardware_irq/irq.c.obj
 .rodata.__func__.4
                0x100073e0        0xf CMakeFiles/i2c_bus_scan.dir/C_/Users/giova/Pico_SDK_v1.5.0/pico-sdk/src/rp2_common/hardware_irq/irq.c.obj
 *fill*         0x100073ef        0x1 
 .rodata.__func__.5
                0x100073f0       0x17 CMakeFiles/i2c_bus_scan.dir/C_/Users/giova/Pico_SDK_v1.5.0/pico-sdk/src/rp2_common/hardware_irq/irq.c.obj
 *fill*         0x10007407        0x1 
 .rodata.__func__.6
                0x10007408       0x1a CMakeFiles/i2c_bus_scan.dir/C_/Users/giova/Pico_SDK_v1.5.0/pico-sdk/src/rp2_common/hardware_irq/irq.c.obj
 *fill*         0x10007422        0x2 
 .rodata.str1.4
                0x10007424      0x109 CMakeFiles/i2c_bus_scan.dir/C_/Users/giova/Pico_SDK_v1.5.0/pico-sdk/src/common/pico_sync/mutex.c.obj
 *fill*         0x1000752d        0x3 
 .rodata.__func__.1
                0x10007530        0xb CMakeFiles/i2c_bus_scan.dir/C_/Users/giova/Pico_SDK_v1.5.0/pico-sdk/src/common/pico_sync/mutex.c.obj
 *fill*         0x1000753b        0x1 
 .rodata.__func__.3
                0x1000753c       0x18 CMakeFiles/i2c_bus_scan.dir/C_/Users/giova/Pico_SDK_v1.5.0/pico-sdk/src/common/pico_sync/mutex.c.obj
 .rodata.__func__.4
                0x10007554       0x15 CMakeFiles/i2c_bus_scan.dir/C_/Users/giova/Pico_SDK_v1.5.0/pico-sdk/src/common/pico_sync/mutex.c.obj
 *fill*         0x10007569        0x3 
 .rodata.repeating_timer_callback.str1.4
                0x1000756c       0x58 CMakeFiles/i2c_bus_scan.dir/C_/Users/giova/Pico_SDK_v1.5.0/pico-sdk/src/common/pico_time/time.c.obj
 .rodata.timer_pool_entry_comparator.str1.4
                0x100075c4       0x22 CMakeFiles/i2c_bus_scan.dir/C_/Users/giova/Pico_SDK_v1.5.0/pico-sdk/src/common/pico_time/time.c.obj
 *fill*         0x100075e6        0x2 
 .rodata.ph_add_child_node.str1.4
                0x100075e8       0xa2 CMakeFiles/i2c_bus_scan.dir/C_/Users/giova/Pico_SDK_v1.5.0/pico-sdk/src/common/pico_time/time.c.obj
 *fill*         0x1000768a        0x2 
 .rodata.add_alarm_under_lock.str1.4
                0x1000768c       0x28 CMakeFiles/i2c_bus_scan.dir/C_/Users/giova/Pico_SDK_v1.5.0/pico-sdk/src/common/pico_time/time.c.obj
                                 0x2b (size before relaxing)
 .rodata.alarm_pool_alarm_callback.str1.4
                0x100076b4       0x98 CMakeFiles/i2c_bus_scan.dir/C_/Users/giova/Pico_SDK_v1.5.0/pico-sdk/src/common/pico_time/time.c.obj
                                0x108 (size before relaxing)
 .rodata.alarm_pool_get_default.str1.4
                0x1000774c       0x21 CMakeFiles/i2c_bus_scan.dir/C_/Users/giova/Pico_SDK_v1.5.0/pico-sdk/src/common/pico_time/time.c.obj
 *fill*         0x1000776d        0x3 
 .rodata.alarm_pool_cancel_alarm.str1.4
                0x10007770       0x27 CMakeFiles/i2c_bus_scan.dir/C_/Users/giova/Pico_SDK_v1.5.0/pico-sdk/src/common/pico_time/time.c.obj
 *fill*         0x10007797        0x1 
 .rodata.sleep_until.str1.4
                0x10007798       0x4d CMakeFiles/i2c_bus_scan.dir/C_/Users/giova/Pico_SDK_v1.5.0/pico-sdk/src/common/pico_time/time.c.obj
 *fill*         0x100077e5        0x3 
 .rodata.__func__.1
                0x100077e8       0x18 CMakeFiles/i2c_bus_scan.dir/C_/Users/giova/Pico_SDK_v1.5.0/pico-sdk/src/common/pico_time/time.c.obj
 .rodata.__func__.10
                0x10007800       0x15 CMakeFiles/i2c_bus_scan.dir/C_/Users/giova/Pico_SDK_v1.5.0/pico-sdk/src/common/pico_time/time.c.obj
 *fill*         0x10007815        0x3 
 .rodata.__func__.11
                0x10007818       0x1a CMakeFiles/i2c_bus_scan.dir/C_/Users/giova/Pico_SDK_v1.5.0/pico-sdk/src/common/pico_time/time.c.obj
 *fill*         0x10007832        0x2 
 .rodata.__func__.12
                0x10007834        0xa CMakeFiles/i2c_bus_scan.dir/C_/Users/giova/Pico_SDK_v1.5.0/pico-sdk/src/common/pico_time/time.c.obj
 *fill*         0x1000783e        0x2 
 .rodata.__func__.3
                0x10007840       0x17 CMakeFiles/i2c_bus_scan.dir/C_/Users/giova/Pico_SDK_v1.5.0/pico-sdk/src/common/pico_time/time.c.obj
 *fill*         0x10007857        0x1 
 .rodata.__func__.4
                0x10007858       0x12 CMakeFiles/i2c_bus_scan.dir/C_/Users/giova/Pico_SDK_v1.5.0/pico-sdk/src/common/pico_time/time.c.obj
 *fill*         0x1000786a        0x2 
 .rodata.__func__.5
                0x1000786c        0xd CMakeFiles/i2c_bus_scan.dir/C_/Users/giova/Pico_SDK_v1.5.0/pico-sdk/src/common/pico_time/time.c.obj
 *fill*         0x10007879        0x3 
 .rodata.__func__.6
                0x1000787c       0x12 CMakeFiles/i2c_bus_scan.dir/C_/Users/giova/Pico_SDK_v1.5.0/pico-sdk/src/common/pico_time/time.c.obj
 *fill*         0x1000788e        0x2 
 .rodata.__func__.7
                0x10007890        0xf CMakeFiles/i2c_bus_scan.dir/C_/Users/giova/Pico_SDK_v1.5.0/pico-sdk/src/common/pico_time/time.c.obj
 *fill*         0x1000789f        0x1 
 .rodata.__func__.8
                0x100078a0        0xc CMakeFiles/i2c_bus_scan.dir/C_/Users/giova/Pico_SDK_v1.5.0/pico-sdk/src/common/pico_time/time.c.obj
 .rodata.__func__.9
                0x100078ac       0x15 CMakeFiles/i2c_bus_scan.dir/C_/Users/giova/Pico_SDK_v1.5.0/pico-sdk/src/common/pico_time/time.c.obj
 *fill*         0x100078c1        0x3 
 .rodata.hardware_alarm_claim.str1.4
                0x100078c4       0x22 CMakeFiles/i2c_bus_scan.dir/C_/Users/giova/Pico_SDK_v1.5.0/pico-sdk/src/rp2_common/hardware_timer/timer.c.obj
 *fill*         0x100078e6        0x2 
 .rodata.hardware_alarm_set_target.str1.4
                0x100078e8       0x72 CMakeFiles/i2c_bus_scan.dir/C_/Users/giova/Pico_SDK_v1.5.0/pico-sdk/src/rp2_common/hardware_timer/timer.c.obj
 *fill*         0x1000795a        0x2 
 .rodata.__func__.0
                0x1000795c       0x1a CMakeFiles/i2c_bus_scan.dir/C_/Users/giova/Pico_SDK_v1.5.0/pico-sdk/src/rp2_common/hardware_timer/timer.c.obj
 .rodata.ph_add_child_node.str1.4
                0x10007976       0xa2 CMakeFiles/i2c_bus_scan.dir/C_/Users/giova/Pico_SDK_v1.5.0/pico-sdk/src/common/pico_util/pheap.c.obj
 *fill*         0x10007976        0x2 
 .rodata.ph_remove_any_head.str1.4
                0x10007978       0x9c CMakeFiles/i2c_bus_scan.dir/C_/Users/giova/Pico_SDK_v1.5.0/pico-sdk/src/common/pico_util/pheap.c.obj
                                 0xb0 (size before relaxing)
 .rodata.ph_remove_and_free_node.str1.4
                0x10007a14       0x1e CMakeFiles/i2c_bus_scan.dir/C_/Users/giova/Pico_SDK_v1.5.0/pico-sdk/src/common/pico_util/pheap.c.obj
                                 0x26 (size before relaxing)
 *fill*         0x10007a32        0x2 
 .rodata.__func__.0
                0x10007a34       0x18 CMakeFiles/i2c_bus_scan.dir/C_/Users/giova/Pico_SDK_v1.5.0/pico-sdk/src/common/pico_util/pheap.c.obj
 .rodata.__func__.1
                0x10007a4c       0x13 CMakeFiles/i2c_bus_scan.dir/C_/Users/giova/Pico_SDK_v1.5.0/pico-sdk/src/common/pico_util/pheap.c.obj
 *fill*         0x10007a5f        0x1 
 .rodata.__func__.2
                0x10007a60       0x12 CMakeFiles/i2c_bus_scan.dir/C_/Users/giova/Pico_SDK_v1.5.0/pico-sdk/src/common/pico_util/pheap.c.obj
 *fill*         0x10007a72        0x2 
 .rodata.__func__.3
                0x10007a74        0xc CMakeFiles/i2c_bus_scan.dir/C_/Users/giova/Pico_SDK_v1.5.0/pico-sdk/src/common/pico_util/pheap.c.obj
 .rodata.clock_configure.str1.4
                0x10007a80       0x64 CMakeFiles/i2c_bus_scan.dir/C_/Users/giova/Pico_SDK_v1.5.0/pico-sdk/src/rp2_common/hardware_clocks/clocks.c.obj
 .rodata.__func__.1
                0x10007ae4       0x10 CMakeFiles/i2c_bus_scan.dir/C_/Users/giova/Pico_SDK_v1.5.0/pico-sdk/src/rp2_common/hardware_clocks/clocks.c.obj
 .rodata.pll_init.str1.4
                0x10007af4      0x12f CMakeFiles/i2c_bus_scan.dir/C_/Users/giova/Pico_SDK_v1.5.0/pico-sdk/src/rp2_common/hardware_pll/pll.c.obj
 *fill*         0x10007c23        0x1 
 .rodata.__func__.0
                0x10007c24        0x9 CMakeFiles/i2c_bus_scan.dir/C_/Users/giova/Pico_SDK_v1.5.0/pico-sdk/src/rp2_common/hardware_pll/pll.c.obj
 *fill*         0x10007c2d        0x3 
 .rodata.__assert_func.str1.4
                0x10007c30       0x3f CMakeFiles/i2c_bus_scan.dir/C_/Users/giova/Pico_SDK_v1.5.0/pico-sdk/src/rp2_common/pico_runtime/runtime.c.obj
                                 0x43 (size before relaxing)
 *fill*         0x10007c6f        0x1 
 .rodata.runtime_init.str1.4
                0x10007c70       0x6e CMakeFiles/i2c_bus_scan.dir/C_/Users/giova/Pico_SDK_v1.5.0/pico-sdk/src/rp2_common/pico_runtime/runtime.c.obj
 *fill*         0x10007cde        0x2 
 .rodata.panic.str1.4
                0x10007ce0       0x10 CMakeFiles/i2c_bus_scan.dir/C_/Users/giova/Pico_SDK_v1.5.0/pico-sdk/src/rp2_common/pico_runtime/runtime.c.obj
                                 0x12 (size before relaxing)
 .rodata.__func__.2
                0x10007cf0        0xd CMakeFiles/i2c_bus_scan.dir/C_/Users/giova/Pico_SDK_v1.5.0/pico-sdk/src/rp2_common/pico_runtime/runtime.c.obj
 *fill*         0x10007cfd        0x3 
 .rodata._ftoa.str1.4
                0x10007d00       0x15 CMakeFiles/i2c_bus_scan.dir/C_/Users/giova/Pico_SDK_v1.5.0/pico-sdk/src/rp2_common/pico_printf/printf.c.obj
 *fill*         0x10007d15        0x3 
 .rodata._vsnprintf
                0x10007d18      0x1e0 CMakeFiles/i2c_bus_scan.dir/C_/Users/giova/Pico_SDK_v1.5.0/pico-sdk/src/rp2_common/pico_printf/printf.c.obj
 .rodata.pow10.0
                0x10007ef8       0x50 CMakeFiles/i2c_bus_scan.dir/C_/Users/giova/Pico_SDK_v1.5.0/pico-sdk/src/rp2_common/pico_printf/printf.c.obj
 .rodata.__aeabi_double_init.str1.4
                0x10007f48       0xb5 CMakeFiles/i2c_bus_scan.dir/C_/Users/giova/Pico_SDK_v1.5.0/pico-sdk/src/rp2_common/pico_double/double_init_rom.c.obj
 *fill*         0x10007ffd        0x3 
 .rodata.__func__.0
                0x10008000       0x14 CMakeFiles/i2c_bus_scan.dir/C_/Users/giova/Pico_SDK_v1.5.0/pico-sdk/src/rp2_common/pico_double/double_init_rom.c.obj
 .rodata.__aeabi_float_init.str1.4
                0x10008014       0x87 CMakeFiles/i2c_bus_scan.dir/C_/Users/giova/Pico_SDK_v1.5.0/pico-sdk/src/rp2_common/pico_float/float_init_rom.c.obj
                                 0x8b (size before relaxing)
 *fill*         0x1000809b        0x1 
 .rodata.__func__.0
                0x1000809c       0x13 CMakeFiles/i2c_bus_scan.dir/C_/Users/giova/Pico_SDK_v1.5.0/pico-sdk/src/rp2_common/pico_float/float_init_rom.c.obj
 *fill*         0x100080af        0x1 
 .rodata.str1.4
                0x100080b0       0x44 CMakeFiles/i2c_bus_scan.dir/C_/Users/giova/Pico_SDK_v1.5.0/pico-sdk/src/rp2_common/pico_standard_link/binary_info.c.obj
 .rodata.__bi_44
                0x100080f4        0xc CMakeFiles/i2c_bus_scan.dir/C_/Users/giova/Pico_SDK_v1.5.0/pico-sdk/src/rp2_common/pico_standard_link/binary_info.c.obj
 .rodata.__bi_75
                0x10008100        0xc CMakeFiles/i2c_bus_scan.dir/C_/Users/giova/Pico_SDK_v1.5.0/pico-sdk/src/rp2_common/pico_standard_link/binary_info.c.obj
 .rodata.__bi_81
                0x1000810c        0xc CMakeFiles/i2c_bus_scan.dir/C_/Users/giova/Pico_SDK_v1.5.0/pico-sdk/src/rp2_common/pico_standard_link/binary_info.c.obj
 .rodata.stdout_serialize_begin.str1.4
                0x10008118       0x6e CMakeFiles/i2c_bus_scan.dir/C_/Users/giova/Pico_SDK_v1.5.0/pico-sdk/src/rp2_common/pico_stdio/stdio.c.obj
 .rodata.__func__.3
                0x10008118       0x15 CMakeFiles/i2c_bus_scan.dir/C_/Users/giova/Pico_SDK_v1.5.0/pico-sdk/src/rp2_common/pico_stdio/stdio.c.obj
 *fill*         0x1000812d        0x3 
 .rodata.crlf_str.2
                0x10008130        0x2 CMakeFiles/i2c_bus_scan.dir/C_/Users/giova/Pico_SDK_v1.5.0/pico-sdk/src/rp2_common/pico_stdio/stdio.c.obj
 *fill*         0x10008132        0x2 
 .rodata._resetd_driver
                0x10008134       0x18 CMakeFiles/i2c_bus_scan.dir/C_/Users/giova/Pico_SDK_v1.5.0/pico-sdk/src/rp2_common/pico_stdio_usb/reset_interface.c.obj
 .rodata.low_priority_worker_irq.str1.4
                0x1000814c       0x6e CMakeFiles/i2c_bus_scan.dir/C_/Users/giova/Pico_SDK_v1.5.0/pico-sdk/src/rp2_common/pico_stdio_usb/stdio_usb.c.obj
 .rodata.stdio_usb_init.str1.4
                0x1000814c       0x52 CMakeFiles/i2c_bus_scan.dir/C_/Users/giova/Pico_SDK_v1.5.0/pico-sdk/src/rp2_common/pico_stdio_usb/stdio_usb.c.obj
                                 0x5a (size before relaxing)
 *fill*         0x1000819e        0x2 
 .rodata.str1.4
                0x100081a0       0x13 CMakeFiles/i2c_bus_scan.dir/C_/Users/giova/Pico_SDK_v1.5.0/pico-sdk/src/rp2_common/pico_stdio_usb/stdio_usb.c.obj
 *fill*         0x100081b3        0x1 
 .rodata.__bi_188.0
                0x100081b4        0xc CMakeFiles/i2c_bus_scan.dir/C_/Users/giova/Pico_SDK_v1.5.0/pico-sdk/src/rp2_common/pico_stdio_usb/stdio_usb.c.obj
 .rodata.__func__.1
                0x100081c0        0xf CMakeFiles/i2c_bus_scan.dir/C_/Users/giova/Pico_SDK_v1.5.0/pico-sdk/src/rp2_common/pico_stdio_usb/stdio_usb.c.obj
 *fill*         0x100081cf        0x1 
 .rodata.__func__.3
                0x100081d0       0x15 CMakeFiles/i2c_bus_scan.dir/C_/Users/giova/Pico_SDK_v1.5.0/pico-sdk/src/rp2_common/pico_stdio_usb/stdio_usb.c.obj
 *fill*         0x100081e5        0x3 
 .rodata.str1.4
                0x100081e8       0x2a CMakeFiles/i2c_bus_scan.dir/C_/Users/giova/Pico_SDK_v1.5.0/pico-sdk/src/rp2_common/pico_stdio_usb/stdio_usb_descriptors.c.obj
 *fill*         0x10008212        0x2 
 .rodata.usbd_desc_cfg
                0x10008214       0x54 CMakeFiles/i2c_bus_scan.dir/C_/Users/giova/Pico_SDK_v1.5.0/pico-sdk/src/rp2_common/pico_stdio_usb/stdio_usb_descriptors.c.obj
 .rodata.usbd_desc_device
                0x10008268       0x12 CMakeFiles/i2c_bus_scan.dir/C_/Users/giova/Pico_SDK_v1.5.0/pico-sdk/src/rp2_common/pico_stdio_usb/stdio_usb_descriptors.c.obj
 *fill*         0x1000827a        0x2 
 .rodata.usbd_desc_str
                0x1000827c       0x18 CMakeFiles/i2c_bus_scan.dir/C_/Users/giova/Pico_SDK_v1.5.0/pico-sdk/src/rp2_common/pico_stdio_usb/stdio_usb_descriptors.c.obj
 .rodata.pico_get_unique_board_id_string.str1.4
                0x10008294       0x5a CMakeFiles/i2c_bus_scan.dir/C_/Users/giova/Pico_SDK_v1.5.0/pico-sdk/src/rp2_common/pico_unique_id/unique_id.c.obj
 *fill*         0x100082ee        0x2 
 .rodata.__func__.0
                0x100082f0       0x20 CMakeFiles/i2c_bus_scan.dir/C_/Users/giova/Pico_SDK_v1.5.0/pico-sdk/src/rp2_common/pico_unique_id/unique_id.c.obj
 .rodata.str1.4
                0x10008310      0x166 CMakeFiles/i2c_bus_scan.dir/C_/Users/giova/Pico_SDK_v1.5.0/pico-sdk/src/rp2_common/hardware_flash/flash.c.obj
 *fill*         0x10008476        0x2 
 .rodata.__func__.0
                0x10008478        0xd CMakeFiles/i2c_bus_scan.dir/C_/Users/giova/Pico_SDK_v1.5.0/pico-sdk/src/rp2_common/hardware_flash/flash.c.obj
 *fill*         0x10008485        0x3 
 .rodata._hw_endpoint_alloc.str1.4
                0x10008488       0xc5 CMakeFiles/i2c_bus_scan.dir/C_/Users/giova/Pico_SDK_v1.5.0/pico-sdk/lib/tinyusb/src/portable/raspberrypi/rp2040/dcd_rp2040.c.obj
 *fill*         0x1000854d        0x3 
 .rodata.str1.4
                0x10008550       0x14 CMakeFiles/i2c_bus_scan.dir/C_/Users/giova/Pico_SDK_v1.5.0/pico-sdk/lib/tinyusb/src/portable/raspberrypi/rp2040/dcd_rp2040.c.obj
 .rodata.dcd_int_enable.str1.4
                0x10008564        0xc CMakeFiles/i2c_bus_scan.dir/C_/Users/giova/Pico_SDK_v1.5.0/pico-sdk/lib/tinyusb/src/portable/raspberrypi/rp2040/dcd_rp2040.c.obj
 .rodata.__func__.0
                0x10008570        0xe CMakeFiles/i2c_bus_scan.dir/C_/Users/giova/Pico_SDK_v1.5.0/pico-sdk/lib/tinyusb/src/portable/raspberrypi/rp2040/dcd_rp2040.c.obj
 *fill*         0x1000857e        0x2 
 .rodata.__func__.1
                0x10008580        0xe CMakeFiles/i2c_bus_scan.dir/C_/Users/giova/Pico_SDK_v1.5.0/pico-sdk/lib/tinyusb/src/portable/raspberrypi/rp2040/dcd_rp2040.c.obj
 *fill*         0x1000858e        0x2 
 .rodata.__func__.3
                0x10008590       0x10 CMakeFiles/i2c_bus_scan.dir/C_/Users/giova/Pico_SDK_v1.5.0/pico-sdk/lib/tinyusb/src/portable/raspberrypi/rp2040/dcd_rp2040.c.obj
 .rodata.__func__.5
                0x100085a0        0xf CMakeFiles/i2c_bus_scan.dir/C_/Users/giova/Pico_SDK_v1.5.0/pico-sdk/lib/tinyusb/src/portable/raspberrypi/rp2040/dcd_rp2040.c.obj
 *fill*         0x100085af        0x1 
 .rodata.__func__.6
                0x100085b0       0x13 CMakeFiles/i2c_bus_scan.dir/C_/Users/giova/Pico_SDK_v1.5.0/pico-sdk/lib/tinyusb/src/portable/raspberrypi/rp2040/dcd_rp2040.c.obj
 *fill*         0x100085c3        0x1 
 .rodata.__func__.7
                0x100085c4        0x9 CMakeFiles/i2c_bus_scan.dir/C_/Users/giova/Pico_SDK_v1.5.0/pico-sdk/lib/tinyusb/src/portable/raspberrypi/rp2040/dcd_rp2040.c.obj
 *fill*         0x100085cd        0x3 
 .rodata.str1.4
                0x100085d0       0xf7 CMakeFiles/i2c_bus_scan.dir/C_/Users/giova/Pico_SDK_v1.5.0/pico-sdk/lib/tinyusb/src/portable/raspberrypi/rp2040/rp2040_usb.c.obj
 *fill*         0x100086c7        0x1 
 .rodata.__func__.0
                0x100086c8        0xf CMakeFiles/i2c_bus_scan.dir/C_/Users/giova/Pico_SDK_v1.5.0/pico-sdk/lib/tinyusb/src/portable/raspberrypi/rp2040/rp2040_usb.c.obj
 *fill*         0x100086d7        0x1 
 .rodata.process_get_descriptor
                0x100086d8       0x40 CMakeFiles/i2c_bus_scan.dir/C_/Users/giova/Pico_SDK_v1.5.0/pico-sdk/lib/tinyusb/src/device/usbd.c.obj
 .rodata.process_control_request
                0x10008718       0x28 CMakeFiles/i2c_bus_scan.dir/C_/Users/giova/Pico_SDK_v1.5.0/pico-sdk/lib/tinyusb/src/device/usbd.c.obj
 .rodata.tud_task_ext
                0x10008740       0x24 CMakeFiles/i2c_bus_scan.dir/C_/Users/giova/Pico_SDK_v1.5.0/pico-sdk/lib/tinyusb/src/device/usbd.c.obj
 .rodata._usbd_driver
                0x10008764       0x18 CMakeFiles/i2c_bus_scan.dir/C_/Users/giova/Pico_SDK_v1.5.0/pico-sdk/lib/tinyusb/src/device/usbd.c.obj
 .rodata.i2c_set_baudrate.str1.4
                0x1000877c       0x6a CMakeFiles/i2c_bus_scan.dir/C_/Users/giova/Pico_SDK_v1.5.0/pico-sdk/src/rp2_common/hardware_i2c/i2c.c.obj
 *fill*         0x100087e6        0x2 
 .rodata.__func__.0
                0x100087e8       0x11 CMakeFiles/i2c_bus_scan.dir/C_/Users/giova/Pico_SDK_v1.5.0/pico-sdk/src/rp2_common/hardware_i2c/i2c.c.obj
                0x100087fc                . = ALIGN (0x4)
 *fill*         0x100087f9        0x3 
 *(SORT_BY_ALIGNMENT(SORT_BY_NAME(.flashdata*)))
                0x100087fc                . = ALIGN (0x4)

.rel.dyn        0x100087fc        0x0
 .rel.iplt      0x100087fc        0x0 c:/users/giova/picosd~1.0/gcc-ar~1/bin/../lib/gcc/arm-none-eabi/10.3.1/thumb/v6-m/nofp/crtbegin.o

.ARM.extab
 *(.ARM.extab* .gnu.linkonce.armextab.*)
                0x100087fc                __exidx_start = .

.ARM.exidx
 *(.ARM.exidx* .gnu.linkonce.armexidx.*)
                0x100087fc                __exidx_end = .
                0x100087fc                . = ALIGN (0x4)
                0x100087fc                __binary_info_start = .

.binary_info    0x100087fc       0x24
 *(.binary_info.keep.*)
 .binary_info.keep.__bi_ptr54
                0x100087fc        0x4 CMakeFiles/i2c_bus_scan.dir/bus_scan.c.obj
 .binary_info.keep.__bi_ptr22
                0x10008800        0x4 CMakeFiles/i2c_bus_scan.dir/C_/Users/giova/Pico_SDK_v1.5.0/pico-sdk/src/rp2_common/pico_standard_link/binary_info.c.obj
 .binary_info.keep.__bi_ptr30
                0x10008804        0x4 CMakeFiles/i2c_bus_scan.dir/C_/Users/giova/Pico_SDK_v1.5.0/pico-sdk/src/rp2_common/pico_standard_link/binary_info.c.obj
 .binary_info.keep.__bi_ptr38
                0x10008808        0x4 CMakeFiles/i2c_bus_scan.dir/C_/Users/giova/Pico_SDK_v1.5.0/pico-sdk/src/rp2_common/pico_standard_link/binary_info.c.obj
 .binary_info.keep.__bi_ptr44
                0x1000880c        0x4 CMakeFiles/i2c_bus_scan.dir/C_/Users/giova/Pico_SDK_v1.5.0/pico-sdk/src/rp2_common/pico_standard_link/binary_info.c.obj
 .binary_info.keep.__bi_ptr50
                0x10008810        0x4 CMakeFiles/i2c_bus_scan.dir/C_/Users/giova/Pico_SDK_v1.5.0/pico-sdk/src/rp2_common/pico_standard_link/binary_info.c.obj
 .binary_info.keep.__bi_ptr75
                0x10008814        0x4 CMakeFiles/i2c_bus_scan.dir/C_/Users/giova/Pico_SDK_v1.5.0/pico-sdk/src/rp2_common/pico_standard_link/binary_info.c.obj
 .binary_info.keep.__bi_ptr81
                0x10008818        0x4 CMakeFiles/i2c_bus_scan.dir/C_/Users/giova/Pico_SDK_v1.5.0/pico-sdk/src/rp2_common/pico_standard_link/binary_info.c.obj
 *(.binary_info.*)
 .binary_info.__bi_ptr188
                0x1000881c        0x4 CMakeFiles/i2c_bus_scan.dir/C_/Users/giova/Pico_SDK_v1.5.0/pico-sdk/src/rp2_common/pico_stdio_usb/stdio_usb.c.obj
                0x10008820                __binary_info_end = .
                0x10008820                . = ALIGN (0x4)
                0x10008820                __etext = .

.ram_vector_table
                0x20000000       0xc0
 *(.ram_vector_table)
 .ram_vector_table
                0x20000000       0xc0 CMakeFiles/i2c_bus_scan.dir/C_/Users/giova/Pico_SDK_v1.5.0/pico-sdk/src/rp2_common/pico_runtime/runtime.c.obj
                0x20000000                ram_vector_table

.data           0x200000c0      0xbe8 load address 0x10008820
                0x200000c0                __data_start__ = .
 *(vtable)
 *(.time_critical*)
 .time_critical.mutex_try_enter
                0x200000c0       0x46 CMakeFiles/i2c_bus_scan.dir/C_/Users/giova/Pico_SDK_v1.5.0/pico-sdk/src/common/pico_sync/mutex.c.obj
                0x200000c0                mutex_try_enter
 *fill*         0x20000106        0x2 
 .time_critical.mutex_enter_block_until
                0x20000108       0x8c CMakeFiles/i2c_bus_scan.dir/C_/Users/giova/Pico_SDK_v1.5.0/pico-sdk/src/common/pico_sync/mutex.c.obj
                0x20000108                mutex_enter_block_until
 .time_critical.mutex_try_enter_block_until
                0x20000194       0x34 CMakeFiles/i2c_bus_scan.dir/C_/Users/giova/Pico_SDK_v1.5.0/pico-sdk/src/common/pico_sync/mutex.c.obj
                0x20000194                mutex_try_enter_block_until
 .time_critical.mutex_enter_timeout_ms
                0x200001c8       0x68 CMakeFiles/i2c_bus_scan.dir/C_/Users/giova/Pico_SDK_v1.5.0/pico-sdk/src/common/pico_sync/mutex.c.obj
                0x200001c8                mutex_enter_timeout_ms
 .time_critical.mutex_exit
                0x20000230       0x4c CMakeFiles/i2c_bus_scan.dir/C_/Users/giova/Pico_SDK_v1.5.0/pico-sdk/src/common/pico_sync/mutex.c.obj
                0x20000230                mutex_exit
 .time_critical.flash_init_boot2_copyout
                0x2000027c       0x30 CMakeFiles/i2c_bus_scan.dir/C_/Users/giova/Pico_SDK_v1.5.0/pico-sdk/src/rp2_common/hardware_flash/flash.c.obj
 .time_critical.flash_enable_xip_via_boot2
                0x200002ac       0x10 CMakeFiles/i2c_bus_scan.dir/C_/Users/giova/Pico_SDK_v1.5.0/pico-sdk/src/rp2_common/hardware_flash/flash.c.obj
 .time_critical.flash_cs_force
                0x200002bc       0x28 CMakeFiles/i2c_bus_scan.dir/C_/Users/giova/Pico_SDK_v1.5.0/pico-sdk/src/rp2_common/hardware_flash/flash.c.obj
 .time_critical.flash_do_cmd
                0x200002e4       0xd8 CMakeFiles/i2c_bus_scan.dir/C_/Users/giova/Pico_SDK_v1.5.0/pico-sdk/src/rp2_common/hardware_flash/flash.c.obj
                0x200002e4                flash_do_cmd
 .time_critical.reset_non_control_endpoints
                0x200003bc       0x40 CMakeFiles/i2c_bus_scan.dir/C_/Users/giova/Pico_SDK_v1.5.0/pico-sdk/lib/tinyusb/src/portable/raspberrypi/rp2040/dcd_rp2040.c.obj
 .time_critical.hw_handle_buff_status
                0x200003fc       0xa4 CMakeFiles/i2c_bus_scan.dir/C_/Users/giova/Pico_SDK_v1.5.0/pico-sdk/lib/tinyusb/src/portable/raspberrypi/rp2040/dcd_rp2040.c.obj
 .time_critical.dcd_rp2040_irq
                0x200004a0      0x1cc CMakeFiles/i2c_bus_scan.dir/C_/Users/giova/Pico_SDK_v1.5.0/pico-sdk/lib/tinyusb/src/portable/raspberrypi/rp2040/dcd_rp2040.c.obj
 .time_critical.e15_is_bulkin_ep
                0x2000066c       0x2c CMakeFiles/i2c_bus_scan.dir/C_/Users/giova/Pico_SDK_v1.5.0/pico-sdk/lib/tinyusb/src/portable/raspberrypi/rp2040/rp2040_usb.c.obj
 .time_critical.e15_is_critical_frame_period
                0x20000698       0x30 CMakeFiles/i2c_bus_scan.dir/C_/Users/giova/Pico_SDK_v1.5.0/pico-sdk/lib/tinyusb/src/portable/raspberrypi/rp2040/rp2040_usb.c.obj
 .time_critical.prepare_ep_buffer
                0x200006c8       0x70 CMakeFiles/i2c_bus_scan.dir/C_/Users/giova/Pico_SDK_v1.5.0/pico-sdk/lib/tinyusb/src/portable/raspberrypi/rp2040/rp2040_usb.c.obj
 .time_critical.sync_ep_buffer
                0x20000738       0x80 CMakeFiles/i2c_bus_scan.dir/C_/Users/giova/Pico_SDK_v1.5.0/pico-sdk/lib/tinyusb/src/portable/raspberrypi/rp2040/rp2040_usb.c.obj
 .time_critical._hw_endpoint_xfer_sync
                0x200007b8       0x28 CMakeFiles/i2c_bus_scan.dir/C_/Users/giova/Pico_SDK_v1.5.0/pico-sdk/lib/tinyusb/src/portable/raspberrypi/rp2040/rp2040_usb.c.obj
 .time_critical.hw_endpoint_reset_transfer
                0x200007e0        0xc CMakeFiles/i2c_bus_scan.dir/C_/Users/giova/Pico_SDK_v1.5.0/pico-sdk/lib/tinyusb/src/portable/raspberrypi/rp2040/rp2040_usb.c.obj
                0x200007e0                hw_endpoint_reset_transfer
 .time_critical._hw_endpoint_buffer_control_update32
                0x200007ec       0x58 CMakeFiles/i2c_bus_scan.dir/C_/Users/giova/Pico_SDK_v1.5.0/pico-sdk/lib/tinyusb/src/portable/raspberrypi/rp2040/rp2040_usb.c.obj
                0x200007ec                _hw_endpoint_buffer_control_update32
 .time_critical.hw_endpoint_start_next_buffer
                0x20000844       0x88 CMakeFiles/i2c_bus_scan.dir/C_/Users/giova/Pico_SDK_v1.5.0/pico-sdk/lib/tinyusb/src/portable/raspberrypi/rp2040/rp2040_usb.c.obj
                0x20000844                hw_endpoint_start_next_buffer
 .time_critical.hw_endpoint_xfer_continue
                0x200008cc       0x50 CMakeFiles/i2c_bus_scan.dir/C_/Users/giova/Pico_SDK_v1.5.0/pico-sdk/lib/tinyusb/src/portable/raspberrypi/rp2040/rp2040_usb.c.obj
                0x200008cc                hw_endpoint_xfer_continue
 .time_critical.tinyusb
                0x2000091c      0x1ec CMakeFiles/i2c_bus_scan.dir/C_/Users/giova/Pico_SDK_v1.5.0/pico-sdk/lib/tinyusb/src/device/usbd.c.obj
                0x2000091c                dcd_event_handler
 *(.text*)
 .text          0x20000b08        0x4 c:/users/giova/picosd~1.0/gcc-ar~1/bin/../lib/gcc/arm-none-eabi/10.3.1/thumb/v6-m/nofp\libgcc.a(_dvmd_tls.o)
                0x20000b08                __aeabi_idiv0
                0x20000b08                __aeabi_ldiv0
 *fill*         0x20000b0c        0x4 
 .text.__stub   0x20000b10       0x90 linker stubs
                0x20000ba0                . = ALIGN (0x4)
 *(.rodata*)
                0x20000ba0                . = ALIGN (0x4)
 *(.data*)
 .data.striped_spin_lock_num
                0x20000ba0        0x1 CMakeFiles/i2c_bus_scan.dir/C_/Users/giova/Pico_SDK_v1.5.0/pico-sdk/src/rp2_common/hardware_sync/sync.c.obj
 *fill*         0x20000ba1        0x3 
 .data          0x20000ba4       0x48 CMakeFiles/i2c_bus_scan.dir/C_/Users/giova/Pico_SDK_v1.5.0/pico-sdk/src/rp2_common/hardware_irq/irq_handler_chain.S.obj
                0x20000ba4                irq_handler_chain_slots
                0x20000bd4                irq_handler_chain_first_slot
                0x20000bde                irq_handler_chain_remove_tail
 .data.default_alarm_pool
                0x20000bec       0x18 CMakeFiles/i2c_bus_scan.dir/C_/Users/giova/Pico_SDK_v1.5.0/pico-sdk/src/common/pico_time/time.c.obj
 .data.default_alarm_pool_heap
                0x20000c04       0x10 CMakeFiles/i2c_bus_scan.dir/C_/Users/giova/Pico_SDK_v1.5.0/pico-sdk/src/common/pico_time/time.c.obj
 *fill*         0x20000c14        0xc 
 .data.aeabi_bits_funcs
                0x20000c20       0x10 CMakeFiles/i2c_bus_scan.dir/C_/Users/giova/Pico_SDK_v1.5.0/pico-sdk/src/rp2_common/pico_bit_ops/bit_ops_aeabi.S.obj
                0x20000c20                aeabi_bits_funcs
                0x20000c30                aeabi_bits_funcs_end
 .data.aeabi_mem_funcs
                0x20000c30       0x10 CMakeFiles/i2c_bus_scan.dir/C_/Users/giova/Pico_SDK_v1.5.0/pico-sdk/src/rp2_common/pico_mem_ops/mem_ops_aeabi.S.obj
                0x20000c30                aeabi_mem_funcs
                0x20000c40                aeabi_mem_funcs_end
 .data.stdio_usb
                0x20000c40       0x18 CMakeFiles/i2c_bus_scan.dir/C_/Users/giova/Pico_SDK_v1.5.0/pico-sdk/src/rp2_common/pico_stdio_usb/stdio_usb.c.obj
                0x20000c40                stdio_usb
 .data.ep_dir_string
                0x20000c58        0x8 CMakeFiles/i2c_bus_scan.dir/C_/Users/giova/Pico_SDK_v1.5.0/pico-sdk/lib/tinyusb/src/portable/raspberrypi/rp2040/rp2040_usb.c.obj
                0x20000c58                ep_dir_string
 .data._usbd_qdef
                0x20000c60       0x1c CMakeFiles/i2c_bus_scan.dir/C_/Users/giova/Pico_SDK_v1.5.0/pico-sdk/lib/tinyusb/src/device/usbd.c.obj
                0x20000c60                _usbd_qdef
 .data._usbd_rhport
                0x20000c7c        0x1 CMakeFiles/i2c_bus_scan.dir/C_/Users/giova/Pico_SDK_v1.5.0/pico-sdk/lib/tinyusb/src/device/usbd.c.obj
 *fill*         0x20000c7d        0x3 
 .data.i2c0_inst
                0x20000c80        0x8 CMakeFiles/i2c_bus_scan.dir/C_/Users/giova/Pico_SDK_v1.5.0/pico-sdk/src/rp2_common/hardware_i2c/i2c.c.obj
                0x20000c80                i2c0_inst
                0x20000c88                . = ALIGN (0x4)
 *(.after_data.*)
                0x20000c88                . = ALIGN (0x4)
                0x20000c88                PROVIDE (__mutex_array_start = .)
 *(SORT_BY_NAME(.mutex_array.*))
 *(.mutex_array)
 .mutex_array   0x20000c88        0x8 CMakeFiles/i2c_bus_scan.dir/C_/Users/giova/Pico_SDK_v1.5.0/pico-sdk/src/rp2_common/pico_stdio/stdio.c.obj
                0x20000c90                PROVIDE (__mutex_array_end = .)
                0x20000c90                . = ALIGN (0x4)
                0x20000c90                PROVIDE (__preinit_array_start = .)
 *(SORT_BY_NAME(.preinit_array.*))
 .preinit_array.00001
                0x20000c90        0x4 CMakeFiles/i2c_bus_scan.dir/C_/Users/giova/Pico_SDK_v1.5.0/pico-sdk/src/rp2_common/pico_mem_ops/mem_ops_aeabi.S.obj
 .preinit_array.00010
                0x20000c94        0x4 CMakeFiles/i2c_bus_scan.dir/C_/Users/giova/Pico_SDK_v1.5.0/pico-sdk/src/rp2_common/pico_bit_ops/bit_ops_aeabi.S.obj
 .preinit_array.00020
                0x20000c98        0x4 CMakeFiles/i2c_bus_scan.dir/C_/Users/giova/Pico_SDK_v1.5.0/pico-sdk/src/rp2_common/pico_double/double_aeabi.S.obj
 .preinit_array.00020
                0x20000c9c        0x4 CMakeFiles/i2c_bus_scan.dir/C_/Users/giova/Pico_SDK_v1.5.0/pico-sdk/src/rp2_common/pico_float/float_aeabi.S.obj
 *(.preinit_array)
                0x20000ca0                PROVIDE (__preinit_array_end = .)
                0x20000ca0                . = ALIGN (0x4)
                0x20000ca0                PROVIDE (__init_array_start = .)
 *(SORT_BY_NAME(.init_array.*))
 *(.init_array)
 .init_array    0x20000ca0        0x4 c:/users/giova/picosd~1.0/gcc-ar~1/bin/../lib/gcc/arm-none-eabi/10.3.1/thumb/v6-m/nofp/crtbegin.o